[2023-10-12T07:19:20.199+0000][257][gc] Using G1
[2023-10-12T07:19:20.208+0000][257][gc,init] Version: 17.0.1+12 (release)
[2023-10-12T07:19:20.209+0000][257][gc,init] CPUs: 12 total, 12 available
[2023-10-12T07:19:20.209+0000][257][gc,init] Memory: 18576M
[2023-10-12T07:19:20.210+0000][257][gc,init] Large Page Support: Disabled
[2023-10-12T07:19:20.211+0000][257][gc,init] NUMA Support: Disabled
[2023-10-12T07:19:20.211+0000][257][gc,init] Compressed Oops: Enabled (32-bit)
[2023-10-12T07:19:20.212+0000][257][gc,init] Heap Region Size: 1M
[2023-10-12T07:19:20.212+0000][257][gc,init] Heap Min Capacity: 512M
[2023-10-12T07:19:20.213+0000][257][gc,init] Heap Initial Capacity: 512M
[2023-10-12T07:19:20.213+0000][257][gc,init] Heap Max Capacity: 512M
[2023-10-12T07:19:20.214+0000][257][gc,init] Pre-touch: Disabled
[2023-10-12T07:19:20.214+0000][257][gc,init] Parallel Workers: 10
[2023-10-12T07:19:20.214+0000][257][gc,init] Concurrent Workers: 3
[2023-10-12T07:19:20.215+0000][257][gc,init] Concurrent Refinement Workers: 10
[2023-10-12T07:19:20.215+0000][257][gc,init] Periodic GC: Disabled
[2023-10-12T07:19:20.215+0000][257][gc,metaspace] CDS archive(s) not mapped
[2023-10-12T07:19:20.216+0000][257][gc,metaspace] Compressed class space mapped at: 0x0000000100000000-0x0000000140000000, reserved size: 1073741824
[2023-10-12T07:19:20.216+0000][257][gc,metaspace] Narrow klass base: 0x0000000000000000, Narrow klass shift: 3, Narrow klass range: 0x140000000
[2023-10-12T07:19:20.336+0000][257][gc,heap,exit] Heap
[2023-10-12T07:19:20.336+0000][257][gc,heap,exit]  garbage-first heap   total 524288K, used 2048K [0x00000000e0000000, 0x0000000100000000)
[2023-10-12T07:19:20.336+0000][257][gc,heap,exit]   region size 1024K, 2 young (2048K), 0 survivors (0K)
[2023-10-12T07:19:20.336+0000][257][gc,heap,exit]  Metaspace       used 3477K, committed 3584K, reserved 1056768K
[2023-10-12T07:19:20.337+0000][257][gc,heap,exit]   class space    used 277K, committed 320K, reserved 1048576K
