[2023-10-12T07:26:43.211+0000][7][gc] Using G1
[2023-10-12T07:26:43.338+0000][7][gc,init] Version: 17.0.1+12 (release)
[2023-10-12T07:26:43.338+0000][7][gc,init] CPUs: 12 total, 12 available
[2023-10-12T07:26:43.339+0000][7][gc,init] Memory: 18576M
[2023-10-12T07:26:43.339+0000][7][gc,init] Large Page Support: Disabled
[2023-10-12T07:26:43.340+0000][7][gc,init] NUMA Support: Disabled
[2023-10-12T07:26:43.340+0000][7][gc,init] Compressed Oops: Enabled (32-bit)
[2023-10-12T07:26:43.341+0000][7][gc,init] Heap Region Size: 4M
[2023-10-12T07:26:43.341+0000][7][gc,init] Heap Min Capacity: 512M
[2023-10-12T07:26:43.342+0000][7][gc,init] Heap Initial Capacity: 512M
[2023-10-12T07:26:43.342+0000][7][gc,init] Heap Max Capacity: 512M
[2023-10-12T07:26:43.343+0000][7][gc,init] Pre-touch: Enabled
[2023-10-12T07:26:43.343+0000][7][gc,init] Parallel Workers: 10
[2023-10-12T07:26:43.344+0000][7][gc,init] Concurrent Workers: 3
[2023-10-12T07:26:43.344+0000][7][gc,init] Concurrent Refinement Workers: 10
[2023-10-12T07:26:43.345+0000][7][gc,init] Periodic GC: Disabled
[2023-10-12T07:26:43.346+0000][7][gc,metaspace] CDS archive(s) mapped at: [0x0000000800000000-0x0000000800bd1000-0x0000000800bd1000), size 12390400, SharedBaseAddress: 0x0000000800000000, ArchiveRelocationMode: 0.
[2023-10-12T07:26:43.346+0000][7][gc,metaspace] Compressed class space mapped at: 0x0000000800c00000-0x0000000840c00000, reserved size: 1073741824
[2023-10-12T07:26:43.347+0000][7][gc,metaspace] Narrow klass base: 0x0000000800000000, Narrow klass shift: 0, Narrow klass range: 0x100000000
[2023-10-12T07:26:43.844+0000][7][safepoint   ] Safepoint "ICBufferFull", Time since last: 485011199 ns, Reaching safepoint: 2285960 ns, At safepoint: 32342 ns, Total: 2318302 ns
[2023-10-12T07:26:43.848+0000][7][safepoint   ] Safepoint "ICBufferFull", Time since last: 4232359 ns, Reaching safepoint: 102346 ns, At safepoint: 5410 ns, Total: 107756 ns
[2023-10-12T07:26:43.895+0000][7][safepoint   ] Safepoint "ICBufferFull", Time since last: 46770196 ns, Reaching safepoint: 143885 ns, At safepoint: 8005 ns, Total: 151890 ns
[2023-10-12T07:26:44.296+0000][7][safepoint   ] Safepoint "ICBufferFull", Time since last: 400665163 ns, Reaching safepoint: 331202 ns, At safepoint: 79232 ns, Total: 410434 ns
[2023-10-12T07:26:44.416+0000][7][gc,start    ] GC(0) Pause Young (Normal) (G1 Evacuation Pause)
[2023-10-12T07:26:44.416+0000][7][gc,task     ] GC(0) Using 10 workers of 10 for evacuation
[2023-10-12T07:26:44.417+0000][7][gc,age      ] GC(0) Desired survivor size 2097152 bytes, new threshold 15 (max threshold 15)
[2023-10-12T07:26:44.421+0000][7][gc,age      ] GC(0) Age table with threshold 15 (max threshold 15)
[2023-10-12T07:26:44.421+0000][7][gc,age      ] GC(0) - age   1:    3893064 bytes,    3893064 total
[2023-10-12T07:26:44.422+0000][7][gc,phases   ] GC(0)   Pre Evacuate Collection Set: 0.3ms
[2023-10-12T07:26:44.422+0000][7][gc,phases   ] GC(0)   Merge Heap Roots: 0.3ms
[2023-10-12T07:26:44.422+0000][7][gc,phases   ] GC(0)   Evacuate Collection Set: 2.3ms
[2023-10-12T07:26:44.422+0000][7][gc,phases   ] GC(0)   Post Evacuate Collection Set: 0.9ms
[2023-10-12T07:26:44.423+0000][7][gc,phases   ] GC(0)   Other: 1.9ms
[2023-10-12T07:26:44.423+0000][7][gc,heap     ] GC(0) Eden regions: 6->0(6)
[2023-10-12T07:26:44.423+0000][7][gc,heap     ] GC(0) Survivor regions: 0->1(1)
[2023-10-12T07:26:44.423+0000][7][gc,heap     ] GC(0) Old regions: 0->0
[2023-10-12T07:26:44.423+0000][7][gc,heap     ] GC(0) Archive regions: 2->2
[2023-10-12T07:26:44.424+0000][7][gc,heap     ] GC(0) Humongous regions: 0->0
[2023-10-12T07:26:44.424+0000][7][gc,metaspace] GC(0) Metaspace: 7472K(7616K)->7472K(7616K) NonClass: 6634K(6720K)->6634K(6720K) Class: 838K(896K)->838K(896K)
[2023-10-12T07:26:44.424+0000][7][gc          ] GC(0) Pause Young (Normal) (G1 Evacuation Pause) 27M->7M(512M) 8.098ms
[2023-10-12T07:26:44.424+0000][7][gc,cpu      ] GC(0) User=0.03s Sys=0.03s Real=0.01s
[2023-10-12T07:26:44.425+0000][7][safepoint   ] Safepoint "G1CollectForAllocation", Time since last: 119739818 ns, Reaching safepoint: 171878 ns, At safepoint: 8704448 ns, Total: 8876326 ns
[2023-10-12T07:26:45.340+0000][7][gc,start    ] GC(1) Pause Young (Normal) (G1 Evacuation Pause)
[2023-10-12T07:26:45.340+0000][7][gc,task     ] GC(1) Using 10 workers of 10 for evacuation
[2023-10-12T07:26:45.341+0000][7][gc,age      ] GC(1) Desired survivor size 2097152 bytes, new threshold 1 (max threshold 15)
[2023-10-12T07:26:45.349+0000][7][gc,age      ] GC(1) Age table with threshold 1 (max threshold 15)
[2023-10-12T07:26:45.350+0000][7][gc,age      ] GC(1) - age   1:    2156040 bytes,    2156040 total
[2023-10-12T07:26:45.351+0000][7][gc,phases   ] GC(1)   Pre Evacuate Collection Set: 0.2ms
[2023-10-12T07:26:45.352+0000][7][gc,phases   ] GC(1)   Merge Heap Roots: 0.3ms
[2023-10-12T07:26:45.352+0000][7][gc,phases   ] GC(1)   Evacuate Collection Set: 5.3ms
[2023-10-12T07:26:45.352+0000][7][gc,phases   ] GC(1)   Post Evacuate Collection Set: 1.7ms
[2023-10-12T07:26:45.353+0000][7][gc,phases   ] GC(1)   Other: 4.0ms
[2023-10-12T07:26:45.353+0000][7][gc,heap     ] GC(1) Eden regions: 6->0(15)
[2023-10-12T07:26:45.353+0000][7][gc,heap     ] GC(1) Survivor regions: 1->1(1)
[2023-10-12T07:26:45.354+0000][7][gc,heap     ] GC(1) Old regions: 0->1
[2023-10-12T07:26:45.354+0000][7][gc,heap     ] GC(1) Archive regions: 2->2
[2023-10-12T07:26:45.355+0000][7][gc,heap     ] GC(1) Humongous regions: 0->0
[2023-10-12T07:26:45.355+0000][7][gc,metaspace] GC(1) Metaspace: 11810K(12032K)->11810K(12032K) NonClass: 10350K(10496K)->10350K(10496K) Class: 1459K(1536K)->1459K(1536K)
[2023-10-12T07:26:45.355+0000][7][gc          ] GC(1) Pause Young (Normal) (G1 Evacuation Pause) 31M->9M(512M) 15.695ms
[2023-10-12T07:26:45.356+0000][7][gc,cpu      ] GC(1) User=0.06s Sys=0.01s Real=0.02s
[2023-10-12T07:26:45.356+0000][7][safepoint   ] Safepoint "G1CollectForAllocation", Time since last: 914753108 ns, Reaching safepoint: 280957 ns, At safepoint: 16610559 ns, Total: 16891516 ns
[2023-10-12T07:26:45.480+0000][7][safepoint   ] Safepoint "ICBufferFull", Time since last: 122918203 ns, Reaching safepoint: 270768 ns, At safepoint: 72138 ns, Total: 342906 ns
[2023-10-12T07:26:46.168+0000][7][safepoint   ] Safepoint "ICBufferFull", Time since last: 688506235 ns, Reaching safepoint: 334980 ns, At safepoint: 59894 ns, Total: 394874 ns
[2023-10-12T07:26:46.504+0000][7][gc,start    ] GC(2) Pause Young (Normal) (G1 Evacuation Pause)
[2023-10-12T07:26:46.504+0000][7][gc,task     ] GC(2) Using 10 workers of 10 for evacuation
[2023-10-12T07:26:46.504+0000][7][gc,age      ] GC(2) Desired survivor size 4194304 bytes, new threshold 15 (max threshold 15)
[2023-10-12T07:26:46.510+0000][7][gc,age      ] GC(2) Age table with threshold 15 (max threshold 15)
[2023-10-12T07:26:46.510+0000][7][gc,age      ] GC(2) - age   1:    1626520 bytes,    1626520 total
[2023-10-12T07:26:46.510+0000][7][gc,age      ] GC(2) - age   2:    2124368 bytes,    3750888 total
[2023-10-12T07:26:46.511+0000][7][gc,phases   ] GC(2)   Pre Evacuate Collection Set: 0.3ms
[2023-10-12T07:26:46.511+0000][7][gc,phases   ] GC(2)   Merge Heap Roots: 0.3ms
[2023-10-12T07:26:46.512+0000][7][gc,phases   ] GC(2)   Evacuate Collection Set: 2.6ms
[2023-10-12T07:26:46.512+0000][7][gc,phases   ] GC(2)   Post Evacuate Collection Set: 2.1ms
[2023-10-12T07:26:46.512+0000][7][gc,phases   ] GC(2)   Other: 2.1ms
[2023-10-12T07:26:46.512+0000][7][gc,heap     ] GC(2) Eden regions: 15->0(73)
[2023-10-12T07:26:46.512+0000][7][gc,heap     ] GC(2) Survivor regions: 1->1(2)
[2023-10-12T07:26:46.512+0000][7][gc,heap     ] GC(2) Old regions: 1->1
[2023-10-12T07:26:46.512+0000][7][gc,heap     ] GC(2) Archive regions: 2->2
[2023-10-12T07:26:46.513+0000][7][gc,heap     ] GC(2) Humongous regions: 0->0
[2023-10-12T07:26:46.513+0000][7][gc,metaspace] GC(2) Metaspace: 15202K(15488K)->15202K(15488K) NonClass: 13412K(13568K)->13412K(13568K) Class: 1790K(1920K)->1790K(1920K)
[2023-10-12T07:26:46.513+0000][7][gc          ] GC(2) Pause Young (Normal) (G1 Evacuation Pause) 69M->11M(512M) 9.350ms
[2023-10-12T07:26:46.513+0000][7][gc,cpu      ] GC(2) User=0.04s Sys=0.00s Real=0.01s
[2023-10-12T07:26:46.514+0000][7][safepoint   ] Safepoint "G1CollectForAllocation", Time since last: 334972790 ns, Reaching safepoint: 317216 ns, At safepoint: 9908539 ns, Total: 10225755 ns
[2023-10-12T07:26:47.482+0000][7][safepoint   ] Safepoint "ICBufferFull", Time since last: 968166572 ns, Reaching safepoint: 299793 ns, At safepoint: 11151 ns, Total: 310944 ns
[2023-10-12T07:26:47.985+0000][7][gc,start    ] GC(3) Pause Young (Normal) (G1 Evacuation Pause)
[2023-10-12T07:26:47.985+0000][7][gc,task     ] GC(3) Using 10 workers of 10 for evacuation
[2023-10-12T07:26:47.985+0000][7][gc,age      ] GC(3) Desired survivor size 20971520 bytes, new threshold 15 (max threshold 15)
[2023-10-12T07:26:47.992+0000][7][gc,age      ] GC(3) Age table with threshold 15 (max threshold 15)
[2023-10-12T07:26:47.993+0000][7][gc,age      ] GC(3) - age   1:    5550040 bytes,    5550040 total
[2023-10-12T07:26:47.993+0000][7][gc,age      ] GC(3) - age   2:    1590784 bytes,    7140824 total
[2023-10-12T07:26:47.993+0000][7][gc,age      ] GC(3) - age   3:    2112784 bytes,    9253608 total
[2023-10-12T07:26:47.993+0000][7][gc,phases   ] GC(3)   Pre Evacuate Collection Set: 0.3ms
[2023-10-12T07:26:47.994+0000][7][gc,phases   ] GC(3)   Merge Heap Roots: 0.3ms
[2023-10-12T07:26:47.994+0000][7][gc,phases   ] GC(3)   Evacuate Collection Set: 4.7ms
[2023-10-12T07:26:47.994+0000][7][gc,phases   ] GC(3)   Post Evacuate Collection Set: 1.4ms
[2023-10-12T07:26:47.994+0000][7][gc,phases   ] GC(3)   Other: 2.2ms
[2023-10-12T07:26:47.995+0000][7][gc,heap     ] GC(3) Eden regions: 73->0(73)
[2023-10-12T07:26:47.995+0000][7][gc,heap     ] GC(3) Survivor regions: 1->3(10)
[2023-10-12T07:26:47.995+0000][7][gc,heap     ] GC(3) Old regions: 1->1
[2023-10-12T07:26:47.995+0000][7][gc,heap     ] GC(3) Archive regions: 2->2
[2023-10-12T07:26:47.996+0000][7][gc,heap     ] GC(3) Humongous regions: 0->0
[2023-10-12T07:26:47.996+0000][7][gc,metaspace] GC(3) Metaspace: 20912K(21312K)->20912K(21312K) NonClass: 18416K(18624K)->18416K(18624K) Class: 2496K(2688K)->2496K(2688K)
[2023-10-12T07:26:47.996+0000][7][gc          ] GC(3) Pause Young (Normal) (G1 Evacuation Pause) 303M->16M(512M) 11.846ms
[2023-10-12T07:26:47.997+0000][7][gc,cpu      ] GC(3) User=0.05s Sys=0.00s Real=0.01s
[2023-10-12T07:26:47.997+0000][7][safepoint   ] Safepoint "G1CollectForAllocation", Time since last: 502155729 ns, Reaching safepoint: 283572 ns, At safepoint: 12679375 ns, Total: 12962947 ns
[2023-10-12T07:26:48.032+0000][7][gc,start    ] GC(4) Pause Young (Concurrent Start) (Metadata GC Threshold)
[2023-10-12T07:26:48.033+0000][7][gc,task     ] GC(4) Using 10 workers of 10 for evacuation
[2023-10-12T07:26:48.033+0000][7][gc,age      ] GC(4) Desired survivor size 20971520 bytes, new threshold 15 (max threshold 15)
[2023-10-12T07:26:48.039+0000][7][gc,age      ] GC(4) Age table with threshold 15 (max threshold 15)
[2023-10-12T07:26:48.039+0000][7][gc,age      ] GC(4) - age   1:     456704 bytes,     456704 total
[2023-10-12T07:26:48.040+0000][7][gc,age      ] GC(4) - age   2:    4333592 bytes,    4790296 total
[2023-10-12T07:26:48.040+0000][7][gc,age      ] GC(4) - age   3:    1590784 bytes,    6381080 total
[2023-10-12T07:26:48.041+0000][7][gc,age      ] GC(4) - age   4:    2112784 bytes,    8493864 total
[2023-10-12T07:26:48.041+0000][7][gc,phases   ] GC(4)   Pre Evacuate Collection Set: 0.3ms
[2023-10-12T07:26:48.041+0000][7][gc,phases   ] GC(4)   Merge Heap Roots: 0.3ms
[2023-10-12T07:26:48.041+0000][7][gc,phases   ] GC(4)   Evacuate Collection Set: 3.9ms
[2023-10-12T07:26:48.042+0000][7][gc,phases   ] GC(4)   Post Evacuate Collection Set: 1.4ms
[2023-10-12T07:26:48.042+0000][7][gc,phases   ] GC(4)   Other: 2.9ms
[2023-10-12T07:26:48.042+0000][7][gc,heap     ] GC(4) Eden regions: 3->0(73)
[2023-10-12T07:26:48.043+0000][7][gc,heap     ] GC(4) Survivor regions: 3->3(10)
[2023-10-12T07:26:48.043+0000][7][gc,heap     ] GC(4) Old regions: 1->1
[2023-10-12T07:26:48.043+0000][7][gc,heap     ] GC(4) Archive regions: 2->2
[2023-10-12T07:26:48.043+0000][7][gc,heap     ] GC(4) Humongous regions: 0->0
[2023-10-12T07:26:48.043+0000][7][gc,metaspace] GC(4) Metaspace: 21096K(21504K)->21096K(21504K) NonClass: 18561K(18752K)->18561K(18752K) Class: 2534K(2752K)->2534K(2752K)
[2023-10-12T07:26:48.044+0000][7][gc          ] GC(4) Pause Young (Concurrent Start) (Metadata GC Threshold) 26M->16M(512M) 11.499ms
[2023-10-12T07:26:48.044+0000][7][gc,cpu      ] GC(4) User=0.04s Sys=0.01s Real=0.01s
[2023-10-12T07:26:48.044+0000][7][gc          ] GC(5) Concurrent Mark Cycle
[2023-10-12T07:26:48.044+0000][7][gc,marking  ] GC(5) Concurrent Clear Claimed Marks
[2023-10-12T07:26:48.044+0000][7][safepoint   ] Safepoint "CollectForMetadataAllocation", Time since last: 34549336 ns, Reaching safepoint: 281198 ns, At safepoint: 12166104 ns, Total: 12447302 ns
[2023-10-12T07:26:48.045+0000][7][gc,marking  ] GC(5) Concurrent Clear Claimed Marks 0.317ms
[2023-10-12T07:26:48.045+0000][7][gc,marking  ] GC(5) Concurrent Scan Root Regions
[2023-10-12T07:26:48.050+0000][7][gc,marking  ] GC(5) Concurrent Scan Root Regions 4.348ms
[2023-10-12T07:26:48.050+0000][7][gc,marking  ] GC(5) Concurrent Mark
[2023-10-12T07:26:48.050+0000][7][gc,marking  ] GC(5) Concurrent Mark From Roots
[2023-10-12T07:26:48.051+0000][7][gc,task     ] GC(5) Using 3 workers of 3 for marking
[2023-10-12T07:26:48.058+0000][7][gc,marking  ] GC(5) Concurrent Mark From Roots 7.276ms
[2023-10-12T07:26:48.058+0000][7][gc,marking  ] GC(5) Concurrent Preclean
[2023-10-12T07:26:48.058+0000][7][gc,marking  ] GC(5) Concurrent Preclean 0.387ms
[2023-10-12T07:26:48.059+0000][7][gc,start    ] GC(5) Pause Remark
[2023-10-12T07:26:48.063+0000][7][gc          ] GC(5) Pause Remark 18M->18M(512M) 3.975ms
[2023-10-12T07:26:48.064+0000][7][gc,cpu      ] GC(5) User=0.04s Sys=0.00s Real=0.01s
[2023-10-12T07:26:48.064+0000][7][safepoint   ] Safepoint "G1Concurrent", Time since last: 14485989 ns, Reaching safepoint: 423168 ns, At safepoint: 4731584 ns, Total: 5154752 ns
[2023-10-12T07:26:48.064+0000][7][gc,marking  ] GC(5) Concurrent Mark 14.147ms
[2023-10-12T07:26:48.065+0000][7][gc,marking  ] GC(5) Concurrent Rebuild Remembered Sets
[2023-10-12T07:26:48.065+0000][7][gc,marking  ] GC(5) Concurrent Rebuild Remembered Sets 0.269ms
[2023-10-12T07:26:48.066+0000][7][gc,start    ] GC(5) Pause Cleanup
[2023-10-12T07:26:48.066+0000][7][gc          ] GC(5) Pause Cleanup 18M->18M(512M) 0.415ms
[2023-10-12T07:26:48.067+0000][7][gc,cpu      ] GC(5) User=0.00s Sys=0.00s Real=0.00s
[2023-10-12T07:26:48.067+0000][7][safepoint   ] Safepoint "G1Concurrent", Time since last: 1306157 ns, Reaching safepoint: 465088 ns, At safepoint: 1473607 ns, Total: 1938695 ns
[2023-10-12T07:26:48.068+0000][7][gc,marking  ] GC(5) Concurrent Cleanup for Next Mark
[2023-10-12T07:26:48.069+0000][7][gc,marking  ] GC(5) Concurrent Cleanup for Next Mark 1.384ms
[2023-10-12T07:26:48.069+0000][7][gc          ] GC(5) Concurrent Mark Cycle 25.360ms
[2023-10-12T07:26:48.193+0000][7][safepoint   ] Safepoint "ICBufferFull", Time since last: 125422780 ns, Reaching safepoint: 312367 ns, At safepoint: 68912 ns, Total: 381279 ns
[2023-10-12T07:26:48.200+0000][7][safepoint   ] Safepoint "ICBufferFull", Time since last: 6532166 ns, Reaching safepoint: 148754 ns, At safepoint: 6473 ns, Total: 155227 ns
[2023-10-12T07:26:48.211+0000][7][safepoint   ] Safepoint "ICBufferFull", Time since last: 10959026 ns, Reaching safepoint: 339910 ns, At safepoint: 15309 ns, Total: 355219 ns
[2023-10-12T07:26:48.213+0000][7][safepoint   ] Safepoint "ICBufferFull", Time since last: 1825870 ns, Reaching safepoint: 363275 ns, At safepoint: 46799 ns, Total: 410074 ns
[2023-10-12T07:26:48.216+0000][7][safepoint   ] Safepoint "ICBufferFull", Time since last: 2388706 ns, Reaching safepoint: 348105 ns, At safepoint: 42371 ns, Total: 390476 ns
[2023-10-12T07:26:48.791+0000][7][gc,start    ] GC(6) Pause Young (Normal) (G1 Evacuation Pause)
[2023-10-12T07:26:48.791+0000][7][gc,task     ] GC(6) Using 10 workers of 10 for evacuation
[2023-10-12T07:26:48.791+0000][7][gc,age      ] GC(6) Desired survivor size 20971520 bytes, new threshold 15 (max threshold 15)
[2023-10-12T07:26:48.797+0000][7][gc,age      ] GC(6) Age table with threshold 15 (max threshold 15)
[2023-10-12T07:26:48.797+0000][7][gc,age      ] GC(6) - age   1:    3785696 bytes,    3785696 total
[2023-10-12T07:26:48.798+0000][7][gc,age      ] GC(6) - age   2:     447512 bytes,    4233208 total
[2023-10-12T07:26:48.798+0000][7][gc,age      ] GC(6) - age   3:    4329384 bytes,    8562592 total
[2023-10-12T07:26:48.798+0000][7][gc,age      ] GC(6) - age   4:    1587440 bytes,   10150032 total
[2023-10-12T07:26:48.798+0000][7][gc,age      ] GC(6) - age   5:    2110816 bytes,   12260848 total
[2023-10-12T07:26:48.798+0000][7][gc,phases   ] GC(6)   Pre Evacuate Collection Set: 0.3ms
[2023-10-12T07:26:48.799+0000][7][gc,phases   ] GC(6)   Merge Heap Roots: 0.2ms
[2023-10-12T07:26:48.799+0000][7][gc,phases   ] GC(6)   Evacuate Collection Set: 3.7ms
[2023-10-12T07:26:48.799+0000][7][gc,phases   ] GC(6)   Post Evacuate Collection Set: 1.2ms
[2023-10-12T07:26:48.799+0000][7][gc,phases   ] GC(6)   Other: 2.4ms
[2023-10-12T07:26:48.799+0000][7][gc,heap     ] GC(6) Eden regions: 73->0(72)
[2023-10-12T07:26:48.799+0000][7][gc,heap     ] GC(6) Survivor regions: 3->4(10)
[2023-10-12T07:26:48.800+0000][7][gc,heap     ] GC(6) Old regions: 1->1
[2023-10-12T07:26:48.800+0000][7][gc,heap     ] GC(6) Archive regions: 2->2
[2023-10-12T07:26:48.800+0000][7][gc,heap     ] GC(6) Humongous regions: 0->0
[2023-10-12T07:26:48.800+0000][7][gc,metaspace] GC(6) Metaspace: 23081K(23616K)->23081K(23616K) NonClass: 20286K(20608K)->20286K(20608K) Class: 2794K(3008K)->2794K(3008K)
[2023-10-12T07:26:48.800+0000][7][gc          ] GC(6) Pause Young (Normal) (G1 Evacuation Pause) 308M->20M(512M) 9.522ms
[2023-10-12T07:26:48.800+0000][7][gc,cpu      ] GC(6) User=0.05s Sys=0.01s Real=0.01s
[2023-10-12T07:26:48.801+0000][7][safepoint   ] Safepoint "G1CollectForAllocation", Time since last: 574479357 ns, Reaching safepoint: 260527 ns, At safepoint: 9960880 ns, Total: 10221407 ns
[2023-10-12T07:26:49.366+0000][7][safepoint   ] Safepoint "ICBufferFull", Time since last: 564946666 ns, Reaching safepoint: 379926 ns, At safepoint: 6122 ns, Total: 386048 ns
[2023-10-12T07:26:49.587+0000][7][gc,start    ] GC(7) Pause Young (Normal) (G1 Evacuation Pause)
[2023-10-12T07:26:49.588+0000][7][gc,task     ] GC(7) Using 10 workers of 10 for evacuation
[2023-10-12T07:26:49.588+0000][7][gc,age      ] GC(7) Desired survivor size 20971520 bytes, new threshold 15 (max threshold 15)
[2023-10-12T07:26:49.597+0000][7][gc,age      ] GC(7) Age table with threshold 15 (max threshold 15)
[2023-10-12T07:26:49.598+0000][7][gc,age      ] GC(7) - age   1:    3030792 bytes,    3030792 total
[2023-10-12T07:26:49.598+0000][7][gc,age      ] GC(7) - age   2:    3041808 bytes,    6072600 total
[2023-10-12T07:26:49.598+0000][7][gc,age      ] GC(7) - age   3:     444712 bytes,    6517312 total
[2023-10-12T07:26:49.598+0000][7][gc,age      ] GC(7) - age   4:    4325056 bytes,   10842368 total
[2023-10-12T07:26:49.599+0000][7][gc,age      ] GC(7) - age   5:    1565080 bytes,   12407448 total
[2023-10-12T07:26:49.599+0000][7][gc,age      ] GC(7) - age   6:    2105264 bytes,   14512712 total
[2023-10-12T07:26:49.599+0000][7][gc,phases   ] GC(7)   Pre Evacuate Collection Set: 0.3ms
[2023-10-12T07:26:49.599+0000][7][gc,phases   ] GC(7)   Merge Heap Roots: 0.3ms
[2023-10-12T07:26:49.600+0000][7][gc,phases   ] GC(7)   Evacuate Collection Set: 6.3ms
[2023-10-12T07:26:49.600+0000][7][gc,phases   ] GC(7)   Post Evacuate Collection Set: 1.8ms
[2023-10-12T07:26:49.600+0000][7][gc,phases   ] GC(7)   Other: 2.9ms
[2023-10-12T07:26:49.600+0000][7][gc,heap     ] GC(7) Eden regions: 72->0(72)
[2023-10-12T07:26:49.601+0000][7][gc,heap     ] GC(7) Survivor regions: 4->4(10)
[2023-10-12T07:26:49.601+0000][7][gc,heap     ] GC(7) Old regions: 1->1
[2023-10-12T07:26:49.601+0000][7][gc,heap     ] GC(7) Archive regions: 2->2
[2023-10-12T07:26:49.602+0000][7][gc,heap     ] GC(7) Humongous regions: 0->0
[2023-10-12T07:26:49.602+0000][7][gc,metaspace] GC(7) Metaspace: 28103K(28736K)->28103K(28736K) NonClass: 24712K(25088K)->24712K(25088K) Class: 3390K(3648K)->3390K(3648K)
[2023-10-12T07:26:49.603+0000][7][gc          ] GC(7) Pause Young (Normal) (G1 Evacuation Pause) 308M->22M(512M) 15.084ms
[2023-10-12T07:26:49.603+0000][7][gc,cpu      ] GC(7) User=0.09s Sys=0.00s Real=0.02s
[2023-10-12T07:26:49.603+0000][7][safepoint   ] Safepoint "G1CollectForAllocation", Time since last: 220958776 ns, Reaching safepoint: 503502 ns, At safepoint: 15826881 ns, Total: 16330383 ns
[2023-10-12T07:26:50.234+0000][7][gc,start    ] GC(8) Pause Young (Normal) (G1 Evacuation Pause)
[2023-10-12T07:26:50.235+0000][7][gc,task     ] GC(8) Using 10 workers of 10 for evacuation
[2023-10-12T07:26:50.235+0000][7][gc,age      ] GC(8) Desired survivor size 20971520 bytes, new threshold 15 (max threshold 15)
[2023-10-12T07:26:50.242+0000][7][gc,age      ] GC(8) Age table with threshold 15 (max threshold 15)
[2023-10-12T07:26:50.243+0000][7][gc,age      ] GC(8) - age   1:    3906272 bytes,    3906272 total
[2023-10-12T07:26:50.243+0000][7][gc,age      ] GC(8) - age   2:    3011680 bytes,    6917952 total
[2023-10-12T07:26:50.243+0000][7][gc,age      ] GC(8) - age   3:    3040416 bytes,    9958368 total
[2023-10-12T07:26:50.243+0000][7][gc,age      ] GC(8) - age   4:     444712 bytes,   10403080 total
[2023-10-12T07:26:50.244+0000][7][gc,age      ] GC(8) - age   5:    4324760 bytes,   14727840 total
[2023-10-12T07:26:50.244+0000][7][gc,age      ] GC(8) - age   6:    1564512 bytes,   16292352 total
[2023-10-12T07:26:50.244+0000][7][gc,age      ] GC(8) - age   7:    2105264 bytes,   18397616 total
[2023-10-12T07:26:50.244+0000][7][gc,phases   ] GC(8)   Pre Evacuate Collection Set: 0.3ms
[2023-10-12T07:26:50.245+0000][7][gc,phases   ] GC(8)   Merge Heap Roots: 0.2ms
[2023-10-12T07:26:50.245+0000][7][gc,phases   ] GC(8)   Evacuate Collection Set: 5.2ms
[2023-10-12T07:26:50.245+0000][7][gc,phases   ] GC(8)   Post Evacuate Collection Set: 1.6ms
[2023-10-12T07:26:50.245+0000][7][gc,phases   ] GC(8)   Other: 2.9ms
[2023-10-12T07:26:50.246+0000][7][gc,heap     ] GC(8) Eden regions: 72->0(71)
[2023-10-12T07:26:50.246+0000][7][gc,heap     ] GC(8) Survivor regions: 4->5(10)
[2023-10-12T07:26:50.246+0000][7][gc,heap     ] GC(8) Old regions: 1->1
[2023-10-12T07:26:50.246+0000][7][gc,heap     ] GC(8) Archive regions: 2->2
[2023-10-12T07:26:50.246+0000][7][gc,heap     ] GC(8) Humongous regions: 0->0
[2023-10-12T07:26:50.247+0000][7][gc,metaspace] GC(8) Metaspace: 29217K(29824K)->29217K(29824K) NonClass: 25666K(26048K)->25666K(26048K) Class: 3551K(3776K)->3551K(3776K)
[2023-10-12T07:26:50.247+0000][7][gc          ] GC(8) Pause Young (Normal) (G1 Evacuation Pause) 310M->26M(512M) 12.772ms
[2023-10-12T07:26:50.247+0000][7][gc,cpu      ] GC(8) User=0.05s Sys=0.00s Real=0.01s
[2023-10-12T07:26:50.247+0000][7][safepoint   ] Safepoint "G1CollectForAllocation", Time since last: 630538337 ns, Reaching safepoint: 370498 ns, At safepoint: 13290673 ns, Total: 13661171 ns
[2023-10-12T07:26:50.493+0000][7][gc,start    ] GC(9) Pause Young (Normal) (G1 Evacuation Pause)
[2023-10-12T07:26:50.493+0000][7][gc,task     ] GC(9) Using 10 workers of 10 for evacuation
[2023-10-12T07:26:50.494+0000][7][gc,age      ] GC(9) Desired survivor size 20971520 bytes, new threshold 15 (max threshold 15)
[2023-10-12T07:26:50.500+0000][7][gc,age      ] GC(9) Age table with threshold 15 (max threshold 15)
[2023-10-12T07:26:50.500+0000][7][gc,age      ] GC(9) - age   1:    1423784 bytes,    1423784 total
[2023-10-12T07:26:50.501+0000][7][gc,age      ] GC(9) - age   2:    2544680 bytes,    3968464 total
[2023-10-12T07:26:50.501+0000][7][gc,age      ] GC(9) - age   3:    3011144 bytes,    6979608 total
[2023-10-12T07:26:50.501+0000][7][gc,age      ] GC(9) - age   4:    3039584 bytes,   10019192 total
[2023-10-12T07:26:50.501+0000][7][gc,age      ] GC(9) - age   5:     444584 bytes,   10463776 total
[2023-10-12T07:26:50.501+0000][7][gc,age      ] GC(9) - age   6:    4303016 bytes,   14766792 total
[2023-10-12T07:26:50.502+0000][7][gc,age      ] GC(9) - age   7:    1563488 bytes,   16330280 total
[2023-10-12T07:26:50.502+0000][7][gc,age      ] GC(9) - age   8:    2101200 bytes,   18431480 total
[2023-10-12T07:26:50.502+0000][7][gc,phases   ] GC(9)   Pre Evacuate Collection Set: 0.2ms
[2023-10-12T07:26:50.502+0000][7][gc,phases   ] GC(9)   Merge Heap Roots: 0.2ms
[2023-10-12T07:26:50.502+0000][7][gc,phases   ] GC(9)   Evacuate Collection Set: 4.4ms
[2023-10-12T07:26:50.502+0000][7][gc,phases   ] GC(9)   Post Evacuate Collection Set: 1.1ms
[2023-10-12T07:26:50.503+0000][7][gc,phases   ] GC(9)   Other: 3.1ms
[2023-10-12T07:26:50.503+0000][7][gc,heap     ] GC(9) Eden regions: 71->0(71)
[2023-10-12T07:26:50.503+0000][7][gc,heap     ] GC(9) Survivor regions: 5->5(10)
[2023-10-12T07:26:50.503+0000][7][gc,heap     ] GC(9) Old regions: 1->1
[2023-10-12T07:26:50.504+0000][7][gc,heap     ] GC(9) Archive regions: 2->2
[2023-10-12T07:26:50.504+0000][7][gc,heap     ] GC(9) Humongous regions: 0->0
[2023-10-12T07:26:50.504+0000][7][gc,metaspace] GC(9) Metaspace: 29469K(30144K)->29469K(30144K) NonClass: 25871K(26304K)->25871K(26304K) Class: 3597K(3840K)->3597K(3840K)
[2023-10-12T07:26:50.504+0000][7][gc          ] GC(9) Pause Young (Normal) (G1 Evacuation Pause) 310M->26M(512M) 11.107ms
[2023-10-12T07:26:50.504+0000][7][gc,cpu      ] GC(9) User=0.04s Sys=0.00s Real=0.01s
[2023-10-12T07:26:50.504+0000][7][safepoint   ] Safepoint "G1CollectForAllocation", Time since last: 245019766 ns, Reaching safepoint: 425683 ns, At safepoint: 11613859 ns, Total: 12039542 ns
[2023-10-12T07:26:51.177+0000][7][safepoint   ] Safepoint "ICBufferFull", Time since last: 672163989 ns, Reaching safepoint: 552466 ns, At safepoint: 12143 ns, Total: 564609 ns
[2023-10-12T07:26:51.179+0000][7][safepoint   ] Safepoint "ICBufferFull", Time since last: 1399495 ns, Reaching safepoint: 207647 ns, At safepoint: 3997 ns, Total: 211644 ns
[2023-10-12T07:26:51.180+0000][7][safepoint   ] Safepoint "ICBufferFull", Time since last: 1265088 ns, Reaching safepoint: 261019 ns, At safepoint: 4800 ns, Total: 265819 ns
[2023-10-12T07:26:51.182+0000][7][safepoint   ] Safepoint "ICBufferFull", Time since last: 1050868 ns, Reaching safepoint: 219870 ns, At safepoint: 5611 ns, Total: 225481 ns
[2023-10-12T07:26:51.345+0000][7][gc,start    ] GC(10) Pause Young (Concurrent Start) (Metadata GC Threshold)
[2023-10-12T07:26:51.346+0000][7][gc,task     ] GC(10) Using 10 workers of 10 for evacuation
[2023-10-12T07:26:51.346+0000][7][gc,age      ] GC(10) Desired survivor size 20971520 bytes, new threshold 15 (max threshold 15)
[2023-10-12T07:26:51.354+0000][7][gc,age      ] GC(10) Age table with threshold 15 (max threshold 15)
[2023-10-12T07:26:51.355+0000][7][gc,age      ] GC(10) - age   1:    2361912 bytes,    2361912 total
[2023-10-12T07:26:51.355+0000][7][gc,age      ] GC(10) - age   2:     627704 bytes,    2989616 total
[2023-10-12T07:26:51.355+0000][7][gc,age      ] GC(10) - age   3:    2524552 bytes,    5514168 total
[2023-10-12T07:26:51.355+0000][7][gc,age      ] GC(10) - age   4:    2994952 bytes,    8509120 total
[2023-10-12T07:26:51.355+0000][7][gc,age      ] GC(10) - age   5:    3020552 bytes,   11529672 total
[2023-10-12T07:26:51.355+0000][7][gc,age      ] GC(10) - age   6:     443344 bytes,   11973016 total
[2023-10-12T07:26:51.356+0000][7][gc,age      ] GC(10) - age   7:    4260656 bytes,   16233672 total
[2023-10-12T07:26:51.356+0000][7][gc,age      ] GC(10) - age   8:    1531576 bytes,   17765248 total
[2023-10-12T07:26:51.356+0000][7][gc,age      ] GC(10) - age   9:    2100880 bytes,   19866128 total
[2023-10-12T07:26:51.356+0000][7][gc,phases   ] GC(10)   Pre Evacuate Collection Set: 0.4ms
[2023-10-12T07:26:51.356+0000][7][gc,phases   ] GC(10)   Merge Heap Roots: 0.3ms
[2023-10-12T07:26:51.356+0000][7][gc,phases   ] GC(10)   Evacuate Collection Set: 6.3ms
[2023-10-12T07:26:51.357+0000][7][gc,phases   ] GC(10)   Post Evacuate Collection Set: 1.3ms
[2023-10-12T07:26:51.357+0000][7][gc,phases   ] GC(10)   Other: 2.8ms
[2023-10-12T07:26:51.357+0000][7][gc,heap     ] GC(10) Eden regions: 22->0(70)
[2023-10-12T07:26:51.357+0000][7][gc,heap     ] GC(10) Survivor regions: 5->6(10)
[2023-10-12T07:26:51.357+0000][7][gc,heap     ] GC(10) Old regions: 1->1
[2023-10-12T07:26:51.357+0000][7][gc,heap     ] GC(10) Archive regions: 2->2
[2023-10-12T07:26:51.357+0000][7][gc,heap     ] GC(10) Humongous regions: 0->0
[2023-10-12T07:26:51.357+0000][7][gc,metaspace] GC(10) Metaspace: 35327K(36096K)->35327K(36096K) NonClass: 30925K(31360K)->30925K(31360K) Class: 4401K(4736K)->4401K(4736K)
[2023-10-12T07:26:51.358+0000][7][gc          ] GC(10) Pause Young (Concurrent Start) (Metadata GC Threshold) 112M->28M(512M) 12.461ms
[2023-10-12T07:26:51.358+0000][7][gc,cpu      ] GC(10) User=0.07s Sys=0.00s Real=0.01s
[2023-10-12T07:26:51.358+0000][7][gc          ] GC(11) Concurrent Mark Cycle
[2023-10-12T07:26:51.358+0000][7][gc,marking  ] GC(11) Concurrent Clear Claimed Marks
[2023-10-12T07:26:51.358+0000][7][safepoint   ] Safepoint "CollectForMetadataAllocation", Time since last: 163040813 ns, Reaching safepoint: 393953 ns, At safepoint: 12880840 ns, Total: 13274793 ns
[2023-10-12T07:26:51.358+0000][7][gc,marking  ] GC(11) Concurrent Clear Claimed Marks 0.233ms
[2023-10-12T07:26:51.359+0000][7][gc,marking  ] GC(11) Concurrent Scan Root Regions
[2023-10-12T07:26:51.361+0000][7][gc,marking  ] GC(11) Concurrent Scan Root Regions 2.619ms
[2023-10-12T07:26:51.362+0000][7][gc,marking  ] GC(11) Concurrent Mark
[2023-10-12T07:26:51.362+0000][7][gc,marking  ] GC(11) Concurrent Mark From Roots
[2023-10-12T07:26:51.362+0000][7][gc,task     ] GC(11) Using 3 workers of 3 for marking
[2023-10-12T07:26:51.365+0000][7][gc,marking  ] GC(11) Concurrent Mark From Roots 2.918ms
[2023-10-12T07:26:51.365+0000][7][gc,marking  ] GC(11) Concurrent Preclean
[2023-10-12T07:26:51.365+0000][7][gc,marking  ] GC(11) Concurrent Preclean 0.208ms
[2023-10-12T07:26:51.366+0000][7][gc,start    ] GC(11) Pause Remark
[2023-10-12T07:26:51.368+0000][7][gc          ] GC(11) Pause Remark 30M->30M(512M) 2.453ms
[2023-10-12T07:26:51.369+0000][7][gc,cpu      ] GC(11) User=0.02s Sys=0.00s Real=0.00s
[2023-10-12T07:26:51.369+0000][7][safepoint   ] Safepoint "G1Concurrent", Time since last: 7468846 ns, Reaching safepoint: 461862 ns, At safepoint: 3081681 ns, Total: 3543543 ns
[2023-10-12T07:26:51.369+0000][7][gc,marking  ] GC(11) Concurrent Mark 7.612ms
[2023-10-12T07:26:51.369+0000][7][gc,marking  ] GC(11) Concurrent Rebuild Remembered Sets
[2023-10-12T07:26:51.370+0000][7][gc,marking  ] GC(11) Concurrent Rebuild Remembered Sets 0.213ms
[2023-10-12T07:26:51.370+0000][7][gc,start    ] GC(11) Pause Cleanup
[2023-10-12T07:26:51.370+0000][7][gc          ] GC(11) Pause Cleanup 30M->30M(512M) 0.234ms
[2023-10-12T07:26:51.370+0000][7][gc,cpu      ] GC(11) User=0.00s Sys=0.00s Real=0.00s
[2023-10-12T07:26:51.371+0000][7][safepoint   ] Safepoint "G1Concurrent", Time since last: 839043 ns, Reaching safepoint: 206445 ns, At safepoint: 623632 ns, Total: 830077 ns
[2023-10-12T07:26:51.371+0000][7][gc,marking  ] GC(11) Concurrent Cleanup for Next Mark
[2023-10-12T07:26:51.372+0000][7][gc,marking  ] GC(11) Concurrent Cleanup for Next Mark 1.132ms
[2023-10-12T07:26:51.372+0000][7][gc          ] GC(11) Concurrent Mark Cycle 14.581ms
[2023-10-12T07:26:51.971+0000][7][safepoint   ] Safepoint "ICBufferFull", Time since last: 600288659 ns, Reaching safepoint: 309231 ns, At safepoint: 31289 ns, Total: 340520 ns
[2023-10-12T07:26:52.854+0000][7][safepoint   ] Safepoint "ICBufferFull", Time since last: 882837315 ns, Reaching safepoint: 381169 ns, At safepoint: 8185 ns, Total: 389354 ns
[2023-10-12T07:26:53.593+0000][7][gc,start    ] GC(12) Pause Young (Normal) (G1 Evacuation Pause)
[2023-10-12T07:26:53.593+0000][7][gc,task     ] GC(12) Using 10 workers of 10 for evacuation
[2023-10-12T07:26:53.594+0000][7][gc,age      ] GC(12) Desired survivor size 20971520 bytes, new threshold 15 (max threshold 15)
[2023-10-12T07:26:53.610+0000][7][gc,age      ] GC(12) Age table with threshold 15 (max threshold 15)
[2023-10-12T07:26:53.610+0000][7][gc,age      ] GC(12) - age   1:   17643656 bytes,   17643656 total
[2023-10-12T07:26:53.611+0000][7][gc,age      ] GC(12) - age   2:    2291528 bytes,   19935184 total
[2023-10-12T07:26:53.611+0000][7][gc,age      ] GC(12) - age   3:     625992 bytes,   20561176 total
[2023-10-12T07:26:53.611+0000][7][gc,age      ] GC(12) - age   4:    2523552 bytes,   23084728 total
[2023-10-12T07:26:53.612+0000][7][gc,age      ] GC(12) - age   5:    2993880 bytes,   26078608 total
[2023-10-12T07:26:53.612+0000][7][gc,age      ] GC(12) - age   6:    3016504 bytes,   29095112 total
[2023-10-12T07:26:53.612+0000][7][gc,age      ] GC(12) - age   7:     443104 bytes,   29538216 total
[2023-10-12T07:26:53.612+0000][7][gc,age      ] GC(12) - age   8:    4256632 bytes,   33794848 total
[2023-10-12T07:26:53.612+0000][7][gc,age      ] GC(12) - age   9:    1518512 bytes,   35313360 total
[2023-10-12T07:26:53.613+0000][7][gc,age      ] GC(12) - age  10:    2097200 bytes,   37410560 total
[2023-10-12T07:26:53.613+0000][7][gc,phases   ] GC(12)   Pre Evacuate Collection Set: 0.3ms
[2023-10-12T07:26:53.613+0000][7][gc,phases   ] GC(12)   Merge Heap Roots: 0.2ms
[2023-10-12T07:26:53.613+0000][7][gc,phases   ] GC(12)   Evacuate Collection Set: 13.4ms
[2023-10-12T07:26:53.613+0000][7][gc,phases   ] GC(12)   Post Evacuate Collection Set: 2.1ms
[2023-10-12T07:26:53.614+0000][7][gc,phases   ] GC(12)   Other: 3.9ms
[2023-10-12T07:26:53.614+0000][7][gc,heap     ] GC(12) Eden regions: 70->0(66)
[2023-10-12T07:26:53.614+0000][7][gc,heap     ] GC(12) Survivor regions: 6->10(10)
[2023-10-12T07:26:53.614+0000][7][gc,heap     ] GC(12) Old regions: 1->1
[2023-10-12T07:26:53.614+0000][7][gc,heap     ] GC(12) Archive regions: 2->2
[2023-10-12T07:26:53.615+0000][7][gc,heap     ] GC(12) Humongous regions: 0->0
[2023-10-12T07:26:53.615+0000][7][gc,metaspace] GC(12) Metaspace: 44348K(45504K)->44348K(45504K) NonClass: 38629K(39232K)->38629K(39232K) Class: 5718K(6272K)->5718K(6272K)
[2023-10-12T07:26:53.615+0000][7][gc          ] GC(12) Pause Young (Normal) (G1 Evacuation Pause) 308M->44M(512M) 22.081ms
[2023-10-12T07:26:53.615+0000][7][gc,cpu      ] GC(12) User=0.16s Sys=0.01s Real=0.02s
[2023-10-12T07:26:53.615+0000][7][safepoint   ] Safepoint "G1CollectForAllocation", Time since last: 737947366 ns, Reaching safepoint: 464738 ns, At safepoint: 22593215 ns, Total: 23057953 ns
[2023-10-12T07:26:54.483+0000][7][safepoint   ] Safepoint "ICBufferFull", Time since last: 866673029 ns, Reaching safepoint: 429621 ns, At safepoint: 38083 ns, Total: 467704 ns
[2023-10-12T07:26:54.947+0000][7][safepoint   ] Safepoint "ICBufferFull", Time since last: 464030227 ns, Reaching safepoint: 510836 ns, At safepoint: 12134 ns, Total: 522970 ns
[2023-10-12T07:26:55.280+0000][7][gc,start    ] GC(13) Pause Young (Normal) (G1 Evacuation Pause)
[2023-10-12T07:26:55.281+0000][7][gc,task     ] GC(13) Using 10 workers of 10 for evacuation
[2023-10-12T07:26:55.281+0000][7][gc,age      ] GC(13) Desired survivor size 20971520 bytes, new threshold 4 (max threshold 15)
[2023-10-12T07:26:55.301+0000][7][gc,age      ] GC(13) Age table with threshold 4 (max threshold 15)
[2023-10-12T07:26:55.301+0000][7][gc,age      ] GC(13) - age   1:    5613216 bytes,    5613216 total
[2023-10-12T07:26:55.302+0000][7][gc,age      ] GC(13) - age   2:   17451704 bytes,   23064920 total
[2023-10-12T07:26:55.302+0000][7][gc,age      ] GC(13) - age   3:    2275880 bytes,   25340800 total
[2023-10-12T07:26:55.302+0000][7][gc,age      ] GC(13) - age   4:     587552 bytes,   25928352 total
[2023-10-12T07:26:55.302+0000][7][gc,phases   ] GC(13)   Pre Evacuate Collection Set: 0.3ms
[2023-10-12T07:26:55.303+0000][7][gc,phases   ] GC(13)   Merge Heap Roots: 0.2ms
[2023-10-12T07:26:55.303+0000][7][gc,phases   ] GC(13)   Evacuate Collection Set: 16.0ms
[2023-10-12T07:26:55.303+0000][7][gc,phases   ] GC(13)   Post Evacuate Collection Set: 2.6ms
[2023-10-12T07:26:55.304+0000][7][gc,phases   ] GC(13)   Other: 2.9ms
[2023-10-12T07:26:55.304+0000][7][gc,heap     ] GC(13) Eden regions: 66->0(69)
[2023-10-12T07:26:55.304+0000][7][gc,heap     ] GC(13) Survivor regions: 10->7(10)
[2023-10-12T07:26:55.304+0000][7][gc,heap     ] GC(13) Old regions: 1->5
[2023-10-12T07:26:55.305+0000][7][gc,heap     ] GC(13) Archive regions: 2->2
[2023-10-12T07:26:55.305+0000][7][gc,heap     ] GC(13) Humongous regions: 0->0
[2023-10-12T07:26:55.305+0000][7][gc,metaspace] GC(13) Metaspace: 57847K(59200K)->57847K(59200K) NonClass: 50038K(50816K)->50038K(50816K) Class: 7809K(8384K)->7809K(8384K)
[2023-10-12T07:26:55.305+0000][7][gc          ] GC(13) Pause Young (Normal) (G1 Evacuation Pause) 308M->51M(512M) 24.672ms
[2023-10-12T07:26:55.305+0000][7][gc,cpu      ] GC(13) User=0.22s Sys=0.00s Real=0.03s
[2023-10-12T07:26:55.306+0000][7][safepoint   ] Safepoint "G1CollectForAllocation", Time since last: 332911108 ns, Reaching safepoint: 328588 ns, At safepoint: 25185238 ns, Total: 25513826 ns
[2023-10-12T07:26:55.589+0000][7][gc,start    ] GC(14) Pause Young (Concurrent Start) (Metadata GC Threshold)
[2023-10-12T07:26:55.590+0000][7][gc,task     ] GC(14) Using 10 workers of 10 for evacuation
[2023-10-12T07:26:55.590+0000][7][gc,age      ] GC(14) Desired survivor size 20971520 bytes, new threshold 2 (max threshold 15)
[2023-10-12T07:26:55.604+0000][7][gc,age      ] GC(14) Age table with threshold 2 (max threshold 15)
[2023-10-12T07:26:55.605+0000][7][gc,age      ] GC(14) - age   1:     479584 bytes,     479584 total
[2023-10-12T07:26:55.605+0000][7][gc,age      ] GC(14) - age   2:    5469512 bytes,    5949096 total
[2023-10-12T07:26:55.605+0000][7][gc,phases   ] GC(14)   Pre Evacuate Collection Set: 0.4ms
[2023-10-12T07:26:55.605+0000][7][gc,phases   ] GC(14)   Merge Heap Roots: 0.3ms
[2023-10-12T07:26:55.605+0000][7][gc,phases   ] GC(14)   Evacuate Collection Set: 11.3ms
[2023-10-12T07:26:55.605+0000][7][gc,phases   ] GC(14)   Post Evacuate Collection Set: 1.8ms
[2023-10-12T07:26:55.606+0000][7][gc,phases   ] GC(14)   Other: 1.9ms
[2023-10-12T07:26:55.606+0000][7][gc,heap     ] GC(14) Eden regions: 11->0(74)
[2023-10-12T07:26:55.606+0000][7][gc,heap     ] GC(14) Survivor regions: 7->2(10)
[2023-10-12T07:26:55.606+0000][7][gc,heap     ] GC(14) Old regions: 5->10
[2023-10-12T07:26:55.607+0000][7][gc,heap     ] GC(14) Archive regions: 2->2
[2023-10-12T07:26:55.607+0000][7][gc,heap     ] GC(14) Humongous regions: 0->0
[2023-10-12T07:26:55.607+0000][7][gc,metaspace] GC(14) Metaspace: 58967K(60288K)->58967K(60288K) NonClass: 50915K(51648K)->50915K(51648K) Class: 8052K(8640K)->8052K(8640K)
[2023-10-12T07:26:55.608+0000][7][gc          ] GC(14) Pause Young (Concurrent Start) (Metadata GC Threshold) 95M->51M(512M) 18.220ms
[2023-10-12T07:26:55.608+0000][7][gc,cpu      ] GC(14) User=0.15s Sys=0.01s Real=0.02s
[2023-10-12T07:26:55.608+0000][7][gc          ] GC(15) Concurrent Mark Cycle
[2023-10-12T07:26:55.608+0000][7][safepoint   ] Safepoint "CollectForMetadataAllocation", Time since last: 283326654 ns, Reaching safepoint: 312378 ns, At safepoint: 18845700 ns, Total: 19158078 ns
[2023-10-12T07:26:55.608+0000][7][gc,marking  ] GC(15) Concurrent Clear Claimed Marks
[2023-10-12T07:26:55.609+0000][7][gc,marking  ] GC(15) Concurrent Clear Claimed Marks 0.765ms
[2023-10-12T07:26:55.610+0000][7][gc,marking  ] GC(15) Concurrent Scan Root Regions
[2023-10-12T07:26:55.620+0000][7][gc,marking  ] GC(15) Concurrent Scan Root Regions 10.811ms
[2023-10-12T07:26:55.621+0000][7][gc,marking  ] GC(15) Concurrent Mark
[2023-10-12T07:26:55.621+0000][7][gc,marking  ] GC(15) Concurrent Mark From Roots
[2023-10-12T07:26:55.622+0000][7][gc,task     ] GC(15) Using 3 workers of 3 for marking
[2023-10-12T07:26:55.633+0000][7][gc,marking  ] GC(15) Concurrent Mark From Roots 12.064ms
[2023-10-12T07:26:55.634+0000][7][gc,marking  ] GC(15) Concurrent Preclean
[2023-10-12T07:26:55.634+0000][7][gc,marking  ] GC(15) Concurrent Preclean 0.504ms
[2023-10-12T07:26:55.635+0000][7][gc,start    ] GC(15) Pause Remark
[2023-10-12T07:26:55.645+0000][7][gc          ] GC(15) Pause Remark 53M->53M(512M) 9.629ms
[2023-10-12T07:26:55.645+0000][7][gc,cpu      ] GC(15) User=0.08s Sys=0.00s Real=0.01s
[2023-10-12T07:26:55.646+0000][7][safepoint   ] Safepoint "G1Concurrent", Time since last: 26726325 ns, Reaching safepoint: 415504 ns, At safepoint: 10294797 ns, Total: 10710301 ns
[2023-10-12T07:26:55.646+0000][7][gc,marking  ] GC(15) Concurrent Mark 25.041ms
[2023-10-12T07:26:55.646+0000][7][gc,marking  ] GC(15) Concurrent Rebuild Remembered Sets
[2023-10-12T07:26:55.647+0000][7][gc,marking  ] GC(15) Concurrent Rebuild Remembered Sets 0.519ms
[2023-10-12T07:26:55.649+0000][7][gc,start    ] GC(15) Pause Cleanup
[2023-10-12T07:26:55.649+0000][7][gc          ] GC(15) Pause Cleanup 55M->55M(512M) 0.467ms
[2023-10-12T07:26:55.649+0000][7][gc,cpu      ] GC(15) User=0.00s Sys=0.00s Real=0.00s
[2023-10-12T07:26:55.650+0000][7][safepoint   ] Safepoint "G1Concurrent", Time since last: 1882508 ns, Reaching safepoint: 1207598 ns, At safepoint: 1172522 ns, Total: 2380120 ns
[2023-10-12T07:26:55.650+0000][7][gc,marking  ] GC(15) Concurrent Cleanup for Next Mark
[2023-10-12T07:26:55.652+0000][7][gc,marking  ] GC(15) Concurrent Cleanup for Next Mark 1.342ms
[2023-10-12T07:26:55.652+0000][7][gc          ] GC(15) Concurrent Mark Cycle 44.113ms
[2023-10-12T07:26:56.149+0000][7][safepoint   ] Safepoint "ICBufferFull", Time since last: 499138372 ns, Reaching safepoint: 373093 ns, At safepoint: 27432 ns, Total: 400525 ns
[2023-10-12T07:26:56.836+0000][7][safepoint   ] Safepoint "ICBufferFull", Time since last: 685559763 ns, Reaching safepoint: 609996 ns, At safepoint: 9248 ns, Total: 619244 ns
[2023-10-12T07:26:57.837+0000][7][safepoint   ] Safepoint "Cleanup", Time since last: 1000653426 ns, Reaching safepoint: 429902 ns, At safepoint: 31240 ns, Total: 461142 ns
[2023-10-12T07:26:58.871+0000][7][safepoint   ] Safepoint "Cleanup", Time since last: 1032220753 ns, Reaching safepoint: 2340564 ns, At safepoint: 54023 ns, Total: 2394587 ns
[2023-10-12T07:26:59.659+0000][7][safepoint   ] Safepoint "ICBufferFull", Time since last: 787591825 ns, Reaching safepoint: 400225 ns, At safepoint: 30348 ns, Total: 430573 ns
[2023-10-12T07:27:00.277+0000][7][gc,start    ] GC(16) Pause Young (Normal) (G1 Evacuation Pause)
[2023-10-12T07:27:00.277+0000][7][gc,task     ] GC(16) Using 10 workers of 10 for evacuation
[2023-10-12T07:27:00.278+0000][7][gc,age      ] GC(16) Desired survivor size 20971520 bytes, new threshold 15 (max threshold 15)
[2023-10-12T07:27:00.292+0000][7][gc,age      ] GC(16) Age table with threshold 15 (max threshold 15)
[2023-10-12T07:27:00.293+0000][7][gc,age      ] GC(16) - age   1:   15224432 bytes,   15224432 total
[2023-10-12T07:27:00.293+0000][7][gc,age      ] GC(16) - age   2:     447312 bytes,   15671744 total
[2023-10-12T07:27:00.293+0000][7][gc,age      ] GC(16) - age   3:    5442584 bytes,   21114328 total
[2023-10-12T07:27:00.293+0000][7][gc,phases   ] GC(16)   Pre Evacuate Collection Set: 0.3ms
[2023-10-12T07:27:00.293+0000][7][gc,phases   ] GC(16)   Merge Heap Roots: 0.3ms
[2023-10-12T07:27:00.294+0000][7][gc,phases   ] GC(16)   Evacuate Collection Set: 10.7ms
[2023-10-12T07:27:00.294+0000][7][gc,phases   ] GC(16)   Post Evacuate Collection Set: 2.6ms
[2023-10-12T07:27:00.294+0000][7][gc,phases   ] GC(16)   Other: 2.6ms
[2023-10-12T07:27:00.294+0000][7][gc,heap     ] GC(16) Eden regions: 74->0(70)
[2023-10-12T07:27:00.294+0000][7][gc,heap     ] GC(16) Survivor regions: 2->6(10)
[2023-10-12T07:27:00.295+0000][7][gc,heap     ] GC(16) Old regions: 10->10
[2023-10-12T07:27:00.295+0000][7][gc,heap     ] GC(16) Archive regions: 2->2
[2023-10-12T07:27:00.295+0000][7][gc,heap     ] GC(16) Humongous regions: 0->0
[2023-10-12T07:27:00.295+0000][7][gc,metaspace] GC(16) Metaspace: 91151K(92736K)->91151K(92736K) NonClass: 78558K(79488K)->78558K(79488K) Class: 12593K(13248K)->12593K(13248K)
[2023-10-12T07:27:00.296+0000][7][gc          ] GC(16) Pause Young (Normal) (G1 Evacuation Pause) 347M->65M(512M) 18.685ms
[2023-10-12T07:27:00.296+0000][7][gc,cpu      ] GC(16) User=0.09s Sys=0.03s Real=0.02s
[2023-10-12T07:27:00.296+0000][7][safepoint   ] Safepoint "G1CollectForAllocation", Time since last: 617159685 ns, Reaching safepoint: 384325 ns, At safepoint: 19396944 ns, Total: 19781269 ns
[2023-10-12T07:27:01.089+0000][7][safepoint   ] Safepoint "ICBufferFull", Time since last: 792915612 ns, Reaching safepoint: 260698 ns, At safepoint: 74262 ns, Total: 334960 ns
[2023-10-12T07:27:02.146+0000][7][safepoint   ] Safepoint "Cleanup", Time since last: 1056356896 ns, Reaching safepoint: 508762 ns, At safepoint: 40467 ns, Total: 549229 ns
[2023-10-12T07:27:02.201+0000][7][gc,start    ] GC(17) Pause Young (Concurrent Start) (Metadata GC Threshold)
[2023-10-12T07:27:02.202+0000][7][gc,task     ] GC(17) Using 10 workers of 10 for evacuation
[2023-10-12T07:27:02.202+0000][7][gc,age      ] GC(17) Desired survivor size 20971520 bytes, new threshold 3 (max threshold 15)
[2023-10-12T07:27:02.219+0000][7][gc,age      ] GC(17) Age table with threshold 3 (max threshold 15)
[2023-10-12T07:27:02.219+0000][7][gc,age      ] GC(17) - age   1:    3146160 bytes,    3146160 total
[2023-10-12T07:27:02.219+0000][7][gc,age      ] GC(17) - age   2:   14901240 bytes,   18047400 total
[2023-10-12T07:27:02.219+0000][7][gc,age      ] GC(17) - age   3:     446328 bytes,   18493728 total
[2023-10-12T07:27:02.220+0000][7][gc,phases   ] GC(17)   Pre Evacuate Collection Set: 0.5ms
[2023-10-12T07:27:02.220+0000][7][gc,phases   ] GC(17)   Merge Heap Roots: 0.3ms
[2023-10-12T07:27:02.220+0000][7][gc,phases   ] GC(17)   Evacuate Collection Set: 13.4ms
[2023-10-12T07:27:02.220+0000][7][gc,phases   ] GC(17)   Post Evacuate Collection Set: 2.3ms
[2023-10-12T07:27:02.221+0000][7][gc,phases   ] GC(17)   Other: 1.9ms
[2023-10-12T07:27:02.221+0000][7][gc,heap     ] GC(17) Eden regions: 16->0(71)
[2023-10-12T07:27:02.221+0000][7][gc,heap     ] GC(17) Survivor regions: 6->5(10)
[2023-10-12T07:27:02.221+0000][7][gc,heap     ] GC(17) Old regions: 10->12
[2023-10-12T07:27:02.222+0000][7][gc,heap     ] GC(17) Archive regions: 2->2
[2023-10-12T07:27:02.222+0000][7][gc,heap     ] GC(17) Humongous regions: 0->0
[2023-10-12T07:27:02.222+0000][7][gc,metaspace] GC(17) Metaspace: 99108K(100800K)->99108K(100800K) NonClass: 85298K(86272K)->85298K(86272K) Class: 13809K(14528K)->13809K(14528K)
[2023-10-12T07:27:02.223+0000][7][gc          ] GC(17) Pause Young (Concurrent Start) (Metadata GC Threshold) 127M->68M(512M) 21.230ms
[2023-10-12T07:27:02.223+0000][7][gc,cpu      ] GC(17) User=0.15s Sys=0.00s Real=0.02s
[2023-10-12T07:27:02.223+0000][7][gc          ] GC(18) Concurrent Mark Cycle
[2023-10-12T07:27:02.223+0000][7][safepoint   ] Safepoint "CollectForMetadataAllocation", Time since last: 54464463 ns, Reaching safepoint: 361391 ns, At safepoint: 22171839 ns, Total: 22533230 ns
[2023-10-12T07:27:02.224+0000][7][gc,marking  ] GC(18) Concurrent Clear Claimed Marks
[2023-10-12T07:27:02.225+0000][7][gc,marking  ] GC(18) Concurrent Clear Claimed Marks 1.107ms
[2023-10-12T07:27:02.225+0000][7][gc,marking  ] GC(18) Concurrent Scan Root Regions
[2023-10-12T07:27:02.225+0000][7][safepoint   ] Safepoint "CollectForMetadataAllocation", Time since last: 909768 ns, Reaching safepoint: 713053 ns, At safepoint: 287379 ns, Total: 1000432 ns
[2023-10-12T07:27:02.236+0000][7][gc,marking  ] GC(18) Concurrent Scan Root Regions 11.126ms
[2023-10-12T07:27:02.237+0000][7][gc,marking  ] GC(18) Concurrent Mark
[2023-10-12T07:27:02.237+0000][7][gc,marking  ] GC(18) Concurrent Mark From Roots
[2023-10-12T07:27:02.237+0000][7][gc,task     ] GC(18) Using 3 workers of 3 for marking
[2023-10-12T07:27:02.272+0000][7][safepoint   ] Safepoint "CollectForMetadataAllocation", Time since last: 46518234 ns, Reaching safepoint: 476601 ns, At safepoint: 181277 ns, Total: 657878 ns
[2023-10-12T07:27:02.273+0000][7][gc,marking  ] GC(18) Concurrent Mark From Roots 36.003ms
[2023-10-12T07:27:02.273+0000][7][gc,marking  ] GC(18) Concurrent Preclean
[2023-10-12T07:27:02.274+0000][7][gc,marking  ] GC(18) Concurrent Preclean 0.611ms
[2023-10-12T07:27:02.275+0000][7][gc,start    ] GC(18) Pause Remark
[2023-10-12T07:27:02.280+0000][7][gc          ] GC(18) Pause Remark 76M->76M(512M) 5.405ms
[2023-10-12T07:27:02.281+0000][7][gc,cpu      ] GC(18) User=0.02s Sys=0.00s Real=0.00s
[2023-10-12T07:27:02.281+0000][7][safepoint   ] Safepoint "G1Concurrent", Time since last: 1855607 ns, Reaching safepoint: 384184 ns, At safepoint: 6332373 ns, Total: 6716557 ns
[2023-10-12T07:27:02.282+0000][7][gc,marking  ] GC(18) Concurrent Mark 45.034ms
[2023-10-12T07:27:02.282+0000][7][gc,marking  ] GC(18) Concurrent Rebuild Remembered Sets
[2023-10-12T07:27:02.304+0000][7][gc,marking  ] GC(18) Concurrent Rebuild Remembered Sets 22.266ms
[2023-10-12T07:27:02.305+0000][7][gc,start    ] GC(18) Pause Cleanup
[2023-10-12T07:27:02.306+0000][7][gc          ] GC(18) Pause Cleanup 78M->78M(512M) 0.778ms
[2023-10-12T07:27:02.307+0000][7][gc,cpu      ] GC(18) User=0.01s Sys=0.00s Real=0.00s
[2023-10-12T07:27:02.307+0000][7][safepoint   ] Safepoint "G1Concurrent", Time since last: 23761728 ns, Reaching safepoint: 513261 ns, At safepoint: 1609506 ns, Total: 2122767 ns
[2023-10-12T07:27:02.307+0000][7][gc,marking  ] GC(18) Concurrent Cleanup for Next Mark
[2023-10-12T07:27:02.309+0000][7][gc,marking  ] GC(18) Concurrent Cleanup for Next Mark 1.627ms
[2023-10-12T07:27:02.309+0000][7][gc          ] GC(18) Concurrent Mark Cycle 86.197ms
[2023-10-12T07:27:03.308+0000][7][safepoint   ] Safepoint "Cleanup", Time since last: 1000537916 ns, Reaching safepoint: 537848 ns, At safepoint: 42962 ns, Total: 580810 ns
[2023-10-12T07:27:04.309+0000][7][safepoint   ] Safepoint "Cleanup", Time since last: 1000952939 ns, Reaching safepoint: 423139 ns, At safepoint: 20980 ns, Total: 444119 ns
[2023-10-12T07:27:05.592+0000][7][safepoint   ] Safepoint "Cleanup", Time since last: 1282297143 ns, Reaching safepoint: 371290 ns, At safepoint: 137743 ns, Total: 509033 ns
[2023-10-12T07:27:06.888+0000][7][safepoint   ] Safepoint "ICBufferFull", Time since last: 1289083745 ns, Reaching safepoint: 6433257 ns, At safepoint: 263033 ns, Total: 6696290 ns
[2023-10-12T07:27:07.893+0000][7][safepoint   ] Safepoint "Cleanup", Time since last: 1000810136 ns, Reaching safepoint: 3663222 ns, At safepoint: 61166 ns, Total: 3724388 ns
[2023-10-12T07:27:08.894+0000][7][safepoint   ] Safepoint "Cleanup", Time since last: 1000544699 ns, Reaching safepoint: 383172 ns, At safepoint: 91374 ns, Total: 474546 ns
[2023-10-12T07:27:09.909+0000][7][safepoint   ] Safepoint "Cleanup", Time since last: 1000482160 ns, Reaching safepoint: 14841918 ns, At safepoint: 54815 ns, Total: 14896733 ns
[2023-10-12T07:27:10.910+0000][7][safepoint   ] Safepoint "Cleanup", Time since last: 1000626264 ns, Reaching safepoint: 370809 ns, At safepoint: 48773 ns, Total: 419582 ns
[2023-10-12T07:27:11.911+0000][7][safepoint   ] Safepoint "Cleanup", Time since last: 1000526003 ns, Reaching safepoint: 274805 ns, At safepoint: 11923 ns, Total: 286728 ns
[2023-10-12T07:27:13.912+0000][7][safepoint   ] Safepoint "Cleanup", Time since last: 2000730500 ns, Reaching safepoint: 292269 ns, At safepoint: 9438 ns, Total: 301707 ns
[2023-10-12T07:27:16.913+0000][7][safepoint   ] Safepoint "Cleanup", Time since last: 3000732141 ns, Reaching safepoint: 422718 ns, At safepoint: 17013 ns, Total: 439731 ns
[2023-10-12T07:27:17.914+0000][7][safepoint   ] Safepoint "Cleanup", Time since last: 1000678765 ns, Reaching safepoint: 344869 ns, At safepoint: 17864 ns, Total: 362733 ns
[2023-10-12T07:27:18.915+0000][7][safepoint   ] Safepoint "Cleanup", Time since last: 1000876132 ns, Reaching safepoint: 482753 ns, At safepoint: 19647 ns, Total: 502400 ns
[2023-10-12T07:27:20.917+0000][7][safepoint   ] Safepoint "Cleanup", Time since last: 2001156685 ns, Reaching safepoint: 666825 ns, At safepoint: 17584 ns, Total: 684409 ns
[2023-10-12T07:27:30.920+0000][7][safepoint   ] Safepoint "Cleanup", Time since last: 10002376946 ns, Reaching safepoint: 217004 ns, At safepoint: 7234 ns, Total: 224238 ns
[2023-10-12T07:27:32.921+0000][7][safepoint   ] Safepoint "Cleanup", Time since last: 2000868725 ns, Reaching safepoint: 203910 ns, At safepoint: 7524 ns, Total: 211434 ns
[2023-10-12T07:27:33.922+0000][7][safepoint   ] Safepoint "Cleanup", Time since last: 1000471629 ns, Reaching safepoint: 331103 ns, At safepoint: 12384 ns, Total: 343487 ns
[2023-10-12T07:27:37.923+0000][7][safepoint   ] Safepoint "Cleanup", Time since last: 4001104410 ns, Reaching safepoint: 422056 ns, At safepoint: 18526 ns, Total: 440582 ns
[2023-10-12T07:27:40.925+0000][7][safepoint   ] Safepoint "Cleanup", Time since last: 3001204915 ns, Reaching safepoint: 462995 ns, At safepoint: 14407 ns, Total: 477402 ns
[2023-10-12T07:27:44.928+0000][7][safepoint   ] Safepoint "Cleanup", Time since last: 4002121664 ns, Reaching safepoint: 559440 ns, At safepoint: 16932 ns, Total: 576372 ns
[2023-10-12T07:27:45.929+0000][7][safepoint   ] Safepoint "Cleanup", Time since last: 1000756644 ns, Reaching safepoint: 196806 ns, At safepoint: 8236 ns, Total: 205042 ns
[2023-10-12T07:27:47.930+0000][7][safepoint   ] Safepoint "Cleanup", Time since last: 2000876299 ns, Reaching safepoint: 591230 ns, At safepoint: 6452 ns, Total: 597682 ns
[2023-10-12T07:27:48.932+0000][7][safepoint   ] Safepoint "Cleanup", Time since last: 1000609262 ns, Reaching safepoint: 578165 ns, At safepoint: 17494 ns, Total: 595659 ns
[2023-10-12T07:27:55.934+0000][7][safepoint   ] Safepoint "Cleanup", Time since last: 7001614156 ns, Reaching safepoint: 293992 ns, At safepoint: 10881 ns, Total: 304873 ns
[2023-10-12T07:28:02.936+0000][7][safepoint   ] Safepoint "Cleanup", Time since last: 7002431127 ns, Reaching safepoint: 456543 ns, At safepoint: 13987 ns, Total: 470530 ns
[2023-10-12T07:28:07.939+0000][7][safepoint   ] Safepoint "Cleanup", Time since last: 5001612759 ns, Reaching safepoint: 574528 ns, At safepoint: 12684 ns, Total: 587212 ns
[2023-10-12T07:28:09.940+0000][7][safepoint   ] Safepoint "Cleanup", Time since last: 2001188566 ns, Reaching safepoint: 297379 ns, At safepoint: 13886 ns, Total: 311265 ns
[2023-10-12T07:28:13.942+0000][7][safepoint   ] Safepoint "Cleanup", Time since last: 4001057230 ns, Reaching safepoint: 619715 ns, At safepoint: 19918 ns, Total: 639633 ns
[2023-10-12T07:28:15.943+0000][7][safepoint   ] Safepoint "Cleanup", Time since last: 2000823137 ns, Reaching safepoint: 542788 ns, At safepoint: 15359 ns, Total: 558147 ns
[2023-10-12T07:28:31.948+0000][7][safepoint   ] Safepoint "Cleanup", Time since last: 16003911473 ns, Reaching safepoint: 579748 ns, At safepoint: 32582 ns, Total: 612330 ns
[2023-10-12T07:28:32.949+0000][7][safepoint   ] Safepoint "Cleanup", Time since last: 1000733029 ns, Reaching safepoint: 504955 ns, At safepoint: 14067 ns, Total: 519022 ns
[2023-10-12T07:28:36.951+0000][7][safepoint   ] Safepoint "Cleanup", Time since last: 4001937843 ns, Reaching safepoint: 650944 ns, At safepoint: 17744 ns, Total: 668688 ns
[2023-10-12T07:28:56.176+0000][7][gc,start    ] GC(19) Pause Young (Prepare Mixed) (G1 Evacuation Pause)
[2023-10-12T07:28:56.176+0000][7][gc,task     ] GC(19) Using 10 workers of 10 for evacuation
[2023-10-12T07:28:56.177+0000][7][gc,age      ] GC(19) Desired survivor size 20971520 bytes, new threshold 15 (max threshold 15)
[2023-10-12T07:28:56.189+0000][7][gc,age      ] GC(19) Age table with threshold 15 (max threshold 15)
[2023-10-12T07:28:56.189+0000][7][gc,age      ] GC(19) - age   1:    4517504 bytes,    4517504 total
[2023-10-12T07:28:56.189+0000][7][gc,age      ] GC(19) - age   2:    2848600 bytes,    7366104 total
[2023-10-12T07:28:56.189+0000][7][gc,age      ] GC(19) - age   3:   14834448 bytes,   22200552 total
[2023-10-12T07:28:56.190+0000][7][gc,age      ] GC(19) - age   4:     445624 bytes,   22646176 total
[2023-10-12T07:28:56.190+0000][7][gc,phases   ] GC(19)   Pre Evacuate Collection Set: 0.4ms
[2023-10-12T07:28:56.190+0000][7][gc,phases   ] GC(19)   Merge Heap Roots: 0.2ms
[2023-10-12T07:28:56.190+0000][7][gc,phases   ] GC(19)   Evacuate Collection Set: 8.7ms
[2023-10-12T07:28:56.190+0000][7][gc,phases   ] GC(19)   Post Evacuate Collection Set: 2.3ms
[2023-10-12T07:28:56.190+0000][7][gc,phases   ] GC(19)   Other: 2.1ms
[2023-10-12T07:28:56.190+0000][7][gc,heap     ] GC(19) Eden regions: 71->0(1)
[2023-10-12T07:28:56.190+0000][7][gc,heap     ] GC(19) Survivor regions: 5->6(10)
[2023-10-12T07:28:56.191+0000][7][gc,heap     ] GC(19) Old regions: 12->12
[2023-10-12T07:28:56.191+0000][7][gc,heap     ] GC(19) Archive regions: 2->2
[2023-10-12T07:28:56.191+0000][7][gc,heap     ] GC(19) Humongous regions: 2->2
[2023-10-12T07:28:56.191+0000][7][gc,metaspace] GC(19) Metaspace: 107210K(108992K)->107210K(108992K) NonClass: 92187K(93248K)->92187K(93248K) Class: 15022K(15744K)->15022K(15744K)
[2023-10-12T07:28:56.191+0000][7][gc          ] GC(19) Pause Young (Prepare Mixed) (G1 Evacuation Pause) 360M->81M(512M) 15.078ms
[2023-10-12T07:28:56.191+0000][7][gc,cpu      ] GC(19) User=0.09s Sys=0.00s Real=0.01s
[2023-10-12T07:28:56.191+0000][7][safepoint   ] Safepoint "G1CollectForAllocation", Time since last: 19224171594 ns, Reaching safepoint: 207557 ns, At safepoint: 15448749 ns, Total: 15656306 ns
[2023-10-12T07:29:01.198+0000][7][gc,start    ] GC(20) Pause Young (Mixed) (G1 Evacuation Pause)
[2023-10-12T07:29:01.198+0000][7][gc,task     ] GC(20) Using 10 workers of 10 for evacuation
[2023-10-12T07:29:01.199+0000][7][gc,age      ] GC(20) Desired survivor size 2097152 bytes, new threshold 1 (max threshold 15)
[2023-10-12T07:29:01.209+0000][7][gc,age      ] GC(20) Age table with threshold 1 (max threshold 15)
[2023-10-12T07:29:01.210+0000][7][gc,age      ] GC(20) - age   1:       6208 bytes,       6208 total
[2023-10-12T07:29:01.210+0000][7][gc,phases   ] GC(20)   Pre Evacuate Collection Set: 0.2ms
[2023-10-12T07:29:01.210+0000][7][gc,phases   ] GC(20)   Merge Heap Roots: 0.2ms
[2023-10-12T07:29:01.211+0000][7][gc,phases   ] GC(20)   Evacuate Collection Set: 9.1ms
[2023-10-12T07:29:01.211+0000][7][gc,phases   ] GC(20)   Post Evacuate Collection Set: 1.1ms
[2023-10-12T07:29:01.211+0000][7][gc,phases   ] GC(20)   Other: 1.6ms
[2023-10-12T07:29:01.211+0000][7][gc,heap     ] GC(20) Eden regions: 1->0(75)
[2023-10-12T07:29:01.211+0000][7][gc,heap     ] GC(20) Survivor regions: 6->1(1)
[2023-10-12T07:29:01.212+0000][7][gc,heap     ] GC(20) Old regions: 12->17
[2023-10-12T07:29:01.212+0000][7][gc,heap     ] GC(20) Archive regions: 2->2
[2023-10-12T07:29:01.212+0000][7][gc,heap     ] GC(20) Humongous regions: 2->2
[2023-10-12T07:29:01.212+0000][7][gc,metaspace] GC(20) Metaspace: 107213K(108992K)->107213K(108992K) NonClass: 92190K(93248K)->92190K(93248K) Class: 15022K(15744K)->15022K(15744K)
[2023-10-12T07:29:01.212+0000][7][gc          ] GC(20) Pause Young (Mixed) (G1 Evacuation Pause) 85M->81M(512M) 14.244ms
[2023-10-12T07:29:01.212+0000][7][gc,cpu      ] GC(20) User=0.08s Sys=0.00s Real=0.02s
[2023-10-12T07:29:01.212+0000][7][safepoint   ] Safepoint "G1CollectForAllocation", Time since last: 5005989694 ns, Reaching safepoint: 410886 ns, At safepoint: 14598022 ns, Total: 15008908 ns
[2023-10-12T07:29:02.213+0000][7][safepoint   ] Safepoint "Cleanup", Time since last: 1000359495 ns, Reaching safepoint: 302057 ns, At safepoint: 11963 ns, Total: 314020 ns
[2023-10-12T07:29:03.214+0000][7][safepoint   ] Safepoint "Cleanup", Time since last: 1000581398 ns, Reaching safepoint: 432396 ns, At safepoint: 24958 ns, Total: 457354 ns
[2023-10-12T07:29:06.216+0000][7][safepoint   ] Safepoint "Cleanup", Time since last: 3001325265 ns, Reaching safepoint: 212156 ns, At safepoint: 23375 ns, Total: 235531 ns
[2023-10-12T07:29:07.217+0000][7][safepoint   ] Safepoint "Cleanup", Time since last: 1000718681 ns, Reaching safepoint: 581741 ns, At safepoint: 15450 ns, Total: 597191 ns
[2023-10-12T07:29:22.222+0000][7][safepoint   ] Safepoint "Cleanup", Time since last: 15004901256 ns, Reaching safepoint: 435994 ns, At safepoint: 7314 ns, Total: 443308 ns
[2023-10-12T07:29:25.224+0000][7][safepoint   ] Safepoint "Cleanup", Time since last: 3001163676 ns, Reaching safepoint: 562685 ns, At safepoint: 14618 ns, Total: 577303 ns
[2023-10-12T07:29:28.227+0000][7][safepoint   ] Safepoint "Cleanup", Time since last: 3002261354 ns, Reaching safepoint: 584036 ns, At safepoint: 16181 ns, Total: 600217 ns
[2023-10-12T07:29:33.229+0000][7][safepoint   ] Safepoint "Cleanup", Time since last: 5002195964 ns, Reaching safepoint: 266440 ns, At safepoint: 7163 ns, Total: 273603 ns
[2023-10-12T07:29:37.232+0000][7][safepoint   ] Safepoint "Cleanup", Time since last: 4001775323 ns, Reaching safepoint: 477172 ns, At safepoint: 13836 ns, Total: 491008 ns
[2023-10-12T07:29:44.234+0000][7][safepoint   ] Safepoint "Cleanup", Time since last: 7001689860 ns, Reaching safepoint: 421496 ns, At safepoint: 12343 ns, Total: 433839 ns
[2023-10-12T07:29:51.237+0000][7][safepoint   ] Safepoint "Cleanup", Time since last: 7002064838 ns, Reaching safepoint: 587703 ns, At safepoint: 17634 ns, Total: 605337 ns
[2023-10-12T07:29:58.239+0000][7][safepoint   ] Safepoint "Cleanup", Time since last: 7002476324 ns, Reaching safepoint: 420604 ns, At safepoint: 14568 ns, Total: 435172 ns
[2023-10-12T07:30:01.241+0000][7][safepoint   ] Safepoint "Cleanup", Time since last: 3001024961 ns, Reaching safepoint: 292509 ns, At safepoint: 26090 ns, Total: 318599 ns
[2023-10-12T07:30:03.242+0000][7][safepoint   ] Safepoint "Cleanup", Time since last: 2001103654 ns, Reaching safepoint: 285966 ns, At safepoint: 19628 ns, Total: 305594 ns
[2023-10-12T07:30:04.244+0000][7][safepoint   ] Safepoint "Cleanup", Time since last: 1000773155 ns, Reaching safepoint: 509083 ns, At safepoint: 14448 ns, Total: 523531 ns
[2023-10-12T07:30:09.247+0000][7][safepoint   ] Safepoint "Cleanup", Time since last: 5003084331 ns, Reaching safepoint: 580600 ns, At safepoint: 13937 ns, Total: 594537 ns
[2023-10-12T07:30:15.251+0000][7][safepoint   ] Safepoint "Cleanup", Time since last: 6002856923 ns, Reaching safepoint: 686072 ns, At safepoint: 16732 ns, Total: 702804 ns
[2023-10-12T07:30:17.252+0000][7][safepoint   ] Safepoint "Cleanup", Time since last: 2001162857 ns, Reaching safepoint: 413009 ns, At safepoint: 13045 ns, Total: 426054 ns
[2023-10-12T07:30:19.255+0000][7][safepoint   ] Safepoint "Cleanup", Time since last: 2001658765 ns, Reaching safepoint: 601851 ns, At safepoint: 13826 ns, Total: 615677 ns
[2023-10-12T07:30:34.259+0000][7][safepoint   ] Safepoint "Cleanup", Time since last: 15003493016 ns, Reaching safepoint: 610196 ns, At safepoint: 23495 ns, Total: 633691 ns
[2023-10-12T07:30:35.260+0000][7][safepoint   ] Safepoint "Cleanup", Time since last: 1000595165 ns, Reaching safepoint: 492882 ns, At safepoint: 6763 ns, Total: 499645 ns
[2023-10-12T07:30:37.261+0000][7][safepoint   ] Safepoint "Cleanup", Time since last: 2000898551 ns, Reaching safepoint: 255489 ns, At safepoint: 12724 ns, Total: 268213 ns
[2023-10-12T07:30:39.262+0000][7][safepoint   ] Safepoint "Cleanup", Time since last: 2000880277 ns, Reaching safepoint: 275988 ns, At safepoint: 8216 ns, Total: 284204 ns
[2023-10-12T07:30:55.267+0000][7][safepoint   ] Safepoint "Cleanup", Time since last: 16004176789 ns, Reaching safepoint: 532758 ns, At safepoint: 12183 ns, Total: 544941 ns
[2023-10-12T07:30:58.268+0000][7][safepoint   ] Safepoint "Cleanup", Time since last: 3001255732 ns, Reaching safepoint: 535965 ns, At safepoint: 6362 ns, Total: 542327 ns
[2023-10-12T07:31:00.269+0000][7][safepoint   ] Safepoint "Cleanup", Time since last: 2000745269 ns, Reaching safepoint: 232374 ns, At safepoint: 7805 ns, Total: 240179 ns
[2023-10-12T07:31:01.271+0000][7][safepoint   ] Safepoint "Cleanup", Time since last: 1000675639 ns, Reaching safepoint: 408681 ns, At safepoint: 7795 ns, Total: 416476 ns
[2023-10-12T07:31:02.272+0000][7][safepoint   ] Safepoint "Cleanup", Time since last: 1000852937 ns, Reaching safepoint: 580109 ns, At safepoint: 15760 ns, Total: 595869 ns
[2023-10-12T07:31:16.277+0000][7][safepoint   ] Safepoint "Cleanup", Time since last: 14004569876 ns, Reaching safepoint: 480228 ns, At safepoint: 12363 ns, Total: 492591 ns
[2023-10-12T07:31:17.279+0000][7][safepoint   ] Safepoint "Cleanup", Time since last: 1001095612 ns, Reaching safepoint: 577043 ns, At safepoint: 12945 ns, Total: 589988 ns
[2023-10-12T07:31:19.281+0000][7][safepoint   ] Safepoint "Cleanup", Time since last: 2001496645 ns, Reaching safepoint: 602131 ns, At safepoint: 17213 ns, Total: 619344 ns
[2023-10-12T07:31:21.283+0000][7][safepoint   ] Safepoint "Cleanup", Time since last: 2001302965 ns, Reaching safepoint: 581381 ns, At safepoint: 17854 ns, Total: 599235 ns
[2023-10-12T07:31:23.285+0000][7][safepoint   ] Safepoint "Cleanup", Time since last: 2001519649 ns, Reaching safepoint: 264606 ns, At safepoint: 17022 ns, Total: 281628 ns
[2023-10-12T07:31:27.287+0000][7][safepoint   ] Safepoint "Cleanup", Time since last: 4002271661 ns, Reaching safepoint: 541205 ns, At safepoint: 16992 ns, Total: 558197 ns
[2023-10-12T07:31:32.289+0000][7][safepoint   ] Safepoint "Cleanup", Time since last: 5001292647 ns, Reaching safepoint: 410395 ns, At safepoint: 12173 ns, Total: 422568 ns
[2023-10-12T07:32:47.312+0000][7][safepoint   ] Safepoint "Cleanup", Time since last: 75021627061 ns, Reaching safepoint: 638471 ns, At safepoint: 6181 ns, Total: 644652 ns
[2023-10-12T07:33:02.316+0000][7][safepoint   ] Safepoint "Cleanup", Time since last: 15004234333 ns, Reaching safepoint: 228266 ns, At safepoint: 7545 ns, Total: 235811 ns
[2023-10-12T07:33:12.319+0000][7][safepoint   ] Safepoint "Cleanup", Time since last: 10002715882 ns, Reaching safepoint: 885242 ns, At safepoint: 36500 ns, Total: 921742 ns
[2023-10-12T07:33:21.323+0000][7][safepoint   ] Safepoint "Cleanup", Time since last: 9002949614 ns, Reaching safepoint: 547756 ns, At safepoint: 16492 ns, Total: 564248 ns
[2023-10-12T07:33:26.325+0000][7][safepoint   ] Safepoint "Cleanup", Time since last: 5001612118 ns, Reaching safepoint: 294823 ns, At safepoint: 16041 ns, Total: 310864 ns
[2023-10-12T07:33:27.326+0000][7][safepoint   ] Safepoint "Cleanup", Time since last: 1000697470 ns, Reaching safepoint: 221263 ns, At safepoint: 7114 ns, Total: 228377 ns
[2023-10-12T07:33:31.327+0000][7][safepoint   ] Safepoint "Cleanup", Time since last: 4001119799 ns, Reaching safepoint: 630756 ns, At safepoint: 15339 ns, Total: 646095 ns
[2023-10-12T07:33:32.329+0000][7][safepoint   ] Safepoint "Cleanup", Time since last: 1000972576 ns, Reaching safepoint: 647218 ns, At safepoint: 19707 ns, Total: 666925 ns
[2023-10-12T07:33:34.330+0000][7][safepoint   ] Safepoint "Cleanup", Time since last: 2000964729 ns, Reaching safepoint: 548167 ns, At safepoint: 16512 ns, Total: 564679 ns
[2023-10-12T07:33:42.334+0000][7][safepoint   ] Safepoint "Cleanup", Time since last: 8002840517 ns, Reaching safepoint: 556273 ns, At safepoint: 13105 ns, Total: 569378 ns
[2023-10-12T07:34:18.345+0000][7][safepoint   ] Safepoint "Cleanup", Time since last: 36010722846 ns, Reaching safepoint: 624724 ns, At safepoint: 18245 ns, Total: 642969 ns
[2023-10-12T07:34:19.347+0000][7][safepoint   ] Safepoint "Cleanup", Time since last: 1001005369 ns, Reaching safepoint: 220882 ns, At safepoint: 10180 ns, Total: 231062 ns
[2023-10-12T07:34:32.350+0000][7][safepoint   ] Safepoint "Cleanup", Time since last: 13003639942 ns, Reaching safepoint: 223036 ns, At safepoint: 9829 ns, Total: 232865 ns
[2023-10-12T07:34:34.352+0000][7][safepoint   ] Safepoint "Cleanup", Time since last: 2001122921 ns, Reaching safepoint: 604946 ns, At safepoint: 14137 ns, Total: 619083 ns
[2023-10-12T07:35:04.362+0000][7][safepoint   ] Safepoint "Cleanup", Time since last: 30008753779 ns, Reaching safepoint: 501298 ns, At safepoint: 6663 ns, Total: 507961 ns
[2023-10-12T07:35:32.371+0000][7][safepoint   ] Safepoint "Cleanup", Time since last: 28008804322 ns, Reaching safepoint: 247774 ns, At safepoint: 7604 ns, Total: 255378 ns
[2023-10-12T07:36:02.380+0000][7][safepoint   ] Safepoint "Cleanup", Time since last: 30008704335 ns, Reaching safepoint: 624664 ns, At safepoint: 6121 ns, Total: 630785 ns
[2023-10-12T07:36:11.383+0000][7][safepoint   ] Safepoint "Cleanup", Time since last: 9002664359 ns, Reaching safepoint: 532778 ns, At safepoint: 17023 ns, Total: 549801 ns
[2023-10-12T07:38:32.417+0000][7][safepoint   ] Safepoint "Cleanup", Time since last: 141033076205 ns, Reaching safepoint: 616408 ns, At safepoint: 15550 ns, Total: 631958 ns
[2023-10-12T07:38:34.418+0000][7][safepoint   ] Safepoint "Cleanup", Time since last: 2000979797 ns, Reaching safepoint: 302809 ns, At safepoint: 20819 ns, Total: 323628 ns
[2023-10-12T07:39:02.424+0000][7][safepoint   ] Safepoint "Cleanup", Time since last: 28004809607 ns, Reaching safepoint: 639522 ns, At safepoint: 27132 ns, Total: 666654 ns
[2023-10-12T07:39:36.433+0000][7][safepoint   ] Safepoint "Cleanup", Time since last: 34009043172 ns, Reaching safepoint: 277199 ns, At safepoint: 10180 ns, Total: 287379 ns
[2023-10-12T07:39:51.688+0000][7][gc,start    ] GC(21) Pause Young (Concurrent Start) (G1 Evacuation Pause)
[2023-10-12T07:39:51.688+0000][7][gc,task     ] GC(21) Using 10 workers of 10 for evacuation
[2023-10-12T07:39:51.689+0000][7][gc,age      ] GC(21) Desired survivor size 20971520 bytes, new threshold 15 (max threshold 15)
[2023-10-12T07:39:51.693+0000][7][gc,age      ] GC(21) Age table with threshold 15 (max threshold 15)
[2023-10-12T07:39:51.693+0000][7][gc,age      ] GC(21) - age   1:      26760 bytes,      26760 total
[2023-10-12T07:39:51.694+0000][7][gc,age      ] GC(21) - age   2:        232 bytes,      26992 total
[2023-10-12T07:39:51.694+0000][7][gc,phases   ] GC(21)   Pre Evacuate Collection Set: 0.4ms
[2023-10-12T07:39:51.694+0000][7][gc,phases   ] GC(21)   Merge Heap Roots: 0.3ms
[2023-10-12T07:39:51.695+0000][7][gc,phases   ] GC(21)   Evacuate Collection Set: 1.8ms
[2023-10-12T07:39:51.695+0000][7][gc,phases   ] GC(21)   Post Evacuate Collection Set: 1.4ms
[2023-10-12T07:39:51.695+0000][7][gc,phases   ] GC(21)   Other: 2.5ms
[2023-10-12T07:39:51.696+0000][7][gc,heap     ] GC(21) Eden regions: 75->0(75)
[2023-10-12T07:39:51.696+0000][7][gc,heap     ] GC(21) Survivor regions: 1->1(10)
[2023-10-12T07:39:51.696+0000][7][gc,heap     ] GC(21) Old regions: 17->17
[2023-10-12T07:39:51.697+0000][7][gc,heap     ] GC(21) Archive regions: 2->2
[2023-10-12T07:39:51.697+0000][7][gc,heap     ] GC(21) Humongous regions: 2->2
[2023-10-12T07:39:51.697+0000][7][gc,metaspace] GC(21) Metaspace: 107415K(109248K)->107415K(109248K) NonClass: 92385K(93440K)->92385K(93440K) Class: 15029K(15808K)->15029K(15808K)
[2023-10-12T07:39:51.697+0000][7][gc          ] GC(21) Pause Young (Concurrent Start) (G1 Evacuation Pause) 381M->79M(512M) 9.775ms
[2023-10-12T07:39:51.698+0000][7][gc,cpu      ] GC(21) User=0.00s Sys=0.01s Real=0.01s
[2023-10-12T07:39:51.698+0000][7][gc          ] GC(22) Concurrent Mark Cycle
[2023-10-12T07:39:51.698+0000][7][gc,marking  ] GC(22) Concurrent Clear Claimed Marks
[2023-10-12T07:39:51.698+0000][7][safepoint   ] Safepoint "G1CollectForAllocation", Time since last: 15254358394 ns, Reaching safepoint: 225431 ns, At safepoint: 10390951 ns, Total: 10616382 ns
[2023-10-12T07:39:51.698+0000][7][gc,marking  ] GC(22) Concurrent Clear Claimed Marks 0.308ms
[2023-10-12T07:39:51.699+0000][7][gc,marking  ] GC(22) Concurrent Scan Root Regions
[2023-10-12T07:39:51.701+0000][7][gc,marking  ] GC(22) Concurrent Scan Root Regions 2.307ms
[2023-10-12T07:39:51.701+0000][7][gc,marking  ] GC(22) Concurrent Mark
[2023-10-12T07:39:51.701+0000][7][gc,marking  ] GC(22) Concurrent Mark From Roots
[2023-10-12T07:39:51.702+0000][7][gc,task     ] GC(22) Using 3 workers of 3 for marking
[2023-10-12T07:39:51.730+0000][7][gc,marking  ] GC(22) Concurrent Mark From Roots 28.692ms
[2023-10-12T07:39:51.731+0000][7][gc,marking  ] GC(22) Concurrent Preclean
[2023-10-12T07:39:51.732+0000][7][gc,marking  ] GC(22) Concurrent Preclean 1.448ms
[2023-10-12T07:39:51.733+0000][7][gc,start    ] GC(22) Pause Remark
[2023-10-12T07:39:51.746+0000][7][gc          ] GC(22) Pause Remark 81M->81M(512M) 12.777ms
[2023-10-12T07:39:51.746+0000][7][gc,cpu      ] GC(22) User=0.09s Sys=0.00s Real=0.01s
[2023-10-12T07:39:51.746+0000][7][safepoint   ] Safepoint "G1Concurrent", Time since last: 34490575 ns, Reaching safepoint: 228957 ns, At safepoint: 13395063 ns, Total: 13624020 ns
[2023-10-12T07:39:51.747+0000][7][gc,marking  ] GC(22) Concurrent Mark 45.306ms
[2023-10-12T07:39:51.747+0000][7][gc,marking  ] GC(22) Concurrent Rebuild Remembered Sets
[2023-10-12T07:39:51.764+0000][7][gc,marking  ] GC(22) Concurrent Rebuild Remembered Sets 17.451ms
[2023-10-12T07:39:51.773+0000][7][gc,start    ] GC(22) Pause Cleanup
[2023-10-12T07:39:51.773+0000][7][gc          ] GC(22) Pause Cleanup 83M->83M(512M) 0.553ms
[2023-10-12T07:39:51.774+0000][7][gc,cpu      ] GC(22) User=0.00s Sys=0.00s Real=0.00s
[2023-10-12T07:39:51.774+0000][7][safepoint   ] Safepoint "G1Concurrent", Time since last: 18524547 ns, Reaching safepoint: 8130120 ns, At safepoint: 1025009 ns, Total: 9155129 ns
[2023-10-12T07:39:51.774+0000][7][gc,marking  ] GC(22) Concurrent Cleanup for Next Mark
[2023-10-12T07:39:51.775+0000][7][gc,marking  ] GC(22) Concurrent Cleanup for Next Mark 0.854ms
[2023-10-12T07:39:51.775+0000][7][gc          ] GC(22) Concurrent Mark Cycle 77.287ms
[2023-10-12T07:39:52.775+0000][7][safepoint   ] Safepoint "Cleanup", Time since last: 1000472981 ns, Reaching safepoint: 355129 ns, At safepoint: 6973 ns, Total: 362102 ns
[2023-10-12T07:39:56.777+0000][7][safepoint   ] Safepoint "Cleanup", Time since last: 4002149428 ns, Reaching safepoint: 551304 ns, At safepoint: 12093 ns, Total: 563397 ns
[2023-10-12T07:39:58.779+0000][7][safepoint   ] Safepoint "Cleanup", Time since last: 2001252829 ns, Reaching safepoint: 573456 ns, At safepoint: 12624 ns, Total: 586080 ns
[2023-10-12T07:40:00.780+0000][7][safepoint   ] Safepoint "Cleanup", Time since last: 2000792590 ns, Reaching safepoint: 221473 ns, At safepoint: 8356 ns, Total: 229829 ns
[2023-10-12T07:40:02.782+0000][7][safepoint   ] Safepoint "Cleanup", Time since last: 2000978695 ns, Reaching safepoint: 551404 ns, At safepoint: 17514 ns, Total: 568918 ns
[2023-10-12T07:40:03.783+0000][7][safepoint   ] Safepoint "Cleanup", Time since last: 1000766712 ns, Reaching safepoint: 443879 ns, At safepoint: 6693 ns, Total: 450572 ns
[2023-10-12T07:40:32.794+0000][7][safepoint   ] Safepoint "Cleanup", Time since last: 29010467858 ns, Reaching safepoint: 608593 ns, At safepoint: 17543 ns, Total: 626136 ns
[2023-10-12T07:40:50.800+0000][7][safepoint   ] Safepoint "Cleanup", Time since last: 18005781752 ns, Reaching safepoint: 304201 ns, At safepoint: 13506 ns, Total: 317707 ns
[2023-10-12T07:41:02.805+0000][7][safepoint   ] Safepoint "Cleanup", Time since last: 12004074926 ns, Reaching safepoint: 451143 ns, At safepoint: 15118 ns, Total: 466261 ns
[2023-10-12T07:41:16.810+0000][7][safepoint   ] Safepoint "Cleanup", Time since last: 14004440239 ns, Reaching safepoint: 616087 ns, At safepoint: 29457 ns, Total: 645544 ns
[2023-10-12T07:42:02.826+0000][7][safepoint   ] Safepoint "Cleanup", Time since last: 46016046354 ns, Reaching safepoint: 418971 ns, At safepoint: 6893 ns, Total: 425864 ns
[2023-10-12T07:42:19.833+0000][7][safepoint   ] Safepoint "Cleanup", Time since last: 17005804056 ns, Reaching safepoint: 446003 ns, At safepoint: 6923 ns, Total: 452926 ns
[2023-10-12T07:43:02.845+0000][7][safepoint   ] Safepoint "Cleanup", Time since last: 43011978998 ns, Reaching safepoint: 607160 ns, At safepoint: 16963 ns, Total: 624123 ns
[2023-10-12T07:44:02.863+0000][7][safepoint   ] Safepoint "Cleanup", Time since last: 60017552474 ns, Reaching safepoint: 687073 ns, At safepoint: 15690 ns, Total: 702763 ns
[2023-10-12T07:44:26.872+0000][7][safepoint   ] Safepoint "Cleanup", Time since last: 24008058888 ns, Reaching safepoint: 343216 ns, At safepoint: 11121 ns, Total: 354337 ns
[2023-10-12T07:44:36.876+0000][7][safepoint   ] Safepoint "Cleanup", Time since last: 10003478211 ns, Reaching safepoint: 573637 ns, At safepoint: 7454 ns, Total: 581091 ns
[2023-10-12T07:44:38.877+0000][7][safepoint   ] Safepoint "Cleanup", Time since last: 2000935262 ns, Reaching safepoint: 550532 ns, At safepoint: 17454 ns, Total: 567986 ns
[2023-10-12T07:45:02.886+0000][7][safepoint   ] Safepoint "Cleanup", Time since last: 24007718086 ns, Reaching safepoint: 599266 ns, At safepoint: 8606 ns, Total: 607872 ns
[2023-10-12T07:45:46.901+0000][7][safepoint   ] Safepoint "Cleanup", Time since last: 44014719344 ns, Reaching safepoint: 591530 ns, At safepoint: 16983 ns, Total: 608513 ns
[2023-10-12T07:45:50.903+0000][7][safepoint   ] Safepoint "Cleanup", Time since last: 4001983450 ns, Reaching safepoint: 398843 ns, At safepoint: 7494 ns, Total: 406337 ns
[2023-10-12T07:46:02.909+0000][7][safepoint   ] Safepoint "Cleanup", Time since last: 12005193875 ns, Reaching safepoint: 383833 ns, At safepoint: 6833 ns, Total: 390666 ns
[2023-10-12T07:46:58.924+0000][7][safepoint   ] Safepoint "Cleanup", Time since last: 56014417564 ns, Reaching safepoint: 347294 ns, At safepoint: 20439 ns, Total: 367733 ns
[2023-10-12T07:47:00.925+0000][7][safepoint   ] Safepoint "Cleanup", Time since last: 2001184849 ns, Reaching safepoint: 616738 ns, At safepoint: 15640 ns, Total: 632378 ns
[2023-10-12T07:47:03.928+0000][7][safepoint   ] Safepoint "Cleanup", Time since last: 3001704010 ns, Reaching safepoint: 519152 ns, At safepoint: 7244 ns, Total: 526396 ns
[2023-10-12T07:47:37.939+0000][7][safepoint   ] Safepoint "Cleanup", Time since last: 34010706520 ns, Reaching safepoint: 455981 ns, At safepoint: 11863 ns, Total: 467844 ns
[2023-10-12T07:47:40.941+0000][7][safepoint   ] Safepoint "Cleanup", Time since last: 3001640958 ns, Reaching safepoint: 429181 ns, At safepoint: 7053 ns, Total: 436234 ns
[2023-10-12T07:48:03.949+0000][7][safepoint   ] Safepoint "Cleanup", Time since last: 23007402015 ns, Reaching safepoint: 249738 ns, At safepoint: 7334 ns, Total: 257072 ns
[2023-10-12T07:48:20.954+0000][7][safepoint   ] Safepoint "Cleanup", Time since last: 17004615224 ns, Reaching safepoint: 490057 ns, At safepoint: 15089 ns, Total: 505146 ns
[2023-10-12T07:48:24.956+0000][7][safepoint   ] Safepoint "Cleanup", Time since last: 4001572675 ns, Reaching safepoint: 477372 ns, At safepoint: 6783 ns, Total: 484155 ns
[2023-10-12T07:48:25.957+0000][7][safepoint   ] Safepoint "Cleanup", Time since last: 1001097595 ns, Reaching safepoint: 551695 ns, At safepoint: 26701 ns, Total: 578396 ns
[2023-10-12T07:48:32.960+0000][7][safepoint   ] Safepoint "Cleanup", Time since last: 7002517422 ns, Reaching safepoint: 423440 ns, At safepoint: 12714 ns, Total: 436154 ns
[2023-10-12T07:49:32.978+0000][7][safepoint   ] Safepoint "Cleanup", Time since last: 60017527827 ns, Reaching safepoint: 450431 ns, At safepoint: 7424 ns, Total: 457855 ns
[2023-10-12T07:49:33.980+0000][7][safepoint   ] Safepoint "Cleanup", Time since last: 1000656643 ns, Reaching safepoint: 483013 ns, At safepoint: 7234 ns, Total: 490247 ns
[2023-10-12T07:50:00.987+0000][7][safepoint   ] Safepoint "Cleanup", Time since last: 27007397304 ns, Reaching safepoint: 270467 ns, At safepoint: 7755 ns, Total: 278222 ns
[2023-10-12T07:50:02.988+0000][7][safepoint   ] Safepoint "Cleanup", Time since last: 2000969268 ns, Reaching safepoint: 219730 ns, At safepoint: 10480 ns, Total: 230210 ns
[2023-10-12T07:50:37.155+0000][7][gc,start    ] GC(23) Pause Young (Prepare Mixed) (G1 Evacuation Pause)
[2023-10-12T07:50:37.155+0000][7][gc,task     ] GC(23) Using 10 workers of 10 for evacuation
[2023-10-12T07:50:37.156+0000][7][gc,age      ] GC(23) Desired survivor size 20971520 bytes, new threshold 15 (max threshold 15)
[2023-10-12T07:50:37.159+0000][7][gc,age      ] GC(23) Age table with threshold 15 (max threshold 15)
[2023-10-12T07:50:37.160+0000][7][gc,age      ] GC(23) - age   1:      38160 bytes,      38160 total
[2023-10-12T07:50:37.160+0000][7][gc,age      ] GC(23) - age   2:      17480 bytes,      55640 total
[2023-10-12T07:50:37.160+0000][7][gc,age      ] GC(23) - age   3:        232 bytes,      55872 total
[2023-10-12T07:50:37.160+0000][7][gc,phases   ] GC(23)   Pre Evacuate Collection Set: 0.5ms
[2023-10-12T07:50:37.161+0000][7][gc,phases   ] GC(23)   Merge Heap Roots: 0.4ms
[2023-10-12T07:50:37.161+0000][7][gc,phases   ] GC(23)   Evacuate Collection Set: 1.4ms
[2023-10-12T07:50:37.161+0000][7][gc,phases   ] GC(23)   Post Evacuate Collection Set: 0.9ms
[2023-10-12T07:50:37.161+0000][7][gc,phases   ] GC(23)   Other: 2.4ms
[2023-10-12T07:50:37.161+0000][7][gc,heap     ] GC(23) Eden regions: 75->0(5)
[2023-10-12T07:50:37.162+0000][7][gc,heap     ] GC(23) Survivor regions: 1->1(10)
[2023-10-12T07:50:37.162+0000][7][gc,heap     ] GC(23) Old regions: 17->17
[2023-10-12T07:50:37.162+0000][7][gc,heap     ] GC(23) Archive regions: 2->2
[2023-10-12T07:50:37.162+0000][7][gc,heap     ] GC(23) Humongous regions: 2->2
[2023-10-12T07:50:37.162+0000][7][gc,metaspace] GC(23) Metaspace: 107027K(109248K)->107027K(109248K) NonClass: 92104K(93440K)->92104K(93440K) Class: 14923K(15808K)->14923K(15808K)
[2023-10-12T07:50:37.162+0000][7][gc          ] GC(23) Pause Young (Prepare Mixed) (G1 Evacuation Pause) 379M->78M(512M) 7.654ms
[2023-10-12T07:50:37.163+0000][7][gc,cpu      ] GC(23) User=0.02s Sys=0.00s Real=0.01s
[2023-10-12T07:50:37.163+0000][7][safepoint   ] Safepoint "G1CollectForAllocation", Time since last: 34165519797 ns, Reaching safepoint: 621608 ns, At safepoint: 8113148 ns, Total: 8734756 ns
[2023-10-12T07:51:22.197+0000][7][gc,start    ] GC(24) Pause Young (Mixed) (G1 Evacuation Pause)
[2023-10-12T07:51:22.197+0000][7][gc,task     ] GC(24) Using 10 workers of 10 for evacuation
[2023-10-12T07:51:22.198+0000][7][gc,age      ] GC(24) Desired survivor size 2097152 bytes, new threshold 15 (max threshold 15)
[2023-10-12T07:51:22.203+0000][7][gc,age      ] GC(24) Age table with threshold 15 (max threshold 15)
[2023-10-12T07:51:22.203+0000][7][gc,age      ] GC(24) - age   1:      10328 bytes,      10328 total
[2023-10-12T07:51:22.203+0000][7][gc,age      ] GC(24) - age   2:      22208 bytes,      32536 total
[2023-10-12T07:51:22.203+0000][7][gc,age      ] GC(24) - age   3:      17296 bytes,      49832 total
[2023-10-12T07:51:22.203+0000][7][gc,age      ] GC(24) - age   4:        232 bytes,      50064 total
[2023-10-12T07:51:22.204+0000][7][gc,phases   ] GC(24)   Pre Evacuate Collection Set: 0.4ms
[2023-10-12T07:51:22.204+0000][7][gc,phases   ] GC(24)   Merge Heap Roots: 0.4ms
[2023-10-12T07:51:22.204+0000][7][gc,phases   ] GC(24)   Evacuate Collection Set: 2.7ms
[2023-10-12T07:51:22.204+0000][7][gc,phases   ] GC(24)   Post Evacuate Collection Set: 1.4ms
[2023-10-12T07:51:22.204+0000][7][gc,phases   ] GC(24)   Other: 1.8ms
[2023-10-12T07:51:22.204+0000][7][gc,heap     ] GC(24) Eden regions: 5->0(75)
[2023-10-12T07:51:22.204+0000][7][gc,heap     ] GC(24) Survivor regions: 1->1(1)
[2023-10-12T07:51:22.205+0000][7][gc,heap     ] GC(24) Old regions: 17->17
[2023-10-12T07:51:22.205+0000][7][gc,heap     ] GC(24) Archive regions: 2->2
[2023-10-12T07:51:22.205+0000][7][gc,heap     ] GC(24) Humongous regions: 2->2
[2023-10-12T07:51:22.205+0000][7][gc,metaspace] GC(24) Metaspace: 107027K(109248K)->107027K(109248K) NonClass: 92104K(93440K)->92104K(93440K) Class: 14923K(15808K)->14923K(15808K)
[2023-10-12T07:51:22.205+0000][7][gc          ] GC(24) Pause Young (Mixed) (G1 Evacuation Pause) 98M->77M(512M) 7.995ms
[2023-10-12T07:51:22.205+0000][7][gc,cpu      ] GC(24) User=0.01s Sys=0.02s Real=0.01s
[2023-10-12T07:51:22.205+0000][7][safepoint   ] Safepoint "G1CollectForAllocation", Time since last: 45033845467 ns, Reaching safepoint: 574809 ns, At safepoint: 8357134 ns, Total: 8931943 ns
[2023-10-12T07:51:41.210+0000][7][safepoint   ] Safepoint "Cleanup", Time since last: 19004309745 ns, Reaching safepoint: 588946 ns, At safepoint: 15700 ns, Total: 604646 ns
[2023-10-12T07:52:03.216+0000][7][safepoint   ] Safepoint "Cleanup", Time since last: 22005790447 ns, Reaching safepoint: 390617 ns, At safepoint: 10179 ns, Total: 400796 ns
[2023-10-12T07:52:12.220+0000][7][safepoint   ] Safepoint "Cleanup", Time since last: 9003272420 ns, Reaching safepoint: 547898 ns, At safepoint: 16762 ns, Total: 564660 ns
[2023-10-12T07:52:33.227+0000][7][safepoint   ] Safepoint "Cleanup", Time since last: 21006335141 ns, Reaching safepoint: 589818 ns, At safepoint: 14397 ns, Total: 604215 ns
[2023-10-12T07:53:03.238+0000][7][safepoint   ] Safepoint "Cleanup", Time since last: 30010096767 ns, Reaching safepoint: 594646 ns, At safepoint: 29136 ns, Total: 623782 ns
[2023-10-12T07:53:04.239+0000][7][safepoint   ] Safepoint "Cleanup", Time since last: 1000868347 ns, Reaching safepoint: 421185 ns, At safepoint: 13767 ns, Total: 434952 ns
[2023-10-12T07:53:24.244+0000][7][safepoint   ] Safepoint "Cleanup", Time since last: 20003851566 ns, Reaching safepoint: 432236 ns, At safepoint: 6783 ns, Total: 439019 ns
[2023-10-12T07:56:01.279+0000][7][safepoint   ] Safepoint "Cleanup", Time since last: 157034753016 ns, Reaching safepoint: 777035 ns, At safepoint: 22984 ns, Total: 800019 ns
[2023-10-12T07:56:10.283+0000][7][safepoint   ] Safepoint "Cleanup", Time since last: 9003206114 ns, Reaching safepoint: 562545 ns, At safepoint: 76386 ns, Total: 638931 ns
[2023-10-12T07:56:31.291+0000][7][safepoint   ] Safepoint "Cleanup", Time since last: 21007123889 ns, Reaching safepoint: 575319 ns, At safepoint: 7074 ns, Total: 582393 ns
[2023-10-12T07:56:33.292+0000][7][safepoint   ] Safepoint "Cleanup", Time since last: 2001315489 ns, Reaching safepoint: 428639 ns, At safepoint: 11772 ns, Total: 440411 ns
[2023-10-12T07:56:46.298+0000][7][safepoint   ] Safepoint "Cleanup", Time since last: 13005171800 ns, Reaching safepoint: 417558 ns, At safepoint: 11813 ns, Total: 429371 ns
[2023-10-12T07:56:48.300+0000][7][safepoint   ] Safepoint "Cleanup", Time since last: 2001782842 ns, Reaching safepoint: 539601 ns, At safepoint: 17323 ns, Total: 556924 ns
[2023-10-12T07:57:02.306+0000][7][safepoint   ] Safepoint "Cleanup", Time since last: 14004933291 ns, Reaching safepoint: 585710 ns, At safepoint: 16992 ns, Total: 602702 ns
[2023-10-12T07:57:03.307+0000][7][safepoint   ] Safepoint "Cleanup", Time since last: 1000882183 ns, Reaching safepoint: 398242 ns, At safepoint: 6793 ns, Total: 405035 ns
[2023-10-12T07:57:33.315+0000][7][safepoint   ] Safepoint "Cleanup", Time since last: 30007735322 ns, Reaching safepoint: 342434 ns, At safepoint: 20830 ns, Total: 363264 ns
[2023-10-12T07:57:34.317+0000][7][safepoint   ] Safepoint "Cleanup", Time since last: 1001092436 ns, Reaching safepoint: 618221 ns, At safepoint: 15851 ns, Total: 634072 ns
[2023-10-12T07:57:35.318+0000][7][safepoint   ] Safepoint "Cleanup", Time since last: 1000925717 ns, Reaching safepoint: 327546 ns, At safepoint: 7284 ns, Total: 334830 ns
[2023-10-12T07:58:03.325+0000][7][safepoint   ] Safepoint "Cleanup", Time since last: 28006583426 ns, Reaching safepoint: 451002 ns, At safepoint: 14247 ns, Total: 465249 ns
[2023-10-12T07:58:06.327+0000][7][safepoint   ] Safepoint "Cleanup", Time since last: 3001478768 ns, Reaching safepoint: 386499 ns, At safepoint: 6452 ns, Total: 392951 ns
[2023-10-12T07:58:26.333+0000][7][safepoint   ] Safepoint "Cleanup", Time since last: 20005702775 ns, Reaching safepoint: 633160 ns, At safepoint: 15500 ns, Total: 648660 ns
[2023-10-12T07:58:34.337+0000][7][safepoint   ] Safepoint "Cleanup", Time since last: 8002839586 ns, Reaching safepoint: 553848 ns, At safepoint: 16111 ns, Total: 569959 ns
[2023-10-12T07:59:03.344+0000][7][safepoint   ] Safepoint "Cleanup", Time since last: 29007289113 ns, Reaching safepoint: 475970 ns, At safepoint: 12514 ns, Total: 488484 ns
[2023-10-12T07:59:06.346+0000][7][safepoint   ] Safepoint "Cleanup", Time since last: 3001091729 ns, Reaching safepoint: 582924 ns, At safepoint: 13606 ns, Total: 596530 ns
[2023-10-12T07:59:33.354+0000][7][safepoint   ] Safepoint "Cleanup", Time since last: 27006823768 ns, Reaching safepoint: 571392 ns, At safepoint: 12134 ns, Total: 583526 ns
[2023-10-12T08:01:28.383+0000][7][safepoint   ] Safepoint "Cleanup", Time since last: 115028643513 ns, Reaching safepoint: 253815 ns, At safepoint: 6713 ns, Total: 260528 ns
[2023-10-12T08:01:33.385+0000][7][safepoint   ] Safepoint "Cleanup", Time since last: 5001810126 ns, Reaching safepoint: 555862 ns, At safepoint: 12134 ns, Total: 567996 ns
[2023-10-12T08:01:58.393+0000][7][safepoint   ] Safepoint "Cleanup", Time since last: 25007463807 ns, Reaching safepoint: 462404 ns, At safepoint: 11192 ns, Total: 473596 ns
[2023-10-12T08:02:09.397+0000][7][safepoint   ] Safepoint "Cleanup", Time since last: 11004077644 ns, Reaching safepoint: 426745 ns, At safepoint: 14788 ns, Total: 441533 ns
[2023-10-12T08:02:24.512+0000][7][gc,start    ] GC(25) Pause Young (Normal) (G1 Evacuation Pause)
[2023-10-12T08:02:24.512+0000][7][gc,task     ] GC(25) Using 10 workers of 10 for evacuation
[2023-10-12T08:02:24.513+0000][7][gc,age      ] GC(25) Desired survivor size 20971520 bytes, new threshold 15 (max threshold 15)
[2023-10-12T08:02:24.515+0000][7][gc,age      ] GC(25) Age table with threshold 15 (max threshold 15)
[2023-10-12T08:02:24.515+0000][7][gc,age      ] GC(25) - age   1:      10560 bytes,      10560 total
[2023-10-12T08:02:24.515+0000][7][gc,age      ] GC(25) - age   2:       1384 bytes,      11944 total
[2023-10-12T08:02:24.516+0000][7][gc,age      ] GC(25) - age   3:      20824 bytes,      32768 total
[2023-10-12T08:02:24.516+0000][7][gc,age      ] GC(25) - age   4:      17296 bytes,      50064 total
[2023-10-12T08:02:24.516+0000][7][gc,age      ] GC(25) - age   5:        232 bytes,      50296 total
[2023-10-12T08:02:24.517+0000][7][gc,phases   ] GC(25)   Pre Evacuate Collection Set: 0.3ms
[2023-10-12T08:02:24.517+0000][7][gc,phases   ] GC(25)   Merge Heap Roots: 0.2ms
[2023-10-12T08:02:24.517+0000][7][gc,phases   ] GC(25)   Evacuate Collection Set: 1.0ms
[2023-10-12T08:02:24.517+0000][7][gc,phases   ] GC(25)   Post Evacuate Collection Set: 1.0ms
[2023-10-12T08:02:24.518+0000][7][gc,phases   ] GC(25)   Other: 2.1ms
[2023-10-12T08:02:24.518+0000][7][gc,heap     ] GC(25) Eden regions: 75->0(75)
[2023-10-12T08:02:24.518+0000][7][gc,heap     ] GC(25) Survivor regions: 1->1(10)
[2023-10-12T08:02:24.518+0000][7][gc,heap     ] GC(25) Old regions: 17->17
[2023-10-12T08:02:24.518+0000][7][gc,heap     ] GC(25) Archive regions: 2->2
[2023-10-12T08:02:24.519+0000][7][gc,heap     ] GC(25) Humongous regions: 2->2
[2023-10-12T08:02:24.519+0000][7][gc,metaspace] GC(25) Metaspace: 107092K(109248K)->107092K(109248K) NonClass: 92169K(93440K)->92169K(93440K) Class: 14923K(15808K)->14923K(15808K)
[2023-10-12T08:02:24.519+0000][7][gc          ] GC(25) Pause Young (Normal) (G1 Evacuation Pause) 377M->77M(512M) 6.794ms
[2023-10-12T08:02:24.519+0000][7][gc,cpu      ] GC(25) User=0.01s Sys=0.00s Real=0.00s
[2023-10-12T08:02:24.519+0000][7][safepoint   ] Safepoint "G1CollectForAllocation", Time since last: 15114404400 ns, Reaching safepoint: 241962 ns, At safepoint: 7170986 ns, Total: 7412948 ns
[2023-10-12T08:02:33.522+0000][7][safepoint   ] Safepoint "Cleanup", Time since last: 9001821217 ns, Reaching safepoint: 560972 ns, At safepoint: 21531 ns, Total: 582503 ns
[2023-10-12T08:02:34.523+0000][7][safepoint   ] Safepoint "Cleanup", Time since last: 1000682411 ns, Reaching safepoint: 260639 ns, At safepoint: 9678 ns, Total: 270317 ns
[2023-10-12T08:03:03.530+0000][7][safepoint   ] Safepoint "Cleanup", Time since last: 29007225391 ns, Reaching safepoint: 339579 ns, At safepoint: 6603 ns, Total: 346182 ns
[2023-10-12T08:03:16.535+0000][7][safepoint   ] Safepoint "Cleanup", Time since last: 13004725947 ns, Reaching safepoint: 274725 ns, At safepoint: 6813 ns, Total: 281538 ns
[2023-10-12T08:05:02.561+0000][7][safepoint   ] Safepoint "Cleanup", Time since last: 106025952195 ns, Reaching safepoint: 239488 ns, At safepoint: 9468 ns, Total: 248956 ns
[2023-10-12T08:05:25.568+0000][7][safepoint   ] Safepoint "Cleanup", Time since last: 23006214634 ns, Reaching safepoint: 245590 ns, At safepoint: 6162 ns, Total: 251752 ns
[2023-10-12T08:06:03.577+0000][7][safepoint   ] Safepoint "Cleanup", Time since last: 38009167959 ns, Reaching safepoint: 514894 ns, At safepoint: 6582 ns, Total: 521476 ns
[2023-10-12T08:06:32.584+0000][7][safepoint   ] Safepoint "Cleanup", Time since last: 29006655853 ns, Reaching safepoint: 258333 ns, At safepoint: 7775 ns, Total: 266108 ns
[2023-10-12T08:08:01.609+0000][7][safepoint   ] Safepoint "Cleanup", Time since last: 89024632459 ns, Reaching safepoint: 450320 ns, At safepoint: 9729 ns, Total: 460049 ns
[2023-10-12T08:08:25.210+0000][7][safepoint   ] Safepoint "Cleanup", Time since last: 23600569782 ns, Reaching safepoint: 305383 ns, At safepoint: 101324 ns, Total: 406707 ns
[2023-10-12T08:08:26.211+0000][7][safepoint   ] Safepoint "Cleanup", Time since last: 1000741735 ns, Reaching safepoint: 300805 ns, At safepoint: 8336 ns, Total: 309141 ns
[2023-10-12T08:08:27.292+0000][7][gc,heap,exit] Heap
[2023-10-12T08:08:27.292+0000][7][gc,heap,exit]  garbage-first heap   total 524288K, used 270154K [0x00000000e0000000, 0x0000000100000000)
[2023-10-12T08:08:27.292+0000][7][gc,heap,exit]   region size 4096K, 48 young (196608K), 1 survivors (4096K)
[2023-10-12T08:08:27.293+0000][7][gc,heap,exit]  Metaspace       used 107907K, committed 109568K, reserved 1146880K
[2023-10-12T08:08:27.293+0000][7][gc,heap,exit]   class space    used 15069K, committed 15808K, reserved 1048576K
