[2023-10-12T08:13:33.372+0000][7][gc] Using G1
[2023-10-12T08:13:33.455+0000][7][gc,init] Version: 17.0.1+12 (release)
[2023-10-12T08:13:33.456+0000][7][gc,init] CPUs: 12 total, 12 available
[2023-10-12T08:13:33.456+0000][7][gc,init] Memory: 18576M
[2023-10-12T08:13:33.456+0000][7][gc,init] Large Page Support: Disabled
[2023-10-12T08:13:33.456+0000][7][gc,init] NUMA Support: Disabled
[2023-10-12T08:13:33.457+0000][7][gc,init] Compressed Oops: Enabled (32-bit)
[2023-10-12T08:13:33.457+0000][7][gc,init] Heap Region Size: 4M
[2023-10-12T08:13:33.457+0000][7][gc,init] Heap Min Capacity: 512M
[2023-10-12T08:13:33.457+0000][7][gc,init] Heap Initial Capacity: 512M
[2023-10-12T08:13:33.458+0000][7][gc,init] Heap Max Capacity: 512M
[2023-10-12T08:13:33.458+0000][7][gc,init] Pre-touch: Enabled
[2023-10-12T08:13:33.458+0000][7][gc,init] Parallel Workers: 10
[2023-10-12T08:13:33.458+0000][7][gc,init] Concurrent Workers: 3
[2023-10-12T08:13:33.458+0000][7][gc,init] Concurrent Refinement Workers: 10
[2023-10-12T08:13:33.459+0000][7][gc,init] Periodic GC: Disabled
[2023-10-12T08:13:33.459+0000][7][gc,metaspace] CDS archive(s) mapped at: [0x0000000800000000-0x0000000800bd1000-0x0000000800bd1000), size 12390400, SharedBaseAddress: 0x0000000800000000, ArchiveRelocationMode: 0.
[2023-10-12T08:13:33.459+0000][7][gc,metaspace] Compressed class space mapped at: 0x0000000800c00000-0x0000000840c00000, reserved size: 1073741824
[2023-10-12T08:13:33.459+0000][7][gc,metaspace] Narrow klass base: 0x0000000800000000, Narrow klass shift: 0, Narrow klass range: 0x100000000
[2023-10-12T08:13:33.696+0000][7][safepoint   ] Safepoint "ICBufferFull", Time since last: 231775591 ns, Reaching safepoint: 134177 ns, At safepoint: 3657 ns, Total: 137834 ns
[2023-10-12T08:13:33.697+0000][7][safepoint   ] Safepoint "ICBufferFull", Time since last: 1452125 ns, Reaching safepoint: 67279 ns, At safepoint: 3637 ns, Total: 70916 ns
[2023-10-12T08:13:33.738+0000][7][safepoint   ] Safepoint "ICBufferFull", Time since last: 40380632 ns, Reaching safepoint: 98439 ns, At safepoint: 4428 ns, Total: 102867 ns
[2023-10-12T08:13:33.933+0000][7][safepoint   ] Safepoint "ICBufferFull", Time since last: 195014867 ns, Reaching safepoint: 294172 ns, At safepoint: 46740 ns, Total: 340912 ns
[2023-10-12T08:13:34.106+0000][7][gc,start    ] GC(0) Pause Young (Normal) (G1 Evacuation Pause)
[2023-10-12T08:13:34.106+0000][7][gc,task     ] GC(0) Using 10 workers of 10 for evacuation
[2023-10-12T08:13:34.107+0000][7][gc,age      ] GC(0) Desired survivor size 2097152 bytes, new threshold 15 (max threshold 15)
[2023-10-12T08:13:34.111+0000][7][gc,age      ] GC(0) Age table with threshold 15 (max threshold 15)
[2023-10-12T08:13:34.111+0000][7][gc,age      ] GC(0) - age   1:    3909200 bytes,    3909200 total
[2023-10-12T08:13:34.112+0000][7][gc,phases   ] GC(0)   Pre Evacuate Collection Set: 0.3ms
[2023-10-12T08:13:34.112+0000][7][gc,phases   ] GC(0)   Merge Heap Roots: 0.3ms
[2023-10-12T08:13:34.112+0000][7][gc,phases   ] GC(0)   Evacuate Collection Set: 2.2ms
[2023-10-12T08:13:34.112+0000][7][gc,phases   ] GC(0)   Post Evacuate Collection Set: 1.0ms
[2023-10-12T08:13:34.113+0000][7][gc,phases   ] GC(0)   Other: 1.9ms
[2023-10-12T08:13:34.113+0000][7][gc,heap     ] GC(0) Eden regions: 6->0(6)
[2023-10-12T08:13:34.113+0000][7][gc,heap     ] GC(0) Survivor regions: 0->1(1)
[2023-10-12T08:13:34.113+0000][7][gc,heap     ] GC(0) Old regions: 0->0
[2023-10-12T08:13:34.113+0000][7][gc,heap     ] GC(0) Archive regions: 2->2
[2023-10-12T08:13:34.113+0000][7][gc,heap     ] GC(0) Humongous regions: 0->0
[2023-10-12T08:13:34.113+0000][7][gc,metaspace] GC(0) Metaspace: 7566K(7808K)->7566K(7808K) NonClass: 6711K(6848K)->6711K(6848K) Class: 855K(960K)->855K(960K)
[2023-10-12T08:13:34.114+0000][7][gc          ] GC(0) Pause Young (Normal) (G1 Evacuation Pause) 27M->7M(512M) 7.622ms
[2023-10-12T08:13:34.114+0000][7][gc,cpu      ] GC(0) User=0.00s Sys=0.02s Real=0.01s
[2023-10-12T08:13:34.114+0000][7][safepoint   ] Safepoint "G1CollectForAllocation", Time since last: 172463653 ns, Reaching safepoint: 176748 ns, At safepoint: 8132544 ns, Total: 8309292 ns
[2023-10-12T08:13:34.635+0000][7][gc,start    ] GC(1) Pause Young (Normal) (G1 Evacuation Pause)
[2023-10-12T08:13:34.636+0000][7][gc,task     ] GC(1) Using 10 workers of 10 for evacuation
[2023-10-12T08:13:34.636+0000][7][gc,age      ] GC(1) Desired survivor size 2097152 bytes, new threshold 1 (max threshold 15)
[2023-10-12T08:13:34.640+0000][7][gc,age      ] GC(1) Age table with threshold 1 (max threshold 15)
[2023-10-12T08:13:34.641+0000][7][gc,age      ] GC(1) - age   1:    2158184 bytes,    2158184 total
[2023-10-12T08:13:34.641+0000][7][gc,phases   ] GC(1)   Pre Evacuate Collection Set: 0.2ms
[2023-10-12T08:13:34.641+0000][7][gc,phases   ] GC(1)   Merge Heap Roots: 0.2ms
[2023-10-12T08:13:34.641+0000][7][gc,phases   ] GC(1)   Evacuate Collection Set: 3.0ms
[2023-10-12T08:13:34.642+0000][7][gc,phases   ] GC(1)   Post Evacuate Collection Set: 0.8ms
[2023-10-12T08:13:34.642+0000][7][gc,phases   ] GC(1)   Other: 1.3ms
[2023-10-12T08:13:34.642+0000][7][gc,heap     ] GC(1) Eden regions: 6->0(15)
[2023-10-12T08:13:34.642+0000][7][gc,heap     ] GC(1) Survivor regions: 1->1(1)
[2023-10-12T08:13:34.642+0000][7][gc,heap     ] GC(1) Old regions: 0->1
[2023-10-12T08:13:34.643+0000][7][gc,heap     ] GC(1) Archive regions: 2->2
[2023-10-12T08:13:34.643+0000][7][gc,heap     ] GC(1) Humongous regions: 0->0
[2023-10-12T08:13:34.643+0000][7][gc,metaspace] GC(1) Metaspace: 11950K(12224K)->11950K(12224K) NonClass: 10474K(10624K)->10474K(10624K) Class: 1476K(1600K)->1476K(1600K)
[2023-10-12T08:13:34.643+0000][7][gc          ] GC(1) Pause Young (Normal) (G1 Evacuation Pause) 31M->9M(512M) 7.747ms
[2023-10-12T08:13:34.643+0000][7][gc,cpu      ] GC(1) User=0.03s Sys=0.00s Real=0.01s
[2023-10-12T08:13:34.644+0000][7][safepoint   ] Safepoint "G1CollectForAllocation", Time since last: 521043611 ns, Reaching safepoint: 203869 ns, At safepoint: 8166379 ns, Total: 8370248 ns
[2023-10-12T08:13:34.760+0000][7][safepoint   ] Safepoint "ICBufferFull", Time since last: 116361161 ns, Reaching safepoint: 260447 ns, At safepoint: 7545 ns, Total: 267992 ns
[2023-10-12T08:13:35.641+0000][7][safepoint   ] Safepoint "ICBufferFull", Time since last: 880479208 ns, Reaching safepoint: 321805 ns, At safepoint: 17303 ns, Total: 339108 ns
[2023-10-12T08:13:35.732+0000][7][gc,start    ] GC(2) Pause Young (Normal) (G1 Evacuation Pause)
[2023-10-12T08:13:35.733+0000][7][gc,task     ] GC(2) Using 10 workers of 10 for evacuation
[2023-10-12T08:13:35.733+0000][7][gc,age      ] GC(2) Desired survivor size 4194304 bytes, new threshold 15 (max threshold 15)
[2023-10-12T08:13:35.740+0000][7][gc,age      ] GC(2) Age table with threshold 15 (max threshold 15)
[2023-10-12T08:13:35.740+0000][7][gc,age      ] GC(2) - age   1:    1652072 bytes,    1652072 total
[2023-10-12T08:13:35.741+0000][7][gc,age      ] GC(2) - age   2:    2126480 bytes,    3778552 total
[2023-10-12T08:13:35.741+0000][7][gc,phases   ] GC(2)   Pre Evacuate Collection Set: 0.4ms
[2023-10-12T08:13:35.741+0000][7][gc,phases   ] GC(2)   Merge Heap Roots: 0.3ms
[2023-10-12T08:13:35.742+0000][7][gc,phases   ] GC(2)   Evacuate Collection Set: 3.6ms
[2023-10-12T08:13:35.742+0000][7][gc,phases   ] GC(2)   Post Evacuate Collection Set: 2.4ms
[2023-10-12T08:13:35.742+0000][7][gc,phases   ] GC(2)   Other: 2.0ms
[2023-10-12T08:13:35.742+0000][7][gc,heap     ] GC(2) Eden regions: 15->0(63)
[2023-10-12T08:13:35.743+0000][7][gc,heap     ] GC(2) Survivor regions: 1->1(2)
[2023-10-12T08:13:35.743+0000][7][gc,heap     ] GC(2) Old regions: 1->1
[2023-10-12T08:13:35.744+0000][7][gc,heap     ] GC(2) Archive regions: 2->2
[2023-10-12T08:13:35.744+0000][7][gc,heap     ] GC(2) Humongous regions: 0->0
[2023-10-12T08:13:35.744+0000][7][gc,metaspace] GC(2) Metaspace: 15332K(15616K)->15332K(15616K) NonClass: 13524K(13696K)->13524K(13696K) Class: 1807K(1920K)->1807K(1920K)
[2023-10-12T08:13:35.744+0000][7][gc          ] GC(2) Pause Young (Normal) (G1 Evacuation Pause) 69M->11M(512M) 11.873ms
[2023-10-12T08:13:35.744+0000][7][gc,cpu      ] GC(2) User=0.04s Sys=0.00s Real=0.01s
[2023-10-12T08:13:35.745+0000][7][safepoint   ] Safepoint "G1CollectForAllocation", Time since last: 91013631 ns, Reaching safepoint: 352043 ns, At safepoint: 12323365 ns, Total: 12675408 ns
[2023-10-12T08:13:37.066+0000][7][safepoint   ] Safepoint "ICBufferFull", Time since last: 1320668986 ns, Reaching safepoint: 409994 ns, At safepoint: 52050 ns, Total: 462044 ns
[2023-10-12T08:13:38.088+0000][7][gc,start    ] GC(3) Pause Young (Normal) (G1 Evacuation Pause)
[2023-10-12T08:13:38.093+0000][7][gc,task     ] GC(3) Using 10 workers of 10 for evacuation
[2023-10-12T08:13:38.100+0000][7][gc,age      ] GC(3) Desired survivor size 16777216 bytes, new threshold 15 (max threshold 15)
[2023-10-12T08:13:38.119+0000][7][gc,age      ] GC(3) Age table with threshold 15 (max threshold 15)
[2023-10-12T08:13:38.119+0000][7][gc,age      ] GC(3) - age   1:    4900632 bytes,    4900632 total
[2023-10-12T08:13:38.120+0000][7][gc,age      ] GC(3) - age   2:    1615560 bytes,    6516192 total
[2023-10-12T08:13:38.120+0000][7][gc,age      ] GC(3) - age   3:    2115168 bytes,    8631360 total
[2023-10-12T08:13:38.121+0000][7][gc,phases   ] GC(3)   Pre Evacuate Collection Set: 1.2ms
[2023-10-12T08:13:38.122+0000][7][gc,phases   ] GC(3)   Merge Heap Roots: 0.3ms
[2023-10-12T08:13:38.122+0000][7][gc,phases   ] GC(3)   Evacuate Collection Set: 9.7ms
[2023-10-12T08:13:38.123+0000][7][gc,phases   ] GC(3)   Post Evacuate Collection Set: 1.8ms
[2023-10-12T08:13:38.124+0000][7][gc,phases   ] GC(3)   Other: 20.2ms
[2023-10-12T08:13:38.124+0000][7][gc,heap     ] GC(3) Eden regions: 63->0(73)
[2023-10-12T08:13:38.125+0000][7][gc,heap     ] GC(3) Survivor regions: 1->3(8)
[2023-10-12T08:13:38.125+0000][7][gc,heap     ] GC(3) Old regions: 1->1
[2023-10-12T08:13:38.126+0000][7][gc,heap     ] GC(3) Archive regions: 2->2
[2023-10-12T08:13:38.126+0000][7][gc,heap     ] GC(3) Humongous regions: 0->0
[2023-10-12T08:13:38.126+0000][7][gc,metaspace] GC(3) Metaspace: 20989K(21376K)->20989K(21376K) NonClass: 18487K(18688K)->18487K(18688K) Class: 2502K(2688K)->2502K(2688K)
[2023-10-12T08:13:38.127+0000][7][gc          ] GC(3) Pause Young (Normal) (G1 Evacuation Pause) 263M->16M(512M) 39.004ms
[2023-10-12T08:13:38.127+0000][7][gc,cpu      ] GC(3) User=0.14s Sys=0.00s Real=0.04s
[2023-10-12T08:13:38.128+0000][7][safepoint   ] Safepoint "G1CollectForAllocation", Time since last: 1021497867 ns, Reaching safepoint: 377843 ns, At safepoint: 40201570 ns, Total: 40579413 ns
[2023-10-12T08:13:38.370+0000][7][gc,start    ] GC(4) Pause Young (Concurrent Start) (Metadata GC Threshold)
[2023-10-12T08:13:38.370+0000][7][gc,task     ] GC(4) Using 10 workers of 10 for evacuation
[2023-10-12T08:13:38.371+0000][7][gc,age      ] GC(4) Desired survivor size 20971520 bytes, new threshold 15 (max threshold 15)
[2023-10-12T08:13:38.379+0000][7][gc,age      ] GC(4) Age table with threshold 15 (max threshold 15)
[2023-10-12T08:13:38.380+0000][7][gc,age      ] GC(4) - age   1:     478280 bytes,     478280 total
[2023-10-12T08:13:38.380+0000][7][gc,age      ] GC(4) - age   2:    4270784 bytes,    4749064 total
[2023-10-12T08:13:38.380+0000][7][gc,age      ] GC(4) - age   3:    1615560 bytes,    6364624 total
[2023-10-12T08:13:38.381+0000][7][gc,age      ] GC(4) - age   4:    2115168 bytes,    8479792 total
[2023-10-12T08:13:38.381+0000][7][gc,phases   ] GC(4)   Pre Evacuate Collection Set: 0.3ms
[2023-10-12T08:13:38.381+0000][7][gc,phases   ] GC(4)   Merge Heap Roots: 0.3ms
[2023-10-12T08:13:38.382+0000][7][gc,phases   ] GC(4)   Evacuate Collection Set: 5.9ms
[2023-10-12T08:13:38.382+0000][7][gc,phases   ] GC(4)   Post Evacuate Collection Set: 1.6ms
[2023-10-12T08:13:38.382+0000][7][gc,phases   ] GC(4)   Other: 3.0ms
[2023-10-12T08:13:38.382+0000][7][gc,heap     ] GC(4) Eden regions: 13->0(73)
[2023-10-12T08:13:38.382+0000][7][gc,heap     ] GC(4) Survivor regions: 3->3(10)
[2023-10-12T08:13:38.383+0000][7][gc,heap     ] GC(4) Old regions: 1->1
[2023-10-12T08:13:38.383+0000][7][gc,heap     ] GC(4) Archive regions: 2->2
[2023-10-12T08:13:38.383+0000][7][gc,heap     ] GC(4) Humongous regions: 0->0
[2023-10-12T08:13:38.383+0000][7][gc,metaspace] GC(4) Metaspace: 21170K(21504K)->21170K(21504K) NonClass: 18634K(18816K)->18634K(18816K) Class: 2535K(2688K)->2535K(2688K)
[2023-10-12T08:13:38.384+0000][7][gc          ] GC(4) Pause Young (Concurrent Start) (Metadata GC Threshold) 68M->16M(512M) 13.610ms
[2023-10-12T08:13:38.384+0000][7][gc,cpu      ] GC(4) User=0.08s Sys=0.00s Real=0.02s
[2023-10-12T08:13:38.384+0000][7][gc          ] GC(5) Concurrent Mark Cycle
[2023-10-12T08:13:38.384+0000][7][safepoint   ] Safepoint "CollectForMetadataAllocation", Time since last: 241802155 ns, Reaching safepoint: 257542 ns, At safepoint: 14573275 ns, Total: 14830817 ns
[2023-10-12T08:13:38.385+0000][7][gc,marking  ] GC(5) Concurrent Clear Claimed Marks
[2023-10-12T08:13:38.387+0000][7][gc,marking  ] GC(5) Concurrent Clear Claimed Marks 1.403ms
[2023-10-12T08:13:38.387+0000][7][gc,marking  ] GC(5) Concurrent Scan Root Regions
[2023-10-12T08:13:38.392+0000][7][gc,marking  ] GC(5) Concurrent Scan Root Regions 5.272ms
[2023-10-12T08:13:38.393+0000][7][gc,marking  ] GC(5) Concurrent Mark
[2023-10-12T08:13:38.394+0000][7][gc,marking  ] GC(5) Concurrent Mark From Roots
[2023-10-12T08:13:38.394+0000][7][gc,task     ] GC(5) Using 3 workers of 3 for marking
[2023-10-12T08:13:38.400+0000][7][gc,marking  ] GC(5) Concurrent Mark From Roots 6.378ms
[2023-10-12T08:13:38.400+0000][7][gc,marking  ] GC(5) Concurrent Preclean
[2023-10-12T08:13:38.401+0000][7][gc,marking  ] GC(5) Concurrent Preclean 0.833ms
[2023-10-12T08:13:38.402+0000][7][gc,start    ] GC(5) Pause Remark
[2023-10-12T08:13:38.408+0000][7][gc          ] GC(5) Pause Remark 18M->18M(512M) 5.785ms
[2023-10-12T08:13:38.409+0000][7][gc,cpu      ] GC(5) User=0.03s Sys=0.00s Real=0.00s
[2023-10-12T08:13:38.409+0000][7][safepoint   ] Safepoint "G1Concurrent", Time since last: 17469330 ns, Reaching safepoint: 423420 ns, At safepoint: 6722730 ns, Total: 7146150 ns
[2023-10-12T08:13:38.410+0000][7][gc,marking  ] GC(5) Concurrent Mark 16.772ms
[2023-10-12T08:13:38.410+0000][7][gc,marking  ] GC(5) Concurrent Rebuild Remembered Sets
[2023-10-12T08:13:38.410+0000][7][gc,marking  ] GC(5) Concurrent Rebuild Remembered Sets 0.323ms
[2023-10-12T08:13:38.411+0000][7][gc,start    ] GC(5) Pause Cleanup
[2023-10-12T08:13:38.412+0000][7][gc          ] GC(5) Pause Cleanup 18M->18M(512M) 0.560ms
[2023-10-12T08:13:38.412+0000][7][gc,cpu      ] GC(5) User=0.00s Sys=0.00s Real=0.00s
[2023-10-12T08:13:38.413+0000][7][safepoint   ] Safepoint "G1Concurrent", Time since last: 1965998 ns, Reaching safepoint: 389053 ns, At safepoint: 1448979 ns, Total: 1838032 ns
[2023-10-12T08:13:38.414+0000][7][gc,marking  ] GC(5) Concurrent Cleanup for Next Mark
[2023-10-12T08:13:38.417+0000][7][gc,marking  ] GC(5) Concurrent Cleanup for Next Mark 2.515ms
[2023-10-12T08:13:38.418+0000][7][gc          ] GC(5) Concurrent Mark Cycle 33.665ms
[2023-10-12T08:13:38.669+0000][7][safepoint   ] Safepoint "ICBufferFull", Time since last: 256066410 ns, Reaching safepoint: 280136 ns, At safepoint: 8626 ns, Total: 288762 ns
[2023-10-12T08:13:38.680+0000][7][safepoint   ] Safepoint "ICBufferFull", Time since last: 10119152 ns, Reaching safepoint: 230019 ns, At safepoint: 25900 ns, Total: 255919 ns
[2023-10-12T08:13:38.690+0000][7][safepoint   ] Safepoint "ICBufferFull", Time since last: 9531368 ns, Reaching safepoint: 313529 ns, At safepoint: 38935 ns, Total: 352464 ns
[2023-10-12T08:13:38.692+0000][7][safepoint   ] Safepoint "ICBufferFull", Time since last: 2071459 ns, Reaching safepoint: 404754 ns, At safepoint: 78109 ns, Total: 482863 ns
[2023-10-12T08:13:38.695+0000][7][safepoint   ] Safepoint "ICBufferFull", Time since last: 2197601 ns, Reaching safepoint: 455540 ns, At safepoint: 82909 ns, Total: 538449 ns
[2023-10-12T08:13:39.687+0000][7][gc,start    ] GC(6) Pause Young (Normal) (G1 Evacuation Pause)
[2023-10-12T08:13:39.688+0000][7][gc,task     ] GC(6) Using 10 workers of 10 for evacuation
[2023-10-12T08:13:39.688+0000][7][gc,age      ] GC(6) Desired survivor size 20971520 bytes, new threshold 15 (max threshold 15)
[2023-10-12T08:13:39.696+0000][7][gc,age      ] GC(6) Age table with threshold 15 (max threshold 15)
[2023-10-12T08:13:39.698+0000][7][gc,age      ] GC(6) - age   1:    3779272 bytes,    3779272 total
[2023-10-12T08:13:39.698+0000][7][gc,age      ] GC(6) - age   2:     468848 bytes,    4248120 total
[2023-10-12T08:13:39.698+0000][7][gc,age      ] GC(6) - age   3:    4268472 bytes,    8516592 total
[2023-10-12T08:13:39.699+0000][7][gc,age      ] GC(6) - age   4:    1612176 bytes,   10128768 total
[2023-10-12T08:13:39.699+0000][7][gc,age      ] GC(6) - age   5:    2113008 bytes,   12241776 total
[2023-10-12T08:13:39.699+0000][7][gc,phases   ] GC(6)   Pre Evacuate Collection Set: 0.4ms
[2023-10-12T08:13:39.700+0000][7][gc,phases   ] GC(6)   Merge Heap Roots: 0.3ms
[2023-10-12T08:13:39.700+0000][7][gc,phases   ] GC(6)   Evacuate Collection Set: 4.7ms
[2023-10-12T08:13:39.700+0000][7][gc,phases   ] GC(6)   Post Evacuate Collection Set: 1.5ms
[2023-10-12T08:13:39.701+0000][7][gc,phases   ] GC(6)   Other: 5.2ms
[2023-10-12T08:13:39.701+0000][7][gc,heap     ] GC(6) Eden regions: 73->0(72)
[2023-10-12T08:13:39.701+0000][7][gc,heap     ] GC(6) Survivor regions: 3->4(10)
[2023-10-12T08:13:39.702+0000][7][gc,heap     ] GC(6) Old regions: 1->1
[2023-10-12T08:13:39.702+0000][7][gc,heap     ] GC(6) Archive regions: 2->2
[2023-10-12T08:13:39.703+0000][7][gc,heap     ] GC(6) Humongous regions: 0->0
[2023-10-12T08:13:39.703+0000][7][gc,metaspace] GC(6) Metaspace: 23109K(23552K)->23109K(23552K) NonClass: 20309K(20544K)->20309K(20544K) Class: 2800K(3008K)->2800K(3008K)
[2023-10-12T08:13:39.703+0000][7][gc          ] GC(6) Pause Young (Normal) (G1 Evacuation Pause) 308M->20M(512M) 16.139ms
[2023-10-12T08:13:39.704+0000][7][gc,cpu      ] GC(6) User=0.06s Sys=0.00s Real=0.02s
[2023-10-12T08:13:39.704+0000][7][safepoint   ] Safepoint "G1CollectForAllocation", Time since last: 992135615 ns, Reaching safepoint: 315192 ns, At safepoint: 16781426 ns, Total: 17096618 ns
[2023-10-12T08:13:40.794+0000][7][safepoint   ] Safepoint "ICBufferFull", Time since last: 1089425353 ns, Reaching safepoint: 281427 ns, At safepoint: 6122 ns, Total: 287549 ns
[2023-10-12T08:13:40.979+0000][7][gc,start    ] GC(7) Pause Young (Normal) (G1 Evacuation Pause)
[2023-10-12T08:13:40.979+0000][7][gc,task     ] GC(7) Using 10 workers of 10 for evacuation
[2023-10-12T08:13:40.980+0000][7][gc,age      ] GC(7) Desired survivor size 20971520 bytes, new threshold 15 (max threshold 15)
[2023-10-12T08:13:40.989+0000][7][gc,age      ] GC(7) Age table with threshold 15 (max threshold 15)
[2023-10-12T08:13:40.989+0000][7][gc,age      ] GC(7) - age   1:    3047128 bytes,    3047128 total
[2023-10-12T08:13:40.990+0000][7][gc,age      ] GC(7) - age   2:    3045760 bytes,    6092888 total
[2023-10-12T08:13:40.990+0000][7][gc,age      ] GC(7) - age   3:     466176 bytes,    6559064 total
[2023-10-12T08:13:40.990+0000][7][gc,age      ] GC(7) - age   4:    4264272 bytes,   10823336 total
[2023-10-12T08:13:40.991+0000][7][gc,age      ] GC(7) - age   5:    1589784 bytes,   12413120 total
[2023-10-12T08:13:40.991+0000][7][gc,age      ] GC(7) - age   6:    2107424 bytes,   14520544 total
[2023-10-12T08:13:40.991+0000][7][gc,phases   ] GC(7)   Pre Evacuate Collection Set: 0.3ms
[2023-10-12T08:13:40.992+0000][7][gc,phases   ] GC(7)   Merge Heap Roots: 0.4ms
[2023-10-12T08:13:40.992+0000][7][gc,phases   ] GC(7)   Evacuate Collection Set: 6.1ms
[2023-10-12T08:13:40.993+0000][7][gc,phases   ] GC(7)   Post Evacuate Collection Set: 1.8ms
[2023-10-12T08:13:40.993+0000][7][gc,phases   ] GC(7)   Other: 4.1ms
[2023-10-12T08:13:40.993+0000][7][gc,heap     ] GC(7) Eden regions: 72->0(72)
[2023-10-12T08:13:40.994+0000][7][gc,heap     ] GC(7) Survivor regions: 4->4(10)
[2023-10-12T08:13:40.994+0000][7][gc,heap     ] GC(7) Old regions: 1->1
[2023-10-12T08:13:40.994+0000][7][gc,heap     ] GC(7) Archive regions: 2->2
[2023-10-12T08:13:40.995+0000][7][gc,heap     ] GC(7) Humongous regions: 0->0
[2023-10-12T08:13:40.995+0000][7][gc,metaspace] GC(7) Metaspace: 28140K(28672K)->28140K(28672K) NonClass: 24743K(25024K)->24743K(25024K) Class: 3397K(3648K)->3397K(3648K)
[2023-10-12T08:13:40.996+0000][7][gc          ] GC(7) Pause Young (Normal) (G1 Evacuation Pause) 308M->22M(512M) 16.709ms
[2023-10-12T08:13:40.996+0000][7][gc,cpu      ] GC(7) User=0.07s Sys=0.00s Real=0.02s
[2023-10-12T08:13:40.996+0000][7][safepoint   ] Safepoint "G1CollectForAllocation", Time since last: 185561729 ns, Reaching safepoint: 480899 ns, At safepoint: 17652170 ns, Total: 18133069 ns
[2023-10-12T08:13:41.867+0000][7][gc,start    ] GC(8) Pause Young (Normal) (G1 Evacuation Pause)
[2023-10-12T08:13:41.867+0000][7][gc,task     ] GC(8) Using 10 workers of 10 for evacuation
[2023-10-12T08:13:41.868+0000][7][gc,age      ] GC(8) Desired survivor size 20971520 bytes, new threshold 15 (max threshold 15)
[2023-10-12T08:13:41.878+0000][7][gc,age      ] GC(8) Age table with threshold 15 (max threshold 15)
[2023-10-12T08:13:41.878+0000][7][gc,age      ] GC(8) - age   1:    4241904 bytes,    4241904 total
[2023-10-12T08:13:41.878+0000][7][gc,age      ] GC(8) - age   2:    3018800 bytes,    7260704 total
[2023-10-12T08:13:41.879+0000][7][gc,age      ] GC(8) - age   3:    3044368 bytes,   10305072 total
[2023-10-12T08:13:41.879+0000][7][gc,age      ] GC(8) - age   4:     466176 bytes,   10771248 total
[2023-10-12T08:13:41.879+0000][7][gc,age      ] GC(8) - age   5:    4263976 bytes,   15035224 total
[2023-10-12T08:13:41.880+0000][7][gc,age      ] GC(8) - age   6:    1589216 bytes,   16624440 total
[2023-10-12T08:13:41.880+0000][7][gc,age      ] GC(8) - age   7:    2107424 bytes,   18731864 total
[2023-10-12T08:13:41.881+0000][7][gc,phases   ] GC(8)   Pre Evacuate Collection Set: 0.3ms
[2023-10-12T08:13:41.881+0000][7][gc,phases   ] GC(8)   Merge Heap Roots: 0.3ms
[2023-10-12T08:13:41.882+0000][7][gc,phases   ] GC(8)   Evacuate Collection Set: 7.7ms
[2023-10-12T08:13:41.882+0000][7][gc,phases   ] GC(8)   Post Evacuate Collection Set: 1.6ms
[2023-10-12T08:13:41.883+0000][7][gc,phases   ] GC(8)   Other: 4.1ms
[2023-10-12T08:13:41.884+0000][7][gc,heap     ] GC(8) Eden regions: 72->0(71)
[2023-10-12T08:13:41.885+0000][7][gc,heap     ] GC(8) Survivor regions: 4->5(10)
[2023-10-12T08:13:41.886+0000][7][gc,heap     ] GC(8) Old regions: 1->1
[2023-10-12T08:13:41.887+0000][7][gc,heap     ] GC(8) Archive regions: 2->2
[2023-10-12T08:13:41.887+0000][7][gc,heap     ] GC(8) Humongous regions: 0->0
[2023-10-12T08:13:41.887+0000][7][gc,metaspace] GC(8) Metaspace: 29267K(29824K)->29267K(29824K) NonClass: 25710K(26048K)->25710K(26048K) Class: 3556K(3776K)->3556K(3776K)
[2023-10-12T08:13:41.888+0000][7][gc          ] GC(8) Pause Young (Normal) (G1 Evacuation Pause) 310M->27M(512M) 21.036ms
[2023-10-12T08:13:41.888+0000][7][gc,cpu      ] GC(8) User=0.05s Sys=0.00s Real=0.02s
[2023-10-12T08:13:41.888+0000][7][safepoint   ] Safepoint "G1CollectForAllocation", Time since last: 869912531 ns, Reaching safepoint: 348205 ns, At safepoint: 21805108 ns, Total: 22153313 ns
[2023-10-12T08:13:42.379+0000][7][gc,start    ] GC(9) Pause Young (Normal) (G1 Evacuation Pause)
[2023-10-12T08:13:42.380+0000][7][gc,task     ] GC(9) Using 10 workers of 10 for evacuation
[2023-10-12T08:13:42.380+0000][7][gc,age      ] GC(9) Desired survivor size 20971520 bytes, new threshold 15 (max threshold 15)
[2023-10-12T08:13:42.388+0000][7][gc,age      ] GC(9) Age table with threshold 15 (max threshold 15)
[2023-10-12T08:13:42.389+0000][7][gc,age      ] GC(9) - age   1:    1681008 bytes,    1681008 total
[2023-10-12T08:13:42.389+0000][7][gc,age      ] GC(9) - age   2:    2537792 bytes,    4218800 total
[2023-10-12T08:13:42.390+0000][7][gc,age      ] GC(9) - age   3:    3018264 bytes,    7237064 total
[2023-10-12T08:13:42.390+0000][7][gc,age      ] GC(9) - age   4:    3043472 bytes,   10280536 total
[2023-10-12T08:13:42.391+0000][7][gc,age      ] GC(9) - age   5:     466112 bytes,   10746648 total
[2023-10-12T08:13:42.391+0000][7][gc,age      ] GC(9) - age   6:    4242232 bytes,   14988880 total
[2023-10-12T08:13:42.391+0000][7][gc,age      ] GC(9) - age   7:    1588192 bytes,   16577072 total
[2023-10-12T08:13:42.392+0000][7][gc,age      ] GC(9) - age   8:    2103296 bytes,   18680368 total
[2023-10-12T08:13:42.392+0000][7][gc,phases   ] GC(9)   Pre Evacuate Collection Set: 0.3ms
[2023-10-12T08:13:42.393+0000][7][gc,phases   ] GC(9)   Merge Heap Roots: 0.3ms
[2023-10-12T08:13:42.393+0000][7][gc,phases   ] GC(9)   Evacuate Collection Set: 5.7ms
[2023-10-12T08:13:42.393+0000][7][gc,phases   ] GC(9)   Post Evacuate Collection Set: 1.7ms
[2023-10-12T08:13:42.394+0000][7][gc,phases   ] GC(9)   Other: 5.0ms
[2023-10-12T08:13:42.394+0000][7][gc,heap     ] GC(9) Eden regions: 71->0(71)
[2023-10-12T08:13:42.395+0000][7][gc,heap     ] GC(9) Survivor regions: 5->5(10)
[2023-10-12T08:13:42.395+0000][7][gc,heap     ] GC(9) Old regions: 1->1
[2023-10-12T08:13:42.396+0000][7][gc,heap     ] GC(9) Archive regions: 2->2
[2023-10-12T08:13:42.396+0000][7][gc,heap     ] GC(9) Humongous regions: 0->0
[2023-10-12T08:13:42.397+0000][7][gc,metaspace] GC(9) Metaspace: 29523K(30144K)->29523K(30144K) NonClass: 25919K(26304K)->25919K(26304K) Class: 3604K(3840K)->3604K(3840K)
[2023-10-12T08:13:42.397+0000][7][gc          ] GC(9) Pause Young (Normal) (G1 Evacuation Pause) 311M->27M(512M) 17.641ms
[2023-10-12T08:13:42.397+0000][7][gc,cpu      ] GC(9) User=0.05s Sys=0.01s Real=0.02s
[2023-10-12T08:13:42.397+0000][7][safepoint   ] Safepoint "G1CollectForAllocation", Time since last: 490472298 ns, Reaching safepoint: 278172 ns, At safepoint: 18273377 ns, Total: 18551549 ns
[2023-10-12T08:13:43.710+0000][7][safepoint   ] Safepoint "ICBufferFull", Time since last: 1311959850 ns, Reaching safepoint: 334700 ns, At safepoint: 8967 ns, Total: 343667 ns
[2023-10-12T08:13:43.712+0000][7][safepoint   ] Safepoint "ICBufferFull", Time since last: 1587835 ns, Reaching safepoint: 262852 ns, At safepoint: 8747 ns, Total: 271599 ns
[2023-10-12T08:13:43.714+0000][7][safepoint   ] Safepoint "ICBufferFull", Time since last: 1616750 ns, Reaching safepoint: 286558 ns, At safepoint: 10991 ns, Total: 297549 ns
[2023-10-12T08:13:43.716+0000][7][safepoint   ] Safepoint "ICBufferFull", Time since last: 1733403 ns, Reaching safepoint: 283352 ns, At safepoint: 44385 ns, Total: 327737 ns
[2023-10-12T08:13:43.988+0000][7][gc,start    ] GC(10) Pause Young (Concurrent Start) (Metadata GC Threshold)
[2023-10-12T08:13:43.989+0000][7][gc,task     ] GC(10) Using 10 workers of 10 for evacuation
[2023-10-12T08:13:43.989+0000][7][gc,age      ] GC(10) Desired survivor size 20971520 bytes, new threshold 15 (max threshold 15)
[2023-10-12T08:13:44.000+0000][7][gc,age      ] GC(10) Age table with threshold 15 (max threshold 15)
[2023-10-12T08:13:44.001+0000][7][gc,age      ] GC(10) - age   1:    2275440 bytes,    2275440 total
[2023-10-12T08:13:44.001+0000][7][gc,age      ] GC(10) - age   2:     627832 bytes,    2903272 total
[2023-10-12T08:13:44.001+0000][7][gc,age      ] GC(10) - age   3:    2517944 bytes,    5421216 total
[2023-10-12T08:13:44.001+0000][7][gc,age      ] GC(10) - age   4:    3002048 bytes,    8423264 total
[2023-10-12T08:13:44.002+0000][7][gc,age      ] GC(10) - age   5:    3024088 bytes,   11447352 total
[2023-10-12T08:13:44.002+0000][7][gc,age      ] GC(10) - age   6:     464056 bytes,   11911408 total
[2023-10-12T08:13:44.002+0000][7][gc,age      ] GC(10) - age   7:    4199720 bytes,   16111128 total
[2023-10-12T08:13:44.003+0000][7][gc,age      ] GC(10) - age   8:    1557360 bytes,   17668488 total
[2023-10-12T08:13:44.003+0000][7][gc,age      ] GC(10) - age   9:    2102976 bytes,   19771464 total
[2023-10-12T08:13:44.003+0000][7][gc,phases   ] GC(10)   Pre Evacuate Collection Set: 0.5ms
[2023-10-12T08:13:44.004+0000][7][gc,phases   ] GC(10)   Merge Heap Roots: 0.3ms
[2023-10-12T08:13:44.004+0000][7][gc,phases   ] GC(10)   Evacuate Collection Set: 8.3ms
[2023-10-12T08:13:44.004+0000][7][gc,phases   ] GC(10)   Post Evacuate Collection Set: 2.0ms
[2023-10-12T08:13:44.004+0000][7][gc,phases   ] GC(10)   Other: 4.1ms
[2023-10-12T08:13:44.004+0000][7][gc,heap     ] GC(10) Eden regions: 22->0(70)
[2023-10-12T08:13:44.005+0000][7][gc,heap     ] GC(10) Survivor regions: 5->6(10)
[2023-10-12T08:13:44.005+0000][7][gc,heap     ] GC(10) Old regions: 1->1
[2023-10-12T08:13:44.005+0000][7][gc,heap     ] GC(10) Archive regions: 2->2
[2023-10-12T08:13:44.005+0000][7][gc,heap     ] GC(10) Humongous regions: 0->0
[2023-10-12T08:13:44.005+0000][7][gc,metaspace] GC(10) Metaspace: 35212K(35968K)->35212K(35968K) NonClass: 30840K(31232K)->30840K(31232K) Class: 4371K(4736K)->4371K(4736K)
[2023-10-12T08:13:44.006+0000][7][gc          ] GC(10) Pause Young (Concurrent Start) (Metadata GC Threshold) 113M->28M(512M) 17.355ms
[2023-10-12T08:13:44.006+0000][7][gc,cpu      ] GC(10) User=0.05s Sys=0.02s Real=0.02s
[2023-10-12T08:13:44.006+0000][7][gc          ] GC(11) Concurrent Mark Cycle
[2023-10-12T08:13:44.006+0000][7][safepoint   ] Safepoint "CollectForMetadataAllocation", Time since last: 272024141 ns, Reaching safepoint: 462494 ns, At safepoint: 18203824 ns, Total: 18666318 ns
[2023-10-12T08:13:44.007+0000][7][gc,marking  ] GC(11) Concurrent Clear Claimed Marks
[2023-10-12T08:13:44.008+0000][7][gc,marking  ] GC(11) Concurrent Clear Claimed Marks 1.042ms
[2023-10-12T08:13:44.008+0000][7][gc,marking  ] GC(11) Concurrent Scan Root Regions
[2023-10-12T08:13:44.013+0000][7][gc,marking  ] GC(11) Concurrent Scan Root Regions 4.432ms
[2023-10-12T08:13:44.013+0000][7][gc,marking  ] GC(11) Concurrent Mark
[2023-10-12T08:13:44.013+0000][7][gc,marking  ] GC(11) Concurrent Mark From Roots
[2023-10-12T08:13:44.014+0000][7][gc,task     ] GC(11) Using 3 workers of 3 for marking
[2023-10-12T08:13:44.019+0000][7][gc,marking  ] GC(11) Concurrent Mark From Roots 5.950ms
[2023-10-12T08:13:44.020+0000][7][gc,marking  ] GC(11) Concurrent Preclean
[2023-10-12T08:13:44.020+0000][7][gc,marking  ] GC(11) Concurrent Preclean 0.417ms
[2023-10-12T08:13:44.021+0000][7][gc,start    ] GC(11) Pause Remark
[2023-10-12T08:13:44.025+0000][7][gc          ] GC(11) Pause Remark 30M->30M(512M) 3.738ms
[2023-10-12T08:13:44.025+0000][7][gc,cpu      ] GC(11) User=0.02s Sys=0.00s Real=0.00s
[2023-10-12T08:13:44.025+0000][7][safepoint   ] Safepoint "G1Concurrent", Time since last: 14321373 ns, Reaching safepoint: 294573 ns, At safepoint: 4567020 ns, Total: 4861593 ns
[2023-10-12T08:13:44.026+0000][7][gc,marking  ] GC(11) Concurrent Mark 12.944ms
[2023-10-12T08:13:44.026+0000][7][gc,marking  ] GC(11) Concurrent Rebuild Remembered Sets
[2023-10-12T08:13:44.027+0000][7][gc,marking  ] GC(11) Concurrent Rebuild Remembered Sets 0.327ms
[2023-10-12T08:13:44.027+0000][7][gc,start    ] GC(11) Pause Cleanup
[2023-10-12T08:13:44.028+0000][7][gc          ] GC(11) Pause Cleanup 30M->30M(512M) 0.388ms
[2023-10-12T08:13:44.028+0000][7][gc,cpu      ] GC(11) User=0.00s Sys=0.00s Real=0.00s
[2023-10-12T08:13:44.028+0000][7][safepoint   ] Safepoint "G1Concurrent", Time since last: 1460852 ns, Reaching safepoint: 496048 ns, At safepoint: 1053464 ns, Total: 1549512 ns
[2023-10-12T08:13:44.029+0000][7][gc,marking  ] GC(11) Concurrent Cleanup for Next Mark
[2023-10-12T08:13:44.030+0000][7][gc,marking  ] GC(11) Concurrent Cleanup for Next Mark 1.258ms
[2023-10-12T08:13:44.031+0000][7][gc          ] GC(11) Concurrent Mark Cycle 24.337ms
[2023-10-12T08:13:45.084+0000][7][safepoint   ] Safepoint "ICBufferFull", Time since last: 1055682797 ns, Reaching safepoint: 253345 ns, At safepoint: 5600 ns, Total: 258945 ns
[2023-10-12T08:13:46.086+0000][7][safepoint   ] Safepoint "Cleanup", Time since last: 1000594144 ns, Reaching safepoint: 453807 ns, At safepoint: 49274 ns, Total: 503081 ns
[2023-10-12T08:13:47.087+0000][7][safepoint   ] Safepoint "Cleanup", Time since last: 1000592210 ns, Reaching safepoint: 539691 ns, At safepoint: 62349 ns, Total: 602040 ns
[2023-10-12T08:13:48.315+0000][7][safepoint   ] Safepoint "ICBufferFull", Time since last: 1228286389 ns, Reaching safepoint: 364767 ns, At safepoint: 65275 ns, Total: 430042 ns
[2023-10-12T08:13:48.424+0000][7][gc,start    ] GC(12) Pause Young (Normal) (G1 Evacuation Pause)
[2023-10-12T08:13:48.424+0000][7][gc,task     ] GC(12) Using 10 workers of 10 for evacuation
[2023-10-12T08:13:48.424+0000][7][gc,age      ] GC(12) Desired survivor size 20971520 bytes, new threshold 15 (max threshold 15)
[2023-10-12T08:13:48.451+0000][7][gc,age      ] GC(12) Age table with threshold 15 (max threshold 15)
[2023-10-12T08:13:48.452+0000][7][gc,age      ] GC(12) - age   1:   17763936 bytes,   17763936 total
[2023-10-12T08:13:48.453+0000][7][gc,age      ] GC(12) - age   2:    2172264 bytes,   19936200 total
[2023-10-12T08:13:48.453+0000][7][gc,age      ] GC(12) - age   3:     626024 bytes,   20562224 total
[2023-10-12T08:13:48.453+0000][7][gc,age      ] GC(12) - age   4:    2516816 bytes,   23079040 total
[2023-10-12T08:13:48.454+0000][7][gc,age      ] GC(12) - age   5:    3001040 bytes,   26080080 total
[2023-10-12T08:13:48.454+0000][7][gc,age      ] GC(12) - age   6:    3020072 bytes,   29100152 total
[2023-10-12T08:13:48.454+0000][7][gc,age      ] GC(12) - age   7:     463768 bytes,   29563920 total
[2023-10-12T08:13:48.455+0000][7][gc,age      ] GC(12) - age   8:    4195872 bytes,   33759792 total
[2023-10-12T08:13:48.455+0000][7][gc,age      ] GC(12) - age   9:    1544312 bytes,   35304104 total
[2023-10-12T08:13:48.456+0000][7][gc,age      ] GC(12) - age  10:    2099200 bytes,   37403304 total
[2023-10-12T08:13:48.456+0000][7][gc,phases   ] GC(12)   Pre Evacuate Collection Set: 0.3ms
[2023-10-12T08:13:48.456+0000][7][gc,phases   ] GC(12)   Merge Heap Roots: 0.3ms
[2023-10-12T08:13:48.457+0000][7][gc,phases   ] GC(12)   Evacuate Collection Set: 23.6ms
[2023-10-12T08:13:48.457+0000][7][gc,phases   ] GC(12)   Post Evacuate Collection Set: 2.3ms
[2023-10-12T08:13:48.458+0000][7][gc,phases   ] GC(12)   Other: 6.1ms
[2023-10-12T08:13:48.458+0000][7][gc,heap     ] GC(12) Eden regions: 70->0(66)
[2023-10-12T08:13:48.458+0000][7][gc,heap     ] GC(12) Survivor regions: 6->10(10)
[2023-10-12T08:13:48.458+0000][7][gc,heap     ] GC(12) Old regions: 1->1
[2023-10-12T08:13:48.459+0000][7][gc,heap     ] GC(12) Archive regions: 2->2
[2023-10-12T08:13:48.459+0000][7][gc,heap     ] GC(12) Humongous regions: 0->0
[2023-10-12T08:13:48.460+0000][7][gc,metaspace] GC(12) Metaspace: 44407K(45568K)->44407K(45568K) NonClass: 38683K(39296K)->38683K(39296K) Class: 5723K(6272K)->5723K(6272K)
[2023-10-12T08:13:48.460+0000][7][gc          ] GC(12) Pause Young (Normal) (G1 Evacuation Pause) 308M->45M(512M) 36.762ms
[2023-10-12T08:13:48.461+0000][7][gc,cpu      ] GC(12) User=0.22s Sys=0.00s Real=0.04s
[2023-10-12T08:13:48.461+0000][7][safepoint   ] Safepoint "G1CollectForAllocation", Time since last: 107733409 ns, Reaching safepoint: 321996 ns, At safepoint: 37694538 ns, Total: 38016534 ns
[2023-10-12T08:13:50.180+0000][7][safepoint   ] Safepoint "ICBufferFull", Time since last: 1717964017 ns, Reaching safepoint: 346172 ns, At safepoint: 11231 ns, Total: 357403 ns
[2023-10-12T08:13:50.525+0000][7][safepoint   ] Safepoint "ICBufferFull", Time since last: 345358661 ns, Reaching safepoint: 235681 ns, At safepoint: 23404 ns, Total: 259085 ns
[2023-10-12T08:13:50.546+0000][7][safepoint   ] Safepoint "ICBufferFull", Time since last: 20497719 ns, Reaching safepoint: 261410 ns, At safepoint: 5751 ns, Total: 267161 ns
[2023-10-12T08:13:50.858+0000][7][gc,start    ] GC(13) Pause Young (Normal) (G1 Evacuation Pause)
[2023-10-12T08:13:50.858+0000][7][gc,task     ] GC(13) Using 10 workers of 10 for evacuation
[2023-10-12T08:13:50.859+0000][7][gc,age      ] GC(13) Desired survivor size 20971520 bytes, new threshold 4 (max threshold 15)
[2023-10-12T08:13:50.877+0000][7][gc,age      ] GC(13) Age table with threshold 4 (max threshold 15)
[2023-10-12T08:13:50.877+0000][7][gc,age      ] GC(13) - age   1:    5619648 bytes,    5619648 total
[2023-10-12T08:13:50.877+0000][7][gc,age      ] GC(13) - age   2:   17568248 bytes,   23187896 total
[2023-10-12T08:13:50.878+0000][7][gc,age      ] GC(13) - age   3:    2156336 bytes,   25344232 total
[2023-10-12T08:13:50.878+0000][7][gc,age      ] GC(13) - age   4:     587520 bytes,   25931752 total
[2023-10-12T08:13:50.878+0000][7][gc,phases   ] GC(13)   Pre Evacuate Collection Set: 0.2ms
[2023-10-12T08:13:50.878+0000][7][gc,phases   ] GC(13)   Merge Heap Roots: 0.2ms
[2023-10-12T08:13:50.878+0000][7][gc,phases   ] GC(13)   Evacuate Collection Set: 15.7ms
[2023-10-12T08:13:50.879+0000][7][gc,phases   ] GC(13)   Post Evacuate Collection Set: 1.9ms
[2023-10-12T08:13:50.879+0000][7][gc,phases   ] GC(13)   Other: 1.9ms
[2023-10-12T08:13:50.879+0000][7][gc,heap     ] GC(13) Eden regions: 66->0(69)
[2023-10-12T08:13:50.879+0000][7][gc,heap     ] GC(13) Survivor regions: 10->7(10)
[2023-10-12T08:13:50.879+0000][7][gc,heap     ] GC(13) Old regions: 1->5
[2023-10-12T08:13:50.879+0000][7][gc,heap     ] GC(13) Archive regions: 2->2
[2023-10-12T08:13:50.880+0000][7][gc,heap     ] GC(13) Humongous regions: 0->0
[2023-10-12T08:13:50.880+0000][7][gc,metaspace] GC(13) Metaspace: 57892K(59200K)->57892K(59200K) NonClass: 50083K(50816K)->50083K(50816K) Class: 7808K(8384K)->7808K(8384K)
[2023-10-12T08:13:50.880+0000][7][gc          ] GC(13) Pause Young (Normal) (G1 Evacuation Pause) 309M->51M(512M) 22.152ms
[2023-10-12T08:13:50.880+0000][7][gc,cpu      ] GC(13) User=0.21s Sys=0.00s Real=0.03s
[2023-10-12T08:13:50.880+0000][7][safepoint   ] Safepoint "G1CollectForAllocation", Time since last: 311702862 ns, Reaching safepoint: 258053 ns, At safepoint: 22620546 ns, Total: 22878599 ns
[2023-10-12T08:13:51.179+0000][7][gc,start    ] GC(14) Pause Young (Concurrent Start) (Metadata GC Threshold)
[2023-10-12T08:13:51.180+0000][7][gc,task     ] GC(14) Using 10 workers of 10 for evacuation
[2023-10-12T08:13:51.180+0000][7][gc,age      ] GC(14) Desired survivor size 20971520 bytes, new threshold 2 (max threshold 15)
[2023-10-12T08:13:51.189+0000][7][gc,age      ] GC(14) Age table with threshold 2 (max threshold 15)
[2023-10-12T08:13:51.189+0000][7][gc,age      ] GC(14) - age   1:     458848 bytes,     458848 total
[2023-10-12T08:13:51.190+0000][7][gc,age      ] GC(14) - age   2:    5476408 bytes,    5935256 total
[2023-10-12T08:13:51.190+0000][7][gc,phases   ] GC(14)   Pre Evacuate Collection Set: 0.3ms
[2023-10-12T08:13:51.190+0000][7][gc,phases   ] GC(14)   Merge Heap Roots: 0.2ms
[2023-10-12T08:13:51.190+0000][7][gc,phases   ] GC(14)   Evacuate Collection Set: 7.4ms
[2023-10-12T08:13:51.190+0000][7][gc,phases   ] GC(14)   Post Evacuate Collection Set: 1.2ms
[2023-10-12T08:13:51.191+0000][7][gc,phases   ] GC(14)   Other: 1.7ms
[2023-10-12T08:13:51.191+0000][7][gc,heap     ] GC(14) Eden regions: 13->0(74)
[2023-10-12T08:13:51.191+0000][7][gc,heap     ] GC(14) Survivor regions: 7->2(10)
[2023-10-12T08:13:51.191+0000][7][gc,heap     ] GC(14) Old regions: 5->10
[2023-10-12T08:13:51.191+0000][7][gc,heap     ] GC(14) Archive regions: 2->2
[2023-10-12T08:13:51.192+0000][7][gc,heap     ] GC(14) Humongous regions: 0->0
[2023-10-12T08:13:51.192+0000][7][gc,metaspace] GC(14) Metaspace: 58758K(60096K)->58758K(60096K) NonClass: 50739K(51520K)->50739K(51520K) Class: 8019K(8576K)->8019K(8576K)
[2023-10-12T08:13:51.192+0000][7][gc          ] GC(14) Pause Young (Concurrent Start) (Metadata GC Threshold) 101M->51M(512M) 12.861ms
[2023-10-12T08:13:51.192+0000][7][gc,cpu      ] GC(14) User=0.09s Sys=0.01s Real=0.02s
[2023-10-12T08:13:51.192+0000][7][gc          ] GC(15) Concurrent Mark Cycle
[2023-10-12T08:13:51.192+0000][7][safepoint   ] Safepoint "CollectForMetadataAllocation", Time since last: 298217717 ns, Reaching safepoint: 431765 ns, At safepoint: 13349666 ns, Total: 13781431 ns
[2023-10-12T08:13:51.193+0000][7][gc,marking  ] GC(15) Concurrent Clear Claimed Marks
[2023-10-12T08:13:51.193+0000][7][gc,marking  ] GC(15) Concurrent Clear Claimed Marks 0.706ms
[2023-10-12T08:13:51.194+0000][7][gc,marking  ] GC(15) Concurrent Scan Root Regions
[2023-10-12T08:13:51.201+0000][7][gc,marking  ] GC(15) Concurrent Scan Root Regions 7.797ms
[2023-10-12T08:13:51.202+0000][7][gc,marking  ] GC(15) Concurrent Mark
[2023-10-12T08:13:51.202+0000][7][gc,marking  ] GC(15) Concurrent Mark From Roots
[2023-10-12T08:13:51.202+0000][7][gc,task     ] GC(15) Using 3 workers of 3 for marking
[2023-10-12T08:13:51.211+0000][7][safepoint   ] Safepoint "CollectForMetadataAllocation", Time since last: 18251275 ns, Reaching safepoint: 289113 ns, At safepoint: 121182 ns, Total: 410295 ns
[2023-10-12T08:13:51.213+0000][7][gc,marking  ] GC(15) Concurrent Mark From Roots 10.387ms
[2023-10-12T08:13:51.213+0000][7][gc,marking  ] GC(15) Concurrent Preclean
[2023-10-12T08:13:51.213+0000][7][gc,marking  ] GC(15) Concurrent Preclean 0.356ms
[2023-10-12T08:13:51.214+0000][7][gc,start    ] GC(15) Pause Remark
[2023-10-12T08:13:51.221+0000][7][gc          ] GC(15) Pause Remark 53M->53M(512M) 6.824ms
[2023-10-12T08:13:51.221+0000][7][gc,cpu      ] GC(15) User=0.06s Sys=0.00s Real=0.01s
[2023-10-12T08:13:51.221+0000][7][safepoint   ] Safepoint "G1Concurrent", Time since last: 2407612 ns, Reaching safepoint: 323357 ns, At safepoint: 7432196 ns, Total: 7755553 ns
[2023-10-12T08:13:51.222+0000][7][gc,marking  ] GC(15) Concurrent Mark 19.733ms
[2023-10-12T08:13:51.222+0000][7][gc,marking  ] GC(15) Concurrent Rebuild Remembered Sets
[2023-10-12T08:13:51.222+0000][7][gc,marking  ] GC(15) Concurrent Rebuild Remembered Sets 0.200ms
[2023-10-12T08:13:51.223+0000][7][gc,start    ] GC(15) Pause Cleanup
[2023-10-12T08:13:51.223+0000][7][gc          ] GC(15) Pause Cleanup 55M->55M(512M) 0.274ms
[2023-10-12T08:13:51.224+0000][7][gc,cpu      ] GC(15) User=0.00s Sys=0.00s Real=0.00s
[2023-10-12T08:13:51.224+0000][7][safepoint   ] Safepoint "G1Concurrent", Time since last: 939606 ns, Reaching safepoint: 810148 ns, At safepoint: 676103 ns, Total: 1486251 ns
[2023-10-12T08:13:51.224+0000][7][gc,marking  ] GC(15) Concurrent Cleanup for Next Mark
[2023-10-12T08:13:51.225+0000][7][gc,marking  ] GC(15) Concurrent Cleanup for Next Mark 1.030ms
[2023-10-12T08:13:51.226+0000][7][gc          ] GC(15) Concurrent Mark Cycle 33.012ms
[2023-10-12T08:13:51.681+0000][7][safepoint   ] Safepoint "ICBufferFull", Time since last: 457289323 ns, Reaching safepoint: 332575 ns, At safepoint: 8577 ns, Total: 341152 ns
[2023-10-12T08:13:51.976+0000][7][safepoint   ] Safepoint "ICBufferFull", Time since last: 294228150 ns, Reaching safepoint: 351883 ns, At safepoint: 51087 ns, Total: 402970 ns
[2023-10-12T08:13:53.655+0000][7][safepoint   ] Safepoint "ICBufferFull", Time since last: 1677466172 ns, Reaching safepoint: 1185736 ns, At safepoint: 28164 ns, Total: 1213900 ns
[2023-10-12T08:13:54.285+0000][7][safepoint   ] Safepoint "ICBufferFull", Time since last: 630289961 ns, Reaching safepoint: 398151 ns, At safepoint: 45056 ns, Total: 443207 ns
[2023-10-12T08:13:54.669+0000][7][gc,start    ] GC(16) Pause Young (Concurrent Start) (G1 Evacuation Pause)
[2023-10-12T08:13:54.669+0000][7][gc,task     ] GC(16) Using 10 workers of 10 for evacuation
[2023-10-12T08:13:54.670+0000][7][gc,age      ] GC(16) Desired survivor size 20971520 bytes, new threshold 15 (max threshold 15)
[2023-10-12T08:13:54.683+0000][7][gc,age      ] GC(16) Age table with threshold 15 (max threshold 15)
[2023-10-12T08:13:54.683+0000][7][gc,age      ] GC(16) - age   1:   15470976 bytes,   15470976 total
[2023-10-12T08:13:54.683+0000][7][gc,age      ] GC(16) - age   2:     424488 bytes,   15895464 total
[2023-10-12T08:13:54.683+0000][7][gc,age      ] GC(16) - age   3:    5448728 bytes,   21344192 total
[2023-10-12T08:13:54.684+0000][7][gc,phases   ] GC(16)   Pre Evacuate Collection Set: 0.3ms
[2023-10-12T08:13:54.684+0000][7][gc,phases   ] GC(16)   Merge Heap Roots: 0.2ms
[2023-10-12T08:13:54.684+0000][7][gc,phases   ] GC(16)   Evacuate Collection Set: 10.0ms
[2023-10-12T08:13:54.684+0000][7][gc,phases   ] GC(16)   Post Evacuate Collection Set: 2.3ms
[2023-10-12T08:13:54.684+0000][7][gc,phases   ] GC(16)   Other: 1.7ms
[2023-10-12T08:13:54.684+0000][7][gc,heap     ] GC(16) Eden regions: 74->0(70)
[2023-10-12T08:13:54.684+0000][7][gc,heap     ] GC(16) Survivor regions: 2->6(10)
[2023-10-12T08:13:54.685+0000][7][gc,heap     ] GC(16) Old regions: 10->10
[2023-10-12T08:13:54.685+0000][7][gc,heap     ] GC(16) Archive regions: 2->2
[2023-10-12T08:13:54.685+0000][7][gc,heap     ] GC(16) Humongous regions: 0->0
[2023-10-12T08:13:54.685+0000][7][gc,metaspace] GC(16) Metaspace: 91665K(93248K)->91665K(93248K) NonClass: 78994K(79872K)->78994K(79872K) Class: 12671K(13376K)->12671K(13376K)
[2023-10-12T08:13:54.685+0000][7][gc          ] GC(16) Pause Young (Concurrent Start) (G1 Evacuation Pause) 347M->65M(512M) 16.117ms
[2023-10-12T08:13:54.685+0000][7][gc,cpu      ] GC(16) User=0.11s Sys=0.03s Real=0.02s
[2023-10-12T08:13:54.686+0000][7][gc          ] GC(17) Concurrent Mark Cycle
[2023-10-12T08:13:54.686+0000][7][safepoint   ] Safepoint "G1CollectForAllocation", Time since last: 383289522 ns, Reaching safepoint: 321214 ns, At safepoint: 16538341 ns, Total: 16859555 ns
[2023-10-12T08:13:54.686+0000][7][gc,marking  ] GC(17) Concurrent Clear Claimed Marks
[2023-10-12T08:13:54.686+0000][7][gc,marking  ] GC(17) Concurrent Clear Claimed Marks 0.560ms
[2023-10-12T08:13:54.687+0000][7][gc,marking  ] GC(17) Concurrent Scan Root Regions
[2023-10-12T08:13:54.693+0000][7][gc,marking  ] GC(17) Concurrent Scan Root Regions 6.552ms
[2023-10-12T08:13:54.694+0000][7][gc,marking  ] GC(17) Concurrent Mark
[2023-10-12T08:13:54.694+0000][7][gc,marking  ] GC(17) Concurrent Mark From Roots
[2023-10-12T08:13:54.694+0000][7][gc,task     ] GC(17) Using 3 workers of 3 for marking
[2023-10-12T08:13:54.713+0000][7][gc,marking  ] GC(17) Concurrent Mark From Roots 19.075ms
[2023-10-12T08:13:54.713+0000][7][gc,marking  ] GC(17) Concurrent Preclean
[2023-10-12T08:13:54.714+0000][7][gc,marking  ] GC(17) Concurrent Preclean 0.590ms
[2023-10-12T08:13:54.715+0000][7][gc,start    ] GC(17) Pause Remark
[2023-10-12T08:13:54.718+0000][7][gc          ] GC(17) Pause Remark 67M->67M(512M) 3.466ms
[2023-10-12T08:13:54.719+0000][7][gc,cpu      ] GC(17) User=0.02s Sys=0.00s Real=0.00s
[2023-10-12T08:13:54.719+0000][7][safepoint   ] Safepoint "G1Concurrent", Time since last: 28872476 ns, Reaching safepoint: 452715 ns, At safepoint: 4238501 ns, Total: 4691216 ns
[2023-10-12T08:13:54.719+0000][7][gc,marking  ] GC(17) Concurrent Mark 25.827ms
[2023-10-12T08:13:54.720+0000][7][gc,marking  ] GC(17) Concurrent Rebuild Remembered Sets
[2023-10-12T08:13:54.730+0000][7][gc,marking  ] GC(17) Concurrent Rebuild Remembered Sets 10.700ms
[2023-10-12T08:13:54.731+0000][7][gc,start    ] GC(17) Pause Cleanup
[2023-10-12T08:13:54.732+0000][7][gc          ] GC(17) Pause Cleanup 69M->69M(512M) 0.498ms
[2023-10-12T08:13:54.732+0000][7][gc,cpu      ] GC(17) User=0.00s Sys=0.00s Real=0.00s
[2023-10-12T08:13:54.732+0000][7][safepoint   ] Safepoint "G1Concurrent", Time since last: 11630540 ns, Reaching safepoint: 485599 ns, At safepoint: 978400 ns, Total: 1463999 ns
[2023-10-12T08:13:54.732+0000][7][gc,marking  ] GC(17) Concurrent Cleanup for Next Mark
[2023-10-12T08:13:54.734+0000][7][gc,marking  ] GC(17) Concurrent Cleanup for Next Mark 1.070ms
[2023-10-12T08:13:54.734+0000][7][gc          ] GC(17) Concurrent Mark Cycle 48.390ms
[2023-10-12T08:13:55.252+0000][7][safepoint   ] Safepoint "ICBufferFull", Time since last: 519031505 ns, Reaching safepoint: 226122 ns, At safepoint: 29717 ns, Total: 255839 ns
[2023-10-12T08:13:56.253+0000][7][safepoint   ] Safepoint "Cleanup", Time since last: 1000548496 ns, Reaching safepoint: 391989 ns, At safepoint: 91475 ns, Total: 483464 ns
[2023-10-12T08:13:57.229+0000][7][safepoint   ] Safepoint "ICBufferFull", Time since last: 975724117 ns, Reaching safepoint: 341713 ns, At safepoint: 49334 ns, Total: 391047 ns
[2023-10-12T08:13:58.289+0000][7][safepoint   ] Safepoint "Cleanup", Time since last: 1059869350 ns, Reaching safepoint: 379545 ns, At safepoint: 43063 ns, Total: 422608 ns
[2023-10-12T08:13:58.947+0000][7][safepoint   ] Safepoint "ICBufferFull", Time since last: 657433584 ns, Reaching safepoint: 453406 ns, At safepoint: 175586 ns, Total: 628992 ns
[2023-10-12T08:13:58.948+0000][7][safepoint   ] Safepoint "ICBufferFull", Time since last: 663788 ns, Reaching safepoint: 381029 ns, At safepoint: 112455 ns, Total: 493484 ns
[2023-10-12T08:13:59.952+0000][7][safepoint   ] Safepoint "Cleanup", Time since last: 1000776712 ns, Reaching safepoint: 3496874 ns, At safepoint: 57800 ns, Total: 3554674 ns
[2023-10-12T08:14:00.958+0000][7][safepoint   ] Safepoint "Cleanup", Time since last: 1000419630 ns, Reaching safepoint: 4591776 ns, At safepoint: 36099 ns, Total: 4627875 ns
[2023-10-12T08:14:01.305+0000][7][gc,start    ] GC(18) Pause Young (Normal) (G1 Evacuation Pause)
[2023-10-12T08:14:01.306+0000][7][gc,task     ] GC(18) Using 10 workers of 10 for evacuation
[2023-10-12T08:14:01.306+0000][7][gc,age      ] GC(18) Desired survivor size 20971520 bytes, new threshold 3 (max threshold 15)
[2023-10-12T08:14:01.318+0000][7][gc,age      ] GC(18) Age table with threshold 3 (max threshold 15)
[2023-10-12T08:14:01.318+0000][7][gc,age      ] GC(18) - age   1:    7074144 bytes,    7074144 total
[2023-10-12T08:14:01.318+0000][7][gc,age      ] GC(18) - age   2:   15093960 bytes,   22168104 total
[2023-10-12T08:14:01.318+0000][7][gc,age      ] GC(18) - age   3:     423136 bytes,   22591240 total
[2023-10-12T08:14:01.319+0000][7][gc,phases   ] GC(18)   Pre Evacuate Collection Set: 0.2ms
[2023-10-12T08:14:01.319+0000][7][gc,phases   ] GC(18)   Merge Heap Roots: 0.2ms
[2023-10-12T08:14:01.319+0000][7][gc,phases   ] GC(18)   Evacuate Collection Set: 10.0ms
[2023-10-12T08:14:01.319+0000][7][gc,phases   ] GC(18)   Post Evacuate Collection Set: 1.6ms
[2023-10-12T08:14:01.319+0000][7][gc,phases   ] GC(18)   Other: 1.1ms
[2023-10-12T08:14:01.319+0000][7][gc,heap     ] GC(18) Eden regions: 70->0(70)
[2023-10-12T08:14:01.319+0000][7][gc,heap     ] GC(18) Survivor regions: 6->6(10)
[2023-10-12T08:14:01.319+0000][7][gc,heap     ] GC(18) Old regions: 10->12
[2023-10-12T08:14:01.319+0000][7][gc,heap     ] GC(18) Archive regions: 2->2
[2023-10-12T08:14:01.320+0000][7][gc,heap     ] GC(18) Humongous regions: 2->2
[2023-10-12T08:14:01.320+0000][7][gc,metaspace] GC(18) Metaspace: 106457K(108288K)->106457K(108288K) NonClass: 91522K(92544K)->91522K(92544K) Class: 14935K(15744K)->14935K(15744K)
[2023-10-12T08:14:01.320+0000][7][gc          ] GC(18) Pause Young (Normal) (G1 Evacuation Pause) 352M->80M(512M) 14.388ms
[2023-10-12T08:14:01.320+0000][7][gc,cpu      ] GC(18) User=0.10s Sys=0.00s Real=0.02s
[2023-10-12T08:14:01.320+0000][7][safepoint   ] Safepoint "G1CollectForAllocation", Time since last: 347641454 ns, Reaching safepoint: 208258 ns, At safepoint: 14682464 ns, Total: 14890722 ns
[2023-10-12T08:14:02.321+0000][7][safepoint   ] Safepoint "Cleanup", Time since last: 1000683393 ns, Reaching safepoint: 614375 ns, At safepoint: 18335 ns, Total: 632710 ns
[2023-10-12T08:14:03.322+0000][7][safepoint   ] Safepoint "Cleanup", Time since last: 1000634169 ns, Reaching safepoint: 229920 ns, At safepoint: 7564 ns, Total: 237484 ns
[2023-10-12T08:14:07.324+0000][7][safepoint   ] Safepoint "Cleanup", Time since last: 4001436495 ns, Reaching safepoint: 230641 ns, At safepoint: 7614 ns, Total: 238255 ns
[2023-10-12T08:14:09.325+0000][7][safepoint   ] Safepoint "Cleanup", Time since last: 2000735751 ns, Reaching safepoint: 227355 ns, At safepoint: 6803 ns, Total: 234158 ns
[2023-10-12T08:14:11.328+0000][7][safepoint   ] Safepoint "Cleanup", Time since last: 2001065190 ns, Reaching safepoint: 560271 ns, At safepoint: 13526 ns, Total: 573797 ns
[2023-10-12T08:14:12.329+0000][7][safepoint   ] Safepoint "Cleanup", Time since last: 1000849841 ns, Reaching safepoint: 619294 ns, At safepoint: 16451 ns, Total: 635745 ns
[2023-10-12T08:14:23.333+0000][7][safepoint   ] Safepoint "Cleanup", Time since last: 11003872462 ns, Reaching safepoint: 217565 ns, At safepoint: 6743 ns, Total: 224308 ns
[2023-10-12T08:14:24.335+0000][7][safepoint   ] Safepoint "Cleanup", Time since last: 1000652555 ns, Reaching safepoint: 594507 ns, At safepoint: 17343 ns, Total: 611850 ns
[2023-10-12T08:14:25.336+0000][7][safepoint   ] Safepoint "Cleanup", Time since last: 1001018955 ns, Reaching safepoint: 537858 ns, At safepoint: 7204 ns, Total: 545062 ns
[2023-10-12T08:14:26.338+0000][7][safepoint   ] Safepoint "Cleanup", Time since last: 1000925396 ns, Reaching safepoint: 652336 ns, At safepoint: 19969 ns, Total: 672305 ns
[2023-10-12T08:14:27.340+0000][7][safepoint   ] Safepoint "Cleanup", Time since last: 1001143793 ns, Reaching safepoint: 582453 ns, At safepoint: 17845 ns, Total: 600298 ns
[2023-10-12T08:14:28.341+0000][7][safepoint   ] Safepoint "Cleanup", Time since last: 1001104849 ns, Reaching safepoint: 441994 ns, At safepoint: 7054 ns, Total: 449048 ns
[2023-10-12T08:14:32.342+0000][7][safepoint   ] Safepoint "Cleanup", Time since last: 4000966837 ns, Reaching safepoint: 226373 ns, At safepoint: 7915 ns, Total: 234288 ns
[2023-10-12T08:14:33.343+0000][7][safepoint   ] Safepoint "Cleanup", Time since last: 1000445599 ns, Reaching safepoint: 226012 ns, At safepoint: 7674 ns, Total: 233686 ns
[2023-10-12T08:14:36.345+0000][7][safepoint   ] Safepoint "Cleanup", Time since last: 3001133018 ns, Reaching safepoint: 539862 ns, At safepoint: 14007 ns, Total: 553869 ns
[2023-10-12T08:14:39.347+0000][7][safepoint   ] Safepoint "Cleanup", Time since last: 3001674031 ns, Reaching safepoint: 209791 ns, At safepoint: 7134 ns, Total: 216925 ns
[2023-10-12T08:14:41.347+0000][7][safepoint   ] Safepoint "Cleanup", Time since last: 2000502805 ns, Reaching safepoint: 247553 ns, At safepoint: 135700 ns, Total: 383253 ns
[2023-10-12T08:14:42.349+0000][7][safepoint   ] Safepoint "Cleanup", Time since last: 1000808062 ns, Reaching safepoint: 528049 ns, At safepoint: 18155 ns, Total: 546204 ns
[2023-10-12T08:14:43.477+0000][7][gc,heap,exit] Heap
[2023-10-12T08:14:43.478+0000][7][gc,heap,exit]  garbage-first heap   total 524288K, used 140710K [0x00000000e0000000, 0x0000000100000000)
[2023-10-12T08:14:43.478+0000][7][gc,heap,exit]   region size 4096K, 21 young (86016K), 6 survivors (24576K)
[2023-10-12T08:14:43.478+0000][7][gc,heap,exit]  Metaspace       used 107690K, committed 109440K, reserved 1146880K
[2023-10-12T08:14:43.478+0000][7][gc,heap,exit]   class space    used 15129K, committed 15872K, reserved 1048576K
