[2023-10-12T08:18:31.676+0000][7][gc] Using G1
[2023-10-12T08:18:31.747+0000][7][gc,init] Version: 17.0.1+12 (release)
[2023-10-12T08:18:31.747+0000][7][gc,init] CPUs: 12 total, 12 available
[2023-10-12T08:18:31.748+0000][7][gc,init] Memory: 18576M
[2023-10-12T08:18:31.748+0000][7][gc,init] Large Page Support: Disabled
[2023-10-12T08:18:31.748+0000][7][gc,init] NUMA Support: Disabled
[2023-10-12T08:18:31.749+0000][7][gc,init] Compressed Oops: Enabled (32-bit)
[2023-10-12T08:18:31.749+0000][7][gc,init] Heap Region Size: 4M
[2023-10-12T08:18:31.749+0000][7][gc,init] Heap Min Capacity: 512M
[2023-10-12T08:18:31.749+0000][7][gc,init] Heap Initial Capacity: 512M
[2023-10-12T08:18:31.756+0000][7][gc,init] Heap Max Capacity: 512M
[2023-10-12T08:18:31.757+0000][7][gc,init] Pre-touch: Enabled
[2023-10-12T08:18:31.757+0000][7][gc,init] Parallel Workers: 10
[2023-10-12T08:18:31.757+0000][7][gc,init] Concurrent Workers: 3
[2023-10-12T08:18:31.757+0000][7][gc,init] Concurrent Refinement Workers: 10
[2023-10-12T08:18:31.757+0000][7][gc,init] Periodic GC: Disabled
[2023-10-12T08:18:31.758+0000][7][gc,metaspace] CDS archive(s) mapped at: [0x0000000800000000-0x0000000800bd1000-0x0000000800bd1000), size 12390400, SharedBaseAddress: 0x0000000800000000, ArchiveRelocationMode: 0.
[2023-10-12T08:18:31.758+0000][7][gc,metaspace] Compressed class space mapped at: 0x0000000800c00000-0x0000000840c00000, reserved size: 1073741824
[2023-10-12T08:18:31.758+0000][7][gc,metaspace] Narrow klass base: 0x0000000800000000, Narrow klass shift: 0, Narrow klass range: 0x100000000
[2023-10-12T08:18:32.138+0000][7][safepoint   ] Safepoint "ICBufferFull", Time since last: 373752923 ns, Reaching safepoint: 209601 ns, At safepoint: 11281 ns, Total: 220882 ns
[2023-10-12T08:18:32.141+0000][7][safepoint   ] Safepoint "ICBufferFull", Time since last: 2460233 ns, Reaching safepoint: 182148 ns, At safepoint: 28675 ns, Total: 210823 ns
[2023-10-12T08:18:32.191+0000][7][safepoint   ] Safepoint "ICBufferFull", Time since last: 50479835 ns, Reaching safepoint: 173172 ns, At safepoint: 12985 ns, Total: 186157 ns
[2023-10-12T08:18:32.497+0000][7][safepoint   ] Safepoint "ICBufferFull", Time since last: 305095552 ns, Reaching safepoint: 185876 ns, At safepoint: 6963 ns, Total: 192839 ns
[2023-10-12T08:18:32.762+0000][7][gc,start    ] GC(0) Pause Young (Normal) (G1 Evacuation Pause)
[2023-10-12T08:18:32.763+0000][7][gc,task     ] GC(0) Using 10 workers of 10 for evacuation
[2023-10-12T08:18:32.763+0000][7][gc,age      ] GC(0) Desired survivor size 2097152 bytes, new threshold 15 (max threshold 15)
[2023-10-12T08:18:32.768+0000][7][gc,age      ] GC(0) Age table with threshold 15 (max threshold 15)
[2023-10-12T08:18:32.768+0000][7][gc,age      ] GC(0) - age   1:    3913848 bytes,    3913848 total
[2023-10-12T08:18:32.769+0000][7][gc,phases   ] GC(0)   Pre Evacuate Collection Set: 0.3ms
[2023-10-12T08:18:32.769+0000][7][gc,phases   ] GC(0)   Merge Heap Roots: 0.3ms
[2023-10-12T08:18:32.770+0000][7][gc,phases   ] GC(0)   Evacuate Collection Set: 2.7ms
[2023-10-12T08:18:32.770+0000][7][gc,phases   ] GC(0)   Post Evacuate Collection Set: 1.4ms
[2023-10-12T08:18:32.770+0000][7][gc,phases   ] GC(0)   Other: 1.8ms
[2023-10-12T08:18:32.770+0000][7][gc,heap     ] GC(0) Eden regions: 6->0(6)
[2023-10-12T08:18:32.771+0000][7][gc,heap     ] GC(0) Survivor regions: 0->1(1)
[2023-10-12T08:18:32.771+0000][7][gc,heap     ] GC(0) Old regions: 0->0
[2023-10-12T08:18:32.771+0000][7][gc,heap     ] GC(0) Archive regions: 2->2
[2023-10-12T08:18:32.771+0000][7][gc,heap     ] GC(0) Humongous regions: 0->0
[2023-10-12T08:18:32.772+0000][7][gc,metaspace] GC(0) Metaspace: 7563K(7808K)->7563K(7808K) NonClass: 6709K(6848K)->6709K(6848K) Class: 854K(960K)->854K(960K)
[2023-10-12T08:18:32.772+0000][7][gc          ] GC(0) Pause Young (Normal) (G1 Evacuation Pause) 27M->7M(512M) 9.496ms
[2023-10-12T08:18:32.772+0000][7][gc,cpu      ] GC(0) User=0.02s Sys=0.00s Real=0.01s
[2023-10-12T08:18:32.773+0000][7][safepoint   ] Safepoint "G1CollectForAllocation", Time since last: 265446468 ns, Reaching safepoint: 197357 ns, At safepoint: 10298315 ns, Total: 10495672 ns
[2023-10-12T08:18:33.449+0000][7][gc,start    ] GC(1) Pause Young (Normal) (G1 Evacuation Pause)
[2023-10-12T08:18:33.450+0000][7][gc,task     ] GC(1) Using 10 workers of 10 for evacuation
[2023-10-12T08:18:33.450+0000][7][gc,age      ] GC(1) Desired survivor size 2097152 bytes, new threshold 1 (max threshold 15)
[2023-10-12T08:18:33.455+0000][7][gc,age      ] GC(1) Age table with threshold 1 (max threshold 15)
[2023-10-12T08:18:33.456+0000][7][gc,age      ] GC(1) - age   1:    2166792 bytes,    2166792 total
[2023-10-12T08:18:33.456+0000][7][gc,phases   ] GC(1)   Pre Evacuate Collection Set: 0.3ms
[2023-10-12T08:18:33.456+0000][7][gc,phases   ] GC(1)   Merge Heap Roots: 0.3ms
[2023-10-12T08:18:33.456+0000][7][gc,phases   ] GC(1)   Evacuate Collection Set: 3.2ms
[2023-10-12T08:18:33.457+0000][7][gc,phases   ] GC(1)   Post Evacuate Collection Set: 1.0ms
[2023-10-12T08:18:33.457+0000][7][gc,phases   ] GC(1)   Other: 2.0ms
[2023-10-12T08:18:33.457+0000][7][gc,heap     ] GC(1) Eden regions: 6->0(15)
[2023-10-12T08:18:33.457+0000][7][gc,heap     ] GC(1) Survivor regions: 1->1(1)
[2023-10-12T08:18:33.457+0000][7][gc,heap     ] GC(1) Old regions: 0->1
[2023-10-12T08:18:33.458+0000][7][gc,heap     ] GC(1) Archive regions: 2->2
[2023-10-12T08:18:33.458+0000][7][gc,heap     ] GC(1) Humongous regions: 0->0
[2023-10-12T08:18:33.458+0000][7][gc,metaspace] GC(1) Metaspace: 11934K(12224K)->11934K(12224K) NonClass: 10459K(10624K)->10459K(10624K) Class: 1475K(1600K)->1475K(1600K)
[2023-10-12T08:18:33.459+0000][7][gc          ] GC(1) Pause Young (Normal) (G1 Evacuation Pause) 31M->9M(512M) 9.321ms
[2023-10-12T08:18:33.459+0000][7][gc,cpu      ] GC(1) User=0.03s Sys=0.00s Real=0.01s
[2023-10-12T08:18:33.459+0000][7][safepoint   ] Safepoint "G1CollectForAllocation", Time since last: 676208579 ns, Reaching safepoint: 291908 ns, At safepoint: 9902257 ns, Total: 10194165 ns
[2023-10-12T08:18:33.642+0000][7][safepoint   ] Safepoint "ICBufferFull", Time since last: 182388403 ns, Reaching safepoint: 350149 ns, At safepoint: 45878 ns, Total: 396027 ns
[2023-10-12T08:18:34.643+0000][7][safepoint   ] Safepoint "Cleanup", Time since last: 1000841957 ns, Reaching safepoint: 467754 ns, At safepoint: 40898 ns, Total: 508652 ns
[2023-10-12T08:18:35.624+0000][7][gc,start    ] GC(2) Pause Young (Normal) (G1 Evacuation Pause)
[2023-10-12T08:18:35.625+0000][7][gc,task     ] GC(2) Using 10 workers of 10 for evacuation
[2023-10-12T08:18:35.625+0000][7][gc,age      ] GC(2) Desired survivor size 4194304 bytes, new threshold 15 (max threshold 15)
[2023-10-12T08:18:35.633+0000][7][gc,age      ] GC(2) Age table with threshold 15 (max threshold 15)
[2023-10-12T08:18:35.634+0000][7][gc,age      ] GC(2) - age   1:    1615312 bytes,    1615312 total
[2023-10-12T08:18:35.634+0000][7][gc,age      ] GC(2) - age   2:    2125272 bytes,    3740584 total
[2023-10-12T08:18:35.634+0000][7][gc,phases   ] GC(2)   Pre Evacuate Collection Set: 0.4ms
[2023-10-12T08:18:35.634+0000][7][gc,phases   ] GC(2)   Merge Heap Roots: 0.4ms
[2023-10-12T08:18:35.635+0000][7][gc,phases   ] GC(2)   Evacuate Collection Set: 4.2ms
[2023-10-12T08:18:35.635+0000][7][gc,phases   ] GC(2)   Post Evacuate Collection Set: 2.5ms
[2023-10-12T08:18:35.635+0000][7][gc,phases   ] GC(2)   Other: 2.4ms
[2023-10-12T08:18:35.635+0000][7][gc,heap     ] GC(2) Eden regions: 15->0(64)
[2023-10-12T08:18:35.636+0000][7][gc,heap     ] GC(2) Survivor regions: 1->1(2)
[2023-10-12T08:18:35.636+0000][7][gc,heap     ] GC(2) Old regions: 1->1
[2023-10-12T08:18:35.636+0000][7][gc,heap     ] GC(2) Archive regions: 2->2
[2023-10-12T08:18:35.636+0000][7][gc,heap     ] GC(2) Humongous regions: 0->0
[2023-10-12T08:18:35.637+0000][7][gc,metaspace] GC(2) Metaspace: 15241K(15488K)->15241K(15488K) NonClass: 13445K(13568K)->13445K(13568K) Class: 1795K(1920K)->1795K(1920K)
[2023-10-12T08:18:35.637+0000][7][gc          ] GC(2) Pause Young (Normal) (G1 Evacuation Pause) 69M->11M(512M) 12.382ms
[2023-10-12T08:18:35.637+0000][7][gc,cpu      ] GC(2) User=0.02s Sys=0.02s Real=0.01s
[2023-10-12T08:18:35.637+0000][7][safepoint   ] Safepoint "G1CollectForAllocation", Time since last: 980538399 ns, Reaching safepoint: 609465 ns, At safepoint: 13014615 ns, Total: 13624080 ns
[2023-10-12T08:18:36.756+0000][7][safepoint   ] Safepoint "ICBufferFull", Time since last: 1118047500 ns, Reaching safepoint: 398102 ns, At safepoint: 58852 ns, Total: 456954 ns
[2023-10-12T08:18:37.316+0000][7][gc,start    ] GC(3) Pause Young (Normal) (G1 Evacuation Pause)
[2023-10-12T08:18:37.319+0000][7][gc,task     ] GC(3) Using 10 workers of 10 for evacuation
[2023-10-12T08:18:37.319+0000][7][gc,age      ] GC(3) Desired survivor size 18874368 bytes, new threshold 15 (max threshold 15)
[2023-10-12T08:18:37.328+0000][7][gc,age      ] GC(3) Age table with threshold 15 (max threshold 15)
[2023-10-12T08:18:37.328+0000][7][gc,age      ] GC(3) - age   1:    4552536 bytes,    4552536 total
[2023-10-12T08:18:37.329+0000][7][gc,age      ] GC(3) - age   2:    1579272 bytes,    6131808 total
[2023-10-12T08:18:37.329+0000][7][gc,age      ] GC(3) - age   3:    2113688 bytes,    8245496 total
[2023-10-12T08:18:37.329+0000][7][gc,phases   ] GC(3)   Pre Evacuate Collection Set: 0.4ms
[2023-10-12T08:18:37.330+0000][7][gc,phases   ] GC(3)   Merge Heap Roots: 0.3ms
[2023-10-12T08:18:37.330+0000][7][gc,phases   ] GC(3)   Evacuate Collection Set: 5.8ms
[2023-10-12T08:18:37.330+0000][7][gc,phases   ] GC(3)   Post Evacuate Collection Set: 1.6ms
[2023-10-12T08:18:37.330+0000][7][gc,phases   ] GC(3)   Other: 5.0ms
[2023-10-12T08:18:37.331+0000][7][gc,heap     ] GC(3) Eden regions: 64->0(73)
[2023-10-12T08:18:37.331+0000][7][gc,heap     ] GC(3) Survivor regions: 1->3(9)
[2023-10-12T08:18:37.331+0000][7][gc,heap     ] GC(3) Old regions: 1->1
[2023-10-12T08:18:37.331+0000][7][gc,heap     ] GC(3) Archive regions: 2->2
[2023-10-12T08:18:37.332+0000][7][gc,heap     ] GC(3) Humongous regions: 0->0
[2023-10-12T08:18:37.332+0000][7][gc,metaspace] GC(3) Metaspace: 20850K(21248K)->20850K(21248K) NonClass: 18359K(18560K)->18359K(18560K) Class: 2490K(2688K)->2490K(2688K)
[2023-10-12T08:18:37.332+0000][7][gc          ] GC(3) Pause Young (Normal) (G1 Evacuation Pause) 267M->15M(512M) 15.911ms
[2023-10-12T08:18:37.333+0000][7][gc,cpu      ] GC(3) User=0.07s Sys=0.00s Real=0.02s
[2023-10-12T08:18:37.333+0000][7][safepoint   ] Safepoint "G1CollectForAllocation", Time since last: 560020170 ns, Reaching safepoint: 355690 ns, At safepoint: 16757550 ns, Total: 17113240 ns
[2023-10-12T08:18:37.547+0000][7][gc,start    ] GC(4) Pause Young (Concurrent Start) (Metadata GC Threshold)
[2023-10-12T08:18:37.547+0000][7][gc,task     ] GC(4) Using 10 workers of 10 for evacuation
[2023-10-12T08:18:37.548+0000][7][gc,age      ] GC(4) Desired survivor size 20971520 bytes, new threshold 15 (max threshold 15)
[2023-10-12T08:18:37.553+0000][7][gc,age      ] GC(4) Age table with threshold 15 (max threshold 15)
[2023-10-12T08:18:37.553+0000][7][gc,age      ] GC(4) - age   1:     728448 bytes,     728448 total
[2023-10-12T08:18:37.553+0000][7][gc,age      ] GC(4) - age   2:    4073960 bytes,    4802408 total
[2023-10-12T08:18:37.554+0000][7][gc,age      ] GC(4) - age   3:    1579168 bytes,    6381576 total
[2023-10-12T08:18:37.554+0000][7][gc,age      ] GC(4) - age   4:    2113688 bytes,    8495264 total
[2023-10-12T08:18:37.554+0000][7][gc,phases   ] GC(4)   Pre Evacuate Collection Set: 0.3ms
[2023-10-12T08:18:37.555+0000][7][gc,phases   ] GC(4)   Merge Heap Roots: 0.2ms
[2023-10-12T08:18:37.555+0000][7][gc,phases   ] GC(4)   Evacuate Collection Set: 3.3ms
[2023-10-12T08:18:37.556+0000][7][gc,phases   ] GC(4)   Post Evacuate Collection Set: 1.2ms
[2023-10-12T08:18:37.556+0000][7][gc,phases   ] GC(4)   Other: 2.5ms
[2023-10-12T08:18:37.556+0000][7][gc,heap     ] GC(4) Eden regions: 23->0(73)
[2023-10-12T08:18:37.557+0000][7][gc,heap     ] GC(4) Survivor regions: 3->3(10)
[2023-10-12T08:18:37.557+0000][7][gc,heap     ] GC(4) Old regions: 1->1
[2023-10-12T08:18:37.557+0000][7][gc,heap     ] GC(4) Archive regions: 2->2
[2023-10-12T08:18:37.557+0000][7][gc,heap     ] GC(4) Humongous regions: 0->0
[2023-10-12T08:18:37.558+0000][7][gc,metaspace] GC(4) Metaspace: 21169K(21504K)->21169K(21504K) NonClass: 18617K(18816K)->18617K(18816K) Class: 2551K(2688K)->2551K(2688K)
[2023-10-12T08:18:37.558+0000][7][gc          ] GC(4) Pause Young (Concurrent Start) (Metadata GC Threshold) 105M->16M(512M) 11.073ms
[2023-10-12T08:18:37.558+0000][7][gc,cpu      ] GC(4) User=0.06s Sys=0.00s Real=0.01s
[2023-10-12T08:18:37.559+0000][7][gc          ] GC(5) Concurrent Mark Cycle
[2023-10-12T08:18:37.559+0000][7][gc,marking  ] GC(5) Concurrent Clear Claimed Marks
[2023-10-12T08:18:37.559+0000][7][safepoint   ] Safepoint "CollectForMetadataAllocation", Time since last: 213578198 ns, Reaching safepoint: 288692 ns, At safepoint: 11803632 ns, Total: 12092324 ns
[2023-10-12T08:18:37.559+0000][7][gc,marking  ] GC(5) Concurrent Clear Claimed Marks 0.308ms
[2023-10-12T08:18:37.560+0000][7][gc,marking  ] GC(5) Concurrent Scan Root Regions
[2023-10-12T08:18:37.564+0000][7][gc,marking  ] GC(5) Concurrent Scan Root Regions 3.788ms
[2023-10-12T08:18:37.564+0000][7][gc,marking  ] GC(5) Concurrent Mark
[2023-10-12T08:18:37.565+0000][7][gc,marking  ] GC(5) Concurrent Mark From Roots
[2023-10-12T08:18:37.565+0000][7][gc,task     ] GC(5) Using 3 workers of 3 for marking
[2023-10-12T08:18:37.569+0000][7][gc,marking  ] GC(5) Concurrent Mark From Roots 4.785ms
[2023-10-12T08:18:37.570+0000][7][gc,marking  ] GC(5) Concurrent Preclean
[2023-10-12T08:18:37.570+0000][7][gc,marking  ] GC(5) Concurrent Preclean 0.455ms
[2023-10-12T08:18:37.571+0000][7][gc,start    ] GC(5) Pause Remark
[2023-10-12T08:18:37.575+0000][7][gc          ] GC(5) Pause Remark 18M->18M(512M) 3.828ms
[2023-10-12T08:18:37.575+0000][7][gc,cpu      ] GC(5) User=0.04s Sys=0.00s Real=0.01s
[2023-10-12T08:18:37.576+0000][7][safepoint   ] Safepoint "G1Concurrent", Time since last: 11735651 ns, Reaching safepoint: 442305 ns, At safepoint: 4693842 ns, Total: 5136147 ns
[2023-10-12T08:18:37.576+0000][7][gc,marking  ] GC(5) Concurrent Mark 11.836ms
[2023-10-12T08:18:37.576+0000][7][gc,marking  ] GC(5) Concurrent Rebuild Remembered Sets
[2023-10-12T08:18:37.576+0000][7][gc,marking  ] GC(5) Concurrent Rebuild Remembered Sets 0.143ms
[2023-10-12T08:18:37.577+0000][7][gc,start    ] GC(5) Pause Cleanup
[2023-10-12T08:18:37.577+0000][7][gc          ] GC(5) Pause Cleanup 18M->18M(512M) 0.288ms
[2023-10-12T08:18:37.577+0000][7][gc,cpu      ] GC(5) User=0.01s Sys=0.00s Real=0.00s
[2023-10-12T08:18:37.578+0000][7][safepoint   ] Safepoint "G1Concurrent", Time since last: 1030139 ns, Reaching safepoint: 309862 ns, At safepoint: 1001494 ns, Total: 1311356 ns
[2023-10-12T08:18:37.578+0000][7][gc,marking  ] GC(5) Concurrent Cleanup for Next Mark
[2023-10-12T08:18:37.579+0000][7][gc,marking  ] GC(5) Concurrent Cleanup for Next Mark 1.162ms
[2023-10-12T08:18:37.580+0000][7][gc          ] GC(5) Concurrent Mark Cycle 21.294ms
[2023-10-12T08:18:37.679+0000][7][safepoint   ] Safepoint "ICBufferFull", Time since last: 101238436 ns, Reaching safepoint: 293841 ns, At safepoint: 31230 ns, Total: 325071 ns
[2023-10-12T08:18:37.682+0000][7][safepoint   ] Safepoint "ICBufferFull", Time since last: 2424414 ns, Reaching safepoint: 294553 ns, At safepoint: 28544 ns, Total: 323097 ns
[2023-10-12T08:18:37.698+0000][7][safepoint   ] Safepoint "ICBufferFull", Time since last: 15459068 ns, Reaching safepoint: 399233 ns, At safepoint: 11973 ns, Total: 411206 ns
[2023-10-12T08:18:37.700+0000][7][safepoint   ] Safepoint "ICBufferFull", Time since last: 2006886 ns, Reaching safepoint: 269254 ns, At safepoint: 8707 ns, Total: 277961 ns
[2023-10-12T08:18:37.703+0000][7][safepoint   ] Safepoint "ICBufferFull", Time since last: 2322219 ns, Reaching safepoint: 260418 ns, At safepoint: 9658 ns, Total: 270076 ns
[2023-10-12T08:18:38.377+0000][7][gc,start    ] GC(6) Pause Young (Normal) (G1 Evacuation Pause)
[2023-10-12T08:18:38.377+0000][7][gc,task     ] GC(6) Using 10 workers of 10 for evacuation
[2023-10-12T08:18:38.377+0000][7][gc,age      ] GC(6) Desired survivor size 20971520 bytes, new threshold 15 (max threshold 15)
[2023-10-12T08:18:38.384+0000][7][gc,age      ] GC(6) Age table with threshold 15 (max threshold 15)
[2023-10-12T08:18:38.385+0000][7][gc,age      ] GC(6) - age   1:    3484872 bytes,    3484872 total
[2023-10-12T08:18:38.385+0000][7][gc,age      ] GC(6) - age   2:     719976 bytes,    4204848 total
[2023-10-12T08:18:38.386+0000][7][gc,age      ] GC(6) - age   3:    4071544 bytes,    8276392 total
[2023-10-12T08:18:38.386+0000][7][gc,age      ] GC(6) - age   4:    1575824 bytes,    9852216 total
[2023-10-12T08:18:38.387+0000][7][gc,age      ] GC(6) - age   5:    2112024 bytes,   11964240 total
[2023-10-12T08:18:38.387+0000][7][gc,phases   ] GC(6)   Pre Evacuate Collection Set: 0.4ms
[2023-10-12T08:18:38.388+0000][7][gc,phases   ] GC(6)   Merge Heap Roots: 0.3ms
[2023-10-12T08:18:38.388+0000][7][gc,phases   ] GC(6)   Evacuate Collection Set: 4.1ms
[2023-10-12T08:18:38.389+0000][7][gc,phases   ] GC(6)   Post Evacuate Collection Set: 1.7ms
[2023-10-12T08:18:38.389+0000][7][gc,phases   ] GC(6)   Other: 4.0ms
[2023-10-12T08:18:38.390+0000][7][gc,heap     ] GC(6) Eden regions: 73->0(73)
[2023-10-12T08:18:38.390+0000][7][gc,heap     ] GC(6) Survivor regions: 3->3(10)
[2023-10-12T08:18:38.391+0000][7][gc,heap     ] GC(6) Old regions: 1->1
[2023-10-12T08:18:38.391+0000][7][gc,heap     ] GC(6) Archive regions: 2->2
[2023-10-12T08:18:38.391+0000][7][gc,heap     ] GC(6) Humongous regions: 0->0
[2023-10-12T08:18:38.392+0000][7][gc,metaspace] GC(6) Metaspace: 22892K(23424K)->22892K(23424K) NonClass: 20120K(20416K)->20120K(20416K) Class: 2771K(3008K)->2771K(3008K)
[2023-10-12T08:18:38.392+0000][7][gc          ] GC(6) Pause Young (Normal) (G1 Evacuation Pause) 308M->19M(512M) 15.636ms
[2023-10-12T08:18:38.393+0000][7][gc,cpu      ] GC(6) User=0.04s Sys=0.03s Real=0.02s
[2023-10-12T08:18:38.393+0000][7][safepoint   ] Safepoint "G1CollectForAllocation", Time since last: 673239325 ns, Reaching safepoint: 379595 ns, At safepoint: 16630738 ns, Total: 17010333 ns
[2023-10-12T08:18:39.285+0000][7][gc,start    ] GC(7) Pause Young (Normal) (G1 Evacuation Pause)
[2023-10-12T08:18:39.285+0000][7][gc,task     ] GC(7) Using 10 workers of 10 for evacuation
[2023-10-12T08:18:39.285+0000][7][gc,age      ] GC(7) Desired survivor size 20971520 bytes, new threshold 15 (max threshold 15)
[2023-10-12T08:18:39.293+0000][7][gc,age      ] GC(7) Age table with threshold 15 (max threshold 15)
[2023-10-12T08:18:39.293+0000][7][gc,age      ] GC(7) - age   1:    4481504 bytes,    4481504 total
[2023-10-12T08:18:39.293+0000][7][gc,age      ] GC(7) - age   2:    2750672 bytes,    7232176 total
[2023-10-12T08:18:39.293+0000][7][gc,age      ] GC(7) - age   3:     719912 bytes,    7952088 total
[2023-10-12T08:18:39.294+0000][7][gc,age      ] GC(7) - age   4:    4068368 bytes,   12020456 total
[2023-10-12T08:18:39.294+0000][7][gc,age      ] GC(7) - age   5:    1553752 bytes,   13574208 total
[2023-10-12T08:18:39.294+0000][7][gc,age      ] GC(7) - age   6:    2108664 bytes,   15682872 total
[2023-10-12T08:18:39.294+0000][7][gc,phases   ] GC(7)   Pre Evacuate Collection Set: 0.3ms
[2023-10-12T08:18:39.295+0000][7][gc,phases   ] GC(7)   Merge Heap Roots: 0.2ms
[2023-10-12T08:18:39.295+0000][7][gc,phases   ] GC(7)   Evacuate Collection Set: 5.1ms
[2023-10-12T08:18:39.295+0000][7][gc,phases   ] GC(7)   Post Evacuate Collection Set: 1.3ms
[2023-10-12T08:18:39.295+0000][7][gc,phases   ] GC(7)   Other: 2.9ms
[2023-10-12T08:18:39.295+0000][7][gc,heap     ] GC(7) Eden regions: 73->0(72)
[2023-10-12T08:18:39.296+0000][7][gc,heap     ] GC(7) Survivor regions: 3->4(10)
[2023-10-12T08:18:39.296+0000][7][gc,heap     ] GC(7) Old regions: 1->1
[2023-10-12T08:18:39.296+0000][7][gc,heap     ] GC(7) Archive regions: 2->2
[2023-10-12T08:18:39.296+0000][7][gc,heap     ] GC(7) Humongous regions: 0->0
[2023-10-12T08:18:39.296+0000][7][gc,metaspace] GC(7) Metaspace: 27891K(28416K)->27891K(28416K) NonClass: 24538K(24832K)->24538K(24832K) Class: 3352K(3584K)->3352K(3584K)
[2023-10-12T08:18:39.297+0000][7][gc          ] GC(7) Pause Young (Normal) (G1 Evacuation Pause) 311M->23M(512M) 12.126ms
[2023-10-12T08:18:39.297+0000][7][gc,cpu      ] GC(7) User=0.05s Sys=0.02s Real=0.01s
[2023-10-12T08:18:39.297+0000][7][safepoint   ] Safepoint "G1CollectForAllocation", Time since last: 890924793 ns, Reaching safepoint: 356361 ns, At safepoint: 12638747 ns, Total: 12995108 ns
[2023-10-12T08:18:39.998+0000][7][gc,start    ] GC(8) Pause Young (Normal) (G1 Evacuation Pause)
[2023-10-12T08:18:39.998+0000][7][gc,task     ] GC(8) Using 10 workers of 10 for evacuation
[2023-10-12T08:18:39.999+0000][7][gc,age      ] GC(8) Desired survivor size 20971520 bytes, new threshold 15 (max threshold 15)
[2023-10-12T08:18:40.006+0000][7][gc,age      ] GC(8) Age table with threshold 15 (max threshold 15)
[2023-10-12T08:18:40.007+0000][7][gc,age      ] GC(8) - age   1:    4167272 bytes,    4167272 total
[2023-10-12T08:18:40.007+0000][7][gc,age      ] GC(8) - age   2:    2328608 bytes,    6495880 total
[2023-10-12T08:18:40.007+0000][7][gc,age      ] GC(8) - age   3:    2750240 bytes,    9246120 total
[2023-10-12T08:18:40.007+0000][7][gc,age      ] GC(8) - age   4:     716952 bytes,    9963072 total
[2023-10-12T08:18:40.008+0000][7][gc,age      ] GC(8) - age   5:    4067344 bytes,   14030416 total
[2023-10-12T08:18:40.008+0000][7][gc,age      ] GC(8) - age   6:    1553464 bytes,   15583880 total
[2023-10-12T08:18:40.009+0000][7][gc,age      ] GC(8) - age   7:    2106072 bytes,   17689952 total
[2023-10-12T08:18:40.010+0000][7][gc,phases   ] GC(8)   Pre Evacuate Collection Set: 0.2ms
[2023-10-12T08:18:40.010+0000][7][gc,phases   ] GC(8)   Merge Heap Roots: 0.2ms
[2023-10-12T08:18:40.011+0000][7][gc,phases   ] GC(8)   Evacuate Collection Set: 5.0ms
[2023-10-12T08:18:40.011+0000][7][gc,phases   ] GC(8)   Post Evacuate Collection Set: 1.7ms
[2023-10-12T08:18:40.012+0000][7][gc,phases   ] GC(8)   Other: 4.5ms
[2023-10-12T08:18:40.012+0000][7][gc,heap     ] GC(8) Eden regions: 72->0(71)
[2023-10-12T08:18:40.012+0000][7][gc,heap     ] GC(8) Survivor regions: 4->5(10)
[2023-10-12T08:18:40.012+0000][7][gc,heap     ] GC(8) Old regions: 1->1
[2023-10-12T08:18:40.013+0000][7][gc,heap     ] GC(8) Archive regions: 2->2
[2023-10-12T08:18:40.013+0000][7][gc,heap     ] GC(8) Humongous regions: 0->0
[2023-10-12T08:18:40.013+0000][7][gc,metaspace] GC(8) Metaspace: 28233K(28800K)->28233K(28800K) NonClass: 24824K(25152K)->24824K(25152K) Class: 3409K(3648K)->3409K(3648K)
[2023-10-12T08:18:40.014+0000][7][gc          ] GC(8) Pause Young (Normal) (G1 Evacuation Pause) 311M->25M(512M) 15.708ms
[2023-10-12T08:18:40.014+0000][7][gc,cpu      ] GC(8) User=0.05s Sys=0.00s Real=0.02s
[2023-10-12T08:18:40.015+0000][7][safepoint   ] Safepoint "G1CollectForAllocation", Time since last: 700703189 ns, Reaching safepoint: 242133 ns, At safepoint: 16845588 ns, Total: 17087721 ns
[2023-10-12T08:18:40.577+0000][7][gc,start    ] GC(9) Pause Young (Normal) (G1 Evacuation Pause)
[2023-10-12T08:18:40.578+0000][7][gc,task     ] GC(9) Using 10 workers of 10 for evacuation
[2023-10-12T08:18:40.578+0000][7][gc,age      ] GC(9) Desired survivor size 20971520 bytes, new threshold 15 (max threshold 15)
[2023-10-12T08:18:40.588+0000][7][gc,age      ] GC(9) Age table with threshold 15 (max threshold 15)
[2023-10-12T08:18:40.588+0000][7][gc,age      ] GC(9) - age   1:    2983968 bytes,    2983968 total
[2023-10-12T08:18:40.589+0000][7][gc,age      ] GC(9) - age   2:    1284328 bytes,    4268296 total
[2023-10-12T08:18:40.589+0000][7][gc,age      ] GC(9) - age   3:    2327520 bytes,    6595816 total
[2023-10-12T08:18:40.589+0000][7][gc,age      ] GC(9) - age   4:    2749120 bytes,    9344936 total
[2023-10-12T08:18:40.589+0000][7][gc,age      ] GC(9) - age   5:     716864 bytes,   10061800 total
[2023-10-12T08:18:40.590+0000][7][gc,age      ] GC(9) - age   6:    4067136 bytes,   14128936 total
[2023-10-12T08:18:40.590+0000][7][gc,age      ] GC(9) - age   7:    1552896 bytes,   15681832 total
[2023-10-12T08:18:40.590+0000][7][gc,age      ] GC(9) - age   8:    2106072 bytes,   17787904 total
[2023-10-12T08:18:40.591+0000][7][gc,phases   ] GC(9)   Pre Evacuate Collection Set: 0.3ms
[2023-10-12T08:18:40.591+0000][7][gc,phases   ] GC(9)   Merge Heap Roots: 0.3ms
[2023-10-12T08:18:40.592+0000][7][gc,phases   ] GC(9)   Evacuate Collection Set: 6.6ms
[2023-10-12T08:18:40.592+0000][7][gc,phases   ] GC(9)   Post Evacuate Collection Set: 1.9ms
[2023-10-12T08:18:40.593+0000][7][gc,phases   ] GC(9)   Other: 4.5ms
[2023-10-12T08:18:40.593+0000][7][gc,heap     ] GC(9) Eden regions: 71->0(71)
[2023-10-12T08:18:40.593+0000][7][gc,heap     ] GC(9) Survivor regions: 5->5(10)
[2023-10-12T08:18:40.594+0000][7][gc,heap     ] GC(9) Old regions: 1->1
[2023-10-12T08:18:40.594+0000][7][gc,heap     ] GC(9) Archive regions: 2->2
[2023-10-12T08:18:40.594+0000][7][gc,heap     ] GC(9) Humongous regions: 0->0
[2023-10-12T08:18:40.595+0000][7][gc,metaspace] GC(9) Metaspace: 29470K(30144K)->29470K(30144K) NonClass: 25884K(26304K)->25884K(26304K) Class: 3585K(3840K)->3585K(3840K)
[2023-10-12T08:18:40.596+0000][7][gc          ] GC(9) Pause Young (Normal) (G1 Evacuation Pause) 309M->25M(512M) 18.409ms
[2023-10-12T08:18:40.596+0000][7][gc,cpu      ] GC(9) User=0.05s Sys=0.00s Real=0.02s
[2023-10-12T08:18:40.597+0000][7][safepoint   ] Safepoint "G1CollectForAllocation", Time since last: 562006807 ns, Reaching safepoint: 342765 ns, At safepoint: 19498088 ns, Total: 19840853 ns
[2023-10-12T08:18:40.921+0000][7][gc,start    ] GC(10) Pause Young (Normal) (G1 Evacuation Pause)
[2023-10-12T08:18:40.921+0000][7][gc,task     ] GC(10) Using 10 workers of 10 for evacuation
[2023-10-12T08:18:40.921+0000][7][gc,age      ] GC(10) Desired survivor size 20971520 bytes, new threshold 15 (max threshold 15)
[2023-10-12T08:18:40.929+0000][7][gc,age      ] GC(10) Age table with threshold 15 (max threshold 15)
[2023-10-12T08:18:40.930+0000][7][gc,age      ] GC(10) - age   1:     882264 bytes,     882264 total
[2023-10-12T08:18:40.930+0000][7][gc,age      ] GC(10) - age   2:    2456856 bytes,    3339120 total
[2023-10-12T08:18:40.930+0000][7][gc,age      ] GC(10) - age   3:    1283856 bytes,    4622976 total
[2023-10-12T08:18:40.931+0000][7][gc,age      ] GC(10) - age   4:    2327200 bytes,    6950176 total
[2023-10-12T08:18:40.931+0000][7][gc,age      ] GC(10) - age   5:    2748368 bytes,    9698544 total
[2023-10-12T08:18:40.931+0000][7][gc,age      ] GC(10) - age   6:     716560 bytes,   10415104 total
[2023-10-12T08:18:40.931+0000][7][gc,age      ] GC(10) - age   7:    4044600 bytes,   14459704 total
[2023-10-12T08:18:40.931+0000][7][gc,age      ] GC(10) - age   8:    1544448 bytes,   16004152 total
[2023-10-12T08:18:40.931+0000][7][gc,age      ] GC(10) - age   9:    2101784 bytes,   18105936 total
[2023-10-12T08:18:40.932+0000][7][gc,phases   ] GC(10)   Pre Evacuate Collection Set: 0.3ms
[2023-10-12T08:18:40.932+0000][7][gc,phases   ] GC(10)   Merge Heap Roots: 0.2ms
[2023-10-12T08:18:40.932+0000][7][gc,phases   ] GC(10)   Evacuate Collection Set: 5.9ms
[2023-10-12T08:18:40.932+0000][7][gc,phases   ] GC(10)   Post Evacuate Collection Set: 1.4ms
[2023-10-12T08:18:40.933+0000][7][gc,phases   ] GC(10)   Other: 3.2ms
[2023-10-12T08:18:40.933+0000][7][gc,heap     ] GC(10) Eden regions: 71->0(71)
[2023-10-12T08:18:40.933+0000][7][gc,heap     ] GC(10) Survivor regions: 5->5(10)
[2023-10-12T08:18:40.933+0000][7][gc,heap     ] GC(10) Old regions: 1->1
[2023-10-12T08:18:40.933+0000][7][gc,heap     ] GC(10) Archive regions: 2->2
[2023-10-12T08:18:40.934+0000][7][gc,heap     ] GC(10) Humongous regions: 0->0
[2023-10-12T08:18:40.934+0000][7][gc,metaspace] GC(10) Metaspace: 29695K(30400K)->29695K(30400K) NonClass: 26060K(26432K)->26060K(26432K) Class: 3634K(3968K)->3634K(3968K)
[2023-10-12T08:18:40.934+0000][7][gc          ] GC(10) Pause Young (Normal) (G1 Evacuation Pause) 309M->26M(512M) 13.488ms
[2023-10-12T08:18:40.934+0000][7][gc,cpu      ] GC(10) User=0.06s Sys=0.01s Real=0.01s
[2023-10-12T08:18:40.935+0000][7][safepoint   ] Safepoint "G1CollectForAllocation", Time since last: 324716045 ns, Reaching safepoint: 295916 ns, At safepoint: 14059723 ns, Total: 14355639 ns
[2023-10-12T08:18:41.774+0000][7][safepoint   ] Safepoint "ICBufferFull", Time since last: 839529668 ns, Reaching safepoint: 200854 ns, At safepoint: 5090 ns, Total: 205944 ns
[2023-10-12T08:18:41.776+0000][7][safepoint   ] Safepoint "ICBufferFull", Time since last: 958070 ns, Reaching safepoint: 223518 ns, At safepoint: 4128 ns, Total: 227646 ns
[2023-10-12T08:18:41.777+0000][7][safepoint   ] Safepoint "ICBufferFull", Time since last: 917814 ns, Reaching safepoint: 222796 ns, At safepoint: 5130 ns, Total: 227926 ns
[2023-10-12T08:18:41.778+0000][7][safepoint   ] Safepoint "ICBufferFull", Time since last: 858460 ns, Reaching safepoint: 192398 ns, At safepoint: 4910 ns, Total: 197308 ns
[2023-10-12T08:18:41.959+0000][7][gc,start    ] GC(11) Pause Young (Concurrent Start) (Metadata GC Threshold)
[2023-10-12T08:18:41.960+0000][7][gc,task     ] GC(11) Using 10 workers of 10 for evacuation
[2023-10-12T08:18:41.960+0000][7][gc,age      ] GC(11) Desired survivor size 20971520 bytes, new threshold 15 (max threshold 15)
[2023-10-12T08:18:41.974+0000][7][gc,age      ] GC(11) Age table with threshold 15 (max threshold 15)
[2023-10-12T08:18:41.974+0000][7][gc,age      ] GC(11) - age   1:    1914864 bytes,    1914864 total
[2023-10-12T08:18:41.974+0000][7][gc,age      ] GC(11) - age   2:     870080 bytes,    2784944 total
[2023-10-12T08:18:41.975+0000][7][gc,age      ] GC(11) - age   3:    2439656 bytes,    5224600 total
[2023-10-12T08:18:41.975+0000][7][gc,age      ] GC(11) - age   4:    1269208 bytes,    6493808 total
[2023-10-12T08:18:41.976+0000][7][gc,age      ] GC(11) - age   5:    2316864 bytes,    8810672 total
[2023-10-12T08:18:41.976+0000][7][gc,age      ] GC(11) - age   6:    2732976 bytes,   11543648 total
[2023-10-12T08:18:41.977+0000][7][gc,age      ] GC(11) - age   7:     712448 bytes,   12256096 total
[2023-10-12T08:18:41.977+0000][7][gc,age      ] GC(11) - age   8:    4004424 bytes,   16260520 total
[2023-10-12T08:18:41.977+0000][7][gc,age      ] GC(11) - age   9:    1520240 bytes,   17780760 total
[2023-10-12T08:18:41.978+0000][7][gc,age      ] GC(11) - age  10:    2101624 bytes,   19882384 total
[2023-10-12T08:18:41.978+0000][7][gc,phases   ] GC(11)   Pre Evacuate Collection Set: 0.3ms
[2023-10-12T08:18:41.979+0000][7][gc,phases   ] GC(11)   Merge Heap Roots: 0.3ms
[2023-10-12T08:18:41.979+0000][7][gc,phases   ] GC(11)   Evacuate Collection Set: 9.9ms
[2023-10-12T08:18:41.979+0000][7][gc,phases   ] GC(11)   Post Evacuate Collection Set: 2.3ms
[2023-10-12T08:18:41.980+0000][7][gc,phases   ] GC(11)   Other: 6.2ms
[2023-10-12T08:18:41.980+0000][7][gc,heap     ] GC(11) Eden regions: 7->0(70)
[2023-10-12T08:18:41.981+0000][7][gc,heap     ] GC(11) Survivor regions: 5->6(10)
[2023-10-12T08:18:41.981+0000][7][gc,heap     ] GC(11) Old regions: 1->1
[2023-10-12T08:18:41.982+0000][7][gc,heap     ] GC(11) Archive regions: 2->2
[2023-10-12T08:18:41.982+0000][7][gc,heap     ] GC(11) Humongous regions: 0->0
[2023-10-12T08:18:41.982+0000][7][gc,metaspace] GC(11) Metaspace: 35434K(36160K)->35434K(36160K) NonClass: 31022K(31424K)->31022K(31424K) Class: 4411K(4736K)->4411K(4736K)
[2023-10-12T08:18:41.983+0000][7][gc          ] GC(11) Pause Young (Concurrent Start) (Metadata GC Threshold) 54M->28M(512M) 23.499ms
[2023-10-12T08:18:41.983+0000][7][gc,cpu      ] GC(11) User=0.08s Sys=0.02s Real=0.03s
[2023-10-12T08:18:41.983+0000][7][gc          ] GC(12) Concurrent Mark Cycle
[2023-10-12T08:18:41.984+0000][7][gc,marking  ] GC(12) Concurrent Clear Claimed Marks
[2023-10-12T08:18:41.984+0000][7][safepoint   ] Safepoint "CollectForMetadataAllocation", Time since last: 180749901 ns, Reaching safepoint: 417147 ns, At safepoint: 24544665 ns, Total: 24961812 ns
[2023-10-12T08:18:41.985+0000][7][gc,marking  ] GC(12) Concurrent Clear Claimed Marks 0.569ms
[2023-10-12T08:18:41.985+0000][7][gc,marking  ] GC(12) Concurrent Scan Root Regions
[2023-10-12T08:18:41.990+0000][7][gc,marking  ] GC(12) Concurrent Scan Root Regions 5.128ms
[2023-10-12T08:18:41.991+0000][7][gc,marking  ] GC(12) Concurrent Mark
[2023-10-12T08:18:41.991+0000][7][gc,marking  ] GC(12) Concurrent Mark From Roots
[2023-10-12T08:18:41.992+0000][7][gc,task     ] GC(12) Using 3 workers of 3 for marking
[2023-10-12T08:18:41.998+0000][7][gc,marking  ] GC(12) Concurrent Mark From Roots 6.274ms
[2023-10-12T08:18:41.998+0000][7][gc,marking  ] GC(12) Concurrent Preclean
[2023-10-12T08:18:41.999+0000][7][gc,marking  ] GC(12) Concurrent Preclean 0.780ms
[2023-10-12T08:18:42.000+0000][7][gc,start    ] GC(12) Pause Remark
[2023-10-12T08:18:42.005+0000][7][gc          ] GC(12) Pause Remark 30M->30M(512M) 4.846ms
[2023-10-12T08:18:42.006+0000][7][gc,cpu      ] GC(12) User=0.01s Sys=0.00s Real=0.00s
[2023-10-12T08:18:42.006+0000][7][safepoint   ] Safepoint "G1Concurrent", Time since last: 16235332 ns, Reaching safepoint: 471019 ns, At safepoint: 6100080 ns, Total: 6571099 ns
[2023-10-12T08:18:42.007+0000][7][gc,marking  ] GC(12) Concurrent Mark 16.168ms
[2023-10-12T08:18:42.008+0000][7][gc,marking  ] GC(12) Concurrent Rebuild Remembered Sets
[2023-10-12T08:18:42.008+0000][7][gc,marking  ] GC(12) Concurrent Rebuild Remembered Sets 0.497ms
[2023-10-12T08:18:42.010+0000][7][gc,start    ] GC(12) Pause Cleanup
[2023-10-12T08:18:42.020+0000][7][gc          ] GC(12) Pause Cleanup 30M->30M(512M) 10.029ms
[2023-10-12T08:18:42.021+0000][7][gc,cpu      ] GC(12) User=0.00s Sys=0.00s Real=0.01s
[2023-10-12T08:18:42.022+0000][7][safepoint   ] Safepoint "G1Concurrent", Time since last: 2445996 ns, Reaching safepoint: 1334200 ns, At safepoint: 11643575 ns, Total: 12977775 ns
[2023-10-12T08:18:42.022+0000][7][gc,marking  ] GC(12) Concurrent Cleanup for Next Mark
[2023-10-12T08:18:42.023+0000][7][gc,marking  ] GC(12) Concurrent Cleanup for Next Mark 1.203ms
[2023-10-12T08:18:42.024+0000][7][gc          ] GC(12) Concurrent Mark Cycle 40.530ms
[2023-10-12T08:18:42.802+0000][7][safepoint   ] Safepoint "ICBufferFull", Time since last: 779452828 ns, Reaching safepoint: 325603 ns, At safepoint: 37221 ns, Total: 362824 ns
[2023-10-12T08:18:43.802+0000][7][safepoint   ] Safepoint "Cleanup", Time since last: 1000465297 ns, Reaching safepoint: 342344 ns, At safepoint: 29116 ns, Total: 371460 ns
[2023-10-12T08:18:45.075+0000][7][safepoint   ] Safepoint "Cleanup", Time since last: 1272104020 ns, Reaching safepoint: 426084 ns, At safepoint: 26932 ns, Total: 453016 ns
[2023-10-12T08:18:45.782+0000][7][gc,start    ] GC(13) Pause Young (Normal) (G1 Evacuation Pause)
[2023-10-12T08:18:45.783+0000][7][gc,task     ] GC(13) Using 10 workers of 10 for evacuation
[2023-10-12T08:18:45.783+0000][7][gc,age      ] GC(13) Desired survivor size 20971520 bytes, new threshold 15 (max threshold 15)
[2023-10-12T08:18:45.805+0000][7][gc,age      ] GC(13) Age table with threshold 15 (max threshold 15)
[2023-10-12T08:18:45.805+0000][7][gc,age      ] GC(13) - age   1:   17615464 bytes,   17615464 total
[2023-10-12T08:18:45.806+0000][7][gc,age      ] GC(13) - age   2:    1858480 bytes,   19473944 total
[2023-10-12T08:18:45.806+0000][7][gc,age      ] GC(13) - age   3:     855560 bytes,   20329504 total
[2023-10-12T08:18:45.807+0000][7][gc,age      ] GC(13) - age   4:    2437832 bytes,   22767336 total
[2023-10-12T08:18:45.807+0000][7][gc,age      ] GC(13) - age   5:    1268872 bytes,   24036208 total
[2023-10-12T08:18:45.807+0000][7][gc,age      ] GC(13) - age   6:    2315968 bytes,   26352176 total
[2023-10-12T08:18:45.808+0000][7][gc,age      ] GC(13) - age   7:    2729088 bytes,   29081264 total
[2023-10-12T08:18:45.808+0000][7][gc,age      ] GC(13) - age   8:     712192 bytes,   29793456 total
[2023-10-12T08:18:45.809+0000][7][gc,age      ] GC(13) - age   9:    4000544 bytes,   33794000 total
[2023-10-12T08:18:45.809+0000][7][gc,age      ] GC(13) - age  10:    1507640 bytes,   35301640 total
[2023-10-12T08:18:45.809+0000][7][gc,age      ] GC(13) - age  11:    2098200 bytes,   37399840 total
[2023-10-12T08:18:45.810+0000][7][gc,phases   ] GC(13)   Pre Evacuate Collection Set: 0.4ms
[2023-10-12T08:18:45.810+0000][7][gc,phases   ] GC(13)   Merge Heap Roots: 0.5ms
[2023-10-12T08:18:45.811+0000][7][gc,phases   ] GC(13)   Evacuate Collection Set: 17.8ms
[2023-10-12T08:18:45.811+0000][7][gc,phases   ] GC(13)   Post Evacuate Collection Set: 2.6ms
[2023-10-12T08:18:45.811+0000][7][gc,phases   ] GC(13)   Other: 6.6ms
[2023-10-12T08:18:45.812+0000][7][gc,heap     ] GC(13) Eden regions: 70->0(66)
[2023-10-12T08:18:45.812+0000][7][gc,heap     ] GC(13) Survivor regions: 6->10(10)
[2023-10-12T08:18:45.812+0000][7][gc,heap     ] GC(13) Old regions: 1->1
[2023-10-12T08:18:45.813+0000][7][gc,heap     ] GC(13) Archive regions: 2->2
[2023-10-12T08:18:45.813+0000][7][gc,heap     ] GC(13) Humongous regions: 0->0
[2023-10-12T08:18:45.814+0000][7][gc,metaspace] GC(13) Metaspace: 44416K(45632K)->44416K(45632K) NonClass: 38693K(39360K)->38693K(39360K) Class: 5723K(6272K)->5723K(6272K)
[2023-10-12T08:18:45.819+0000][7][gc          ] GC(13) Pause Young (Normal) (G1 Evacuation Pause) 308M->45M(512M) 37.290ms
[2023-10-12T08:18:45.820+0000][7][gc,cpu      ] GC(13) User=0.18s Sys=0.00s Real=0.03s
[2023-10-12T08:18:45.820+0000][7][safepoint   ] Safepoint "G1CollectForAllocation", Time since last: 706713316 ns, Reaching safepoint: 317406 ns, At safepoint: 38334141 ns, Total: 38651547 ns
[2023-10-12T08:18:47.782+0000][7][safepoint   ] Safepoint "Cleanup", Time since last: 1960591080 ns, Reaching safepoint: 1348177 ns, At safepoint: 27963 ns, Total: 1376140 ns
[2023-10-12T08:18:48.785+0000][7][safepoint   ] Safepoint "Cleanup", Time since last: 1001707321 ns, Reaching safepoint: 849093 ns, At safepoint: 55937 ns, Total: 905030 ns
[2023-10-12T08:18:49.786+0000][7][safepoint   ] Safepoint "Cleanup", Time since last: 1000770560 ns, Reaching safepoint: 364707 ns, At safepoint: 35929 ns, Total: 400636 ns
[2023-10-12T08:18:50.788+0000][7][safepoint   ] Safepoint "Cleanup", Time since last: 1000735021 ns, Reaching safepoint: 1175257 ns, At safepoint: 110601 ns, Total: 1285858 ns
[2023-10-12T08:18:51.001+0000][7][gc,start    ] GC(14) Pause Young (Normal) (G1 Evacuation Pause)
[2023-10-12T08:18:51.001+0000][7][gc,task     ] GC(14) Using 10 workers of 10 for evacuation
[2023-10-12T08:18:51.002+0000][7][gc,age      ] GC(14) Desired survivor size 20971520 bytes, new threshold 4 (max threshold 15)
[2023-10-12T08:18:51.049+0000][7][gc,age      ] GC(14) Age table with threshold 4 (max threshold 15)
[2023-10-12T08:18:51.050+0000][7][gc,age      ] GC(14) - age   1:    5617720 bytes,    5617720 total
[2023-10-12T08:18:51.053+0000][7][gc,age      ] GC(14) - age   2:   17424168 bytes,   23041888 total
[2023-10-12T08:18:51.058+0000][7][gc,age      ] GC(14) - age   3:    1843288 bytes,   24885176 total
[2023-10-12T08:18:51.059+0000][7][gc,age      ] GC(14) - age   4:     816040 bytes,   25701216 total
[2023-10-12T08:18:51.062+0000][7][gc,phases   ] GC(14)   Pre Evacuate Collection Set: 1.0ms
[2023-10-12T08:18:51.063+0000][7][gc,phases   ] GC(14)   Merge Heap Roots: 0.2ms
[2023-10-12T08:18:51.064+0000][7][gc,phases   ] GC(14)   Evacuate Collection Set: 39.6ms
[2023-10-12T08:18:51.066+0000][7][gc,phases   ] GC(14)   Post Evacuate Collection Set: 5.2ms
[2023-10-12T08:18:51.071+0000][7][gc,phases   ] GC(14)   Other: 15.0ms
[2023-10-12T08:18:51.072+0000][7][gc,heap     ] GC(14) Eden regions: 66->0(69)
[2023-10-12T08:18:51.073+0000][7][gc,heap     ] GC(14) Survivor regions: 10->7(10)
[2023-10-12T08:18:51.074+0000][7][gc,heap     ] GC(14) Old regions: 1->6
[2023-10-12T08:18:51.075+0000][7][gc,heap     ] GC(14) Archive regions: 2->2
[2023-10-12T08:18:51.075+0000][7][gc,heap     ] GC(14) Humongous regions: 0->0
[2023-10-12T08:18:51.076+0000][7][gc,metaspace] GC(14) Metaspace: 57908K(59264K)->57908K(59264K) NonClass: 50095K(50880K)->50095K(50880K) Class: 7812K(8384K)->7812K(8384K)
[2023-10-12T08:18:51.077+0000][7][gc          ] GC(14) Pause Young (Normal) (G1 Evacuation Pause) 309M->51M(512M) 75.528ms
[2023-10-12T08:18:51.078+0000][7][gc,cpu      ] GC(14) User=0.32s Sys=0.02s Real=0.07s
[2023-10-12T08:18:51.078+0000][7][safepoint   ] Safepoint "G1CollectForAllocation", Time since last: 212630748 ns, Reaching safepoint: 194912 ns, At safepoint: 77407656 ns, Total: 77602568 ns
[2023-10-12T08:18:52.205+0000][7][gc,start    ] GC(15) Pause Young (Concurrent Start) (Metadata GC Threshold)
[2023-10-12T08:18:52.205+0000][7][gc,task     ] GC(15) Using 10 workers of 10 for evacuation
[2023-10-12T08:18:52.206+0000][7][gc,age      ] GC(15) Desired survivor size 20971520 bytes, new threshold 2 (max threshold 15)
[2023-10-12T08:18:52.242+0000][7][gc,age      ] GC(15) Age table with threshold 2 (max threshold 15)
[2023-10-12T08:18:52.244+0000][7][gc,age      ] GC(15) - age   1:     499408 bytes,     499408 total
[2023-10-12T08:18:52.246+0000][7][gc,age      ] GC(15) - age   2:    5475416 bytes,    5974824 total
[2023-10-12T08:18:52.247+0000][7][gc,phases   ] GC(15)   Pre Evacuate Collection Set: 0.5ms
[2023-10-12T08:18:52.248+0000][7][gc,phases   ] GC(15)   Merge Heap Roots: 0.3ms
[2023-10-12T08:18:52.249+0000][7][gc,phases   ] GC(15)   Evacuate Collection Set: 29.5ms
[2023-10-12T08:18:52.250+0000][7][gc,phases   ] GC(15)   Post Evacuate Collection Set: 4.9ms
[2023-10-12T08:18:52.251+0000][7][gc,phases   ] GC(15)   Other: 6.9ms
[2023-10-12T08:18:52.252+0000][7][gc,heap     ] GC(15) Eden regions: 13->0(73)
[2023-10-12T08:18:52.253+0000][7][gc,heap     ] GC(15) Survivor regions: 7->3(10)
[2023-10-12T08:18:52.254+0000][7][gc,heap     ] GC(15) Old regions: 6->10
[2023-10-12T08:18:52.255+0000][7][gc,heap     ] GC(15) Archive regions: 2->2
[2023-10-12T08:18:52.255+0000][7][gc,heap     ] GC(15) Humongous regions: 0->0
[2023-10-12T08:18:52.256+0000][7][gc,metaspace] GC(15) Metaspace: 59096K(60416K)->59096K(60416K) NonClass: 51033K(51776K)->51033K(51776K) Class: 8063K(8640K)->8063K(8640K)
[2023-10-12T08:18:52.260+0000][7][gc          ] GC(15) Pause Young (Concurrent Start) (Metadata GC Threshold) 103M->52M(512M) 55.090ms
[2023-10-12T08:18:52.262+0000][7][gc,cpu      ] GC(15) User=0.24s Sys=0.03s Real=0.06s
[2023-10-12T08:18:52.263+0000][7][gc          ] GC(16) Concurrent Mark Cycle
[2023-10-12T08:18:52.263+0000][7][safepoint   ] Safepoint "CollectForMetadataAllocation", Time since last: 1125418639 ns, Reaching safepoint: 779871 ns, At safepoint: 58077668 ns, Total: 58857539 ns
[2023-10-12T08:18:52.263+0000][7][gc,marking  ] GC(16) Concurrent Clear Claimed Marks
[2023-10-12T08:18:52.266+0000][7][gc,marking  ] GC(16) Concurrent Clear Claimed Marks 2.445ms
[2023-10-12T08:18:52.266+0000][7][gc,marking  ] GC(16) Concurrent Scan Root Regions
[2023-10-12T08:18:52.285+0000][7][gc,marking  ] GC(16) Concurrent Scan Root Regions 18.495ms
[2023-10-12T08:18:52.285+0000][7][gc,marking  ] GC(16) Concurrent Mark
[2023-10-12T08:18:52.286+0000][7][gc,marking  ] GC(16) Concurrent Mark From Roots
[2023-10-12T08:18:52.286+0000][7][gc,task     ] GC(16) Using 3 workers of 3 for marking
[2023-10-12T08:18:52.307+0000][7][gc,marking  ] GC(16) Concurrent Mark From Roots 21.176ms
[2023-10-12T08:18:52.307+0000][7][gc,marking  ] GC(16) Concurrent Preclean
[2023-10-12T08:18:52.308+0000][7][gc,marking  ] GC(16) Concurrent Preclean 0.831ms
[2023-10-12T08:18:52.310+0000][7][gc,start    ] GC(16) Pause Remark
[2023-10-12T08:18:52.322+0000][7][gc          ] GC(16) Pause Remark 54M->54M(512M) 12.297ms
[2023-10-12T08:18:52.322+0000][7][gc,cpu      ] GC(16) User=0.09s Sys=0.00s Real=0.02s
[2023-10-12T08:18:52.323+0000][7][safepoint   ] Safepoint "G1Concurrent", Time since last: 46569292 ns, Reaching safepoint: 354798 ns, At safepoint: 13673405 ns, Total: 14028203 ns
[2023-10-12T08:18:52.324+0000][7][gc,marking  ] GC(16) Concurrent Mark 38.844ms
[2023-10-12T08:18:52.325+0000][7][gc,marking  ] GC(16) Concurrent Rebuild Remembered Sets
[2023-10-12T08:18:52.325+0000][7][gc,marking  ] GC(16) Concurrent Rebuild Remembered Sets 0.325ms
[2023-10-12T08:18:52.328+0000][7][gc,start    ] GC(16) Pause Cleanup
[2023-10-12T08:18:52.329+0000][7][gc          ] GC(16) Pause Cleanup 56M->56M(512M) 0.593ms
[2023-10-12T08:18:52.329+0000][7][gc,cpu      ] GC(16) User=0.00s Sys=0.00s Real=0.00s
[2023-10-12T08:18:52.330+0000][7][safepoint   ] Safepoint "G1Concurrent", Time since last: 3363419 ns, Reaching safepoint: 1308731 ns, At safepoint: 2306299 ns, Total: 3615030 ns
[2023-10-12T08:18:52.331+0000][7][gc,marking  ] GC(16) Concurrent Cleanup for Next Mark
[2023-10-12T08:18:52.333+0000][7][gc,marking  ] GC(16) Concurrent Cleanup for Next Mark 2.189ms
[2023-10-12T08:18:52.335+0000][7][gc          ] GC(16) Concurrent Mark Cycle 71.947ms
[2023-10-12T08:18:53.656+0000][7][safepoint   ] Safepoint "ICBufferFull", Time since last: 1325831243 ns, Reaching safepoint: 395797 ns, At safepoint: 36269 ns, Total: 432066 ns
[2023-10-12T08:18:54.226+0000][7][safepoint   ] Safepoint "ICBufferFull", Time since last: 568651037 ns, Reaching safepoint: 370568 ns, At safepoint: 40938 ns, Total: 411506 ns
[2023-10-12T08:18:55.936+0000][7][safepoint   ] Safepoint "Cleanup", Time since last: 1708605219 ns, Reaching safepoint: 1950509 ns, At safepoint: 95803 ns, Total: 2046312 ns
[2023-10-12T08:18:57.369+0000][7][safepoint   ] Safepoint "Cleanup", Time since last: 1432428651 ns, Reaching safepoint: 406107 ns, At safepoint: 31780 ns, Total: 437887 ns
[2023-10-12T08:18:58.051+0000][7][gc,start    ] GC(17) Pause Young (Normal) (G1 Evacuation Pause)
[2023-10-12T08:18:58.051+0000][7][gc,task     ] GC(17) Using 10 workers of 10 for evacuation
[2023-10-12T08:18:58.051+0000][7][gc,age      ] GC(17) Desired survivor size 20971520 bytes, new threshold 15 (max threshold 15)
[2023-10-12T08:18:58.065+0000][7][gc,age      ] GC(17) Age table with threshold 15 (max threshold 15)
[2023-10-12T08:18:58.065+0000][7][gc,age      ] GC(17) - age   1:   14805152 bytes,   14805152 total
[2023-10-12T08:18:58.065+0000][7][gc,age      ] GC(17) - age   2:     452800 bytes,   15257952 total
[2023-10-12T08:18:58.065+0000][7][gc,age      ] GC(17) - age   3:    5448448 bytes,   20706400 total
[2023-10-12T08:18:58.066+0000][7][gc,phases   ] GC(17)   Pre Evacuate Collection Set: 0.3ms
[2023-10-12T08:18:58.066+0000][7][gc,phases   ] GC(17)   Merge Heap Roots: 0.2ms
[2023-10-12T08:18:58.066+0000][7][gc,phases   ] GC(17)   Evacuate Collection Set: 10.3ms
[2023-10-12T08:18:58.066+0000][7][gc,phases   ] GC(17)   Post Evacuate Collection Set: 2.7ms
[2023-10-12T08:18:58.066+0000][7][gc,phases   ] GC(17)   Other: 1.4ms
[2023-10-12T08:18:58.066+0000][7][gc,heap     ] GC(17) Eden regions: 73->0(70)
[2023-10-12T08:18:58.066+0000][7][gc,heap     ] GC(17) Survivor regions: 3->6(10)
[2023-10-12T08:18:58.067+0000][7][gc,heap     ] GC(17) Old regions: 10->10
[2023-10-12T08:18:58.067+0000][7][gc,heap     ] GC(17) Archive regions: 2->2
[2023-10-12T08:18:58.067+0000][7][gc,heap     ] GC(17) Humongous regions: 0->0
[2023-10-12T08:18:58.067+0000][7][gc,metaspace] GC(17) Metaspace: 89778K(91328K)->89778K(91328K) NonClass: 77361K(78272K)->77361K(78272K) Class: 12417K(13056K)->12417K(13056K)
[2023-10-12T08:18:58.067+0000][7][gc          ] GC(17) Pause Young (Normal) (G1 Evacuation Pause) 344M->64M(512M) 16.671ms
[2023-10-12T08:18:58.067+0000][7][gc,cpu      ] GC(17) User=0.08s Sys=0.02s Real=0.01s
[2023-10-12T08:18:58.068+0000][7][safepoint   ] Safepoint "G1CollectForAllocation", Time since last: 681096102 ns, Reaching safepoint: 367753 ns, At safepoint: 17062102 ns, Total: 17429855 ns
[2023-10-12T08:18:58.930+0000][7][safepoint   ] Safepoint "ICBufferFull", Time since last: 862279501 ns, Reaching safepoint: 451924 ns, At safepoint: 49064 ns, Total: 500988 ns
[2023-10-12T08:18:58.932+0000][7][safepoint   ] Safepoint "ICBufferFull", Time since last: 1278023 ns, Reaching safepoint: 333046 ns, At safepoint: 88149 ns, Total: 421195 ns
[2023-10-12T08:19:00.047+0000][7][safepoint   ] Safepoint "ICBufferFull", Time since last: 1114115434 ns, Reaching safepoint: 391889 ns, At safepoint: 17283 ns, Total: 409172 ns
[2023-10-12T08:19:00.715+0000][7][gc,start    ] GC(18) Pause Young (Concurrent Start) (Metadata GC Threshold)
[2023-10-12T08:19:00.716+0000][7][gc,task     ] GC(18) Using 10 workers of 10 for evacuation
[2023-10-12T08:19:00.716+0000][7][gc,age      ] GC(18) Desired survivor size 20971520 bytes, new threshold 15 (max threshold 15)
[2023-10-12T08:19:00.741+0000][7][gc,age      ] GC(18) Age table with threshold 15 (max threshold 15)
[2023-10-12T08:19:00.742+0000][7][gc,age      ] GC(18) - age   1:    3903424 bytes,    3903424 total
[2023-10-12T08:19:00.742+0000][7][gc,age      ] GC(18) - age   2:   14084488 bytes,   17987912 total
[2023-10-12T08:19:00.742+0000][7][gc,age      ] GC(18) - age   3:     451664 bytes,   18439576 total
[2023-10-12T08:19:00.743+0000][7][gc,age      ] GC(18) - age   4:    5344432 bytes,   23784008 total
[2023-10-12T08:19:00.743+0000][7][gc,phases   ] GC(18)   Pre Evacuate Collection Set: 0.5ms
[2023-10-12T08:19:00.743+0000][7][gc,phases   ] GC(18)   Merge Heap Roots: 0.3ms
[2023-10-12T08:19:00.744+0000][7][gc,phases   ] GC(18)   Evacuate Collection Set: 20.5ms
[2023-10-12T08:19:00.744+0000][7][gc,phases   ] GC(18)   Post Evacuate Collection Set: 3.0ms
[2023-10-12T08:19:00.745+0000][7][gc,phases   ] GC(18)   Other: 3.4ms
[2023-10-12T08:19:00.745+0000][7][gc,heap     ] GC(18) Eden regions: 18->0(70)
[2023-10-12T08:19:00.746+0000][7][gc,heap     ] GC(18) Survivor regions: 6->6(10)
[2023-10-12T08:19:00.746+0000][7][gc,heap     ] GC(18) Old regions: 10->10
[2023-10-12T08:19:00.747+0000][7][gc,heap     ] GC(18) Archive regions: 2->2
[2023-10-12T08:19:00.748+0000][7][gc,heap     ] GC(18) Humongous regions: 0->0
[2023-10-12T08:19:00.749+0000][7][gc,metaspace] GC(18) Metaspace: 99257K(100928K)->99257K(100928K) NonClass: 85418K(86400K)->85418K(86400K) Class: 13838K(14528K)->13838K(14528K)
[2023-10-12T08:19:00.749+0000][7][gc          ] GC(18) Pause Young (Concurrent Start) (Metadata GC Threshold) 133M->67M(512M) 34.128ms
[2023-10-12T08:19:00.750+0000][7][gc,cpu      ] GC(18) User=0.23s Sys=0.00s Real=0.03s
[2023-10-12T08:19:00.751+0000][7][gc          ] GC(19) Concurrent Mark Cycle
[2023-10-12T08:19:00.751+0000][7][safepoint   ] Safepoint "CollectForMetadataAllocation", Time since last: 668385828 ns, Reaching safepoint: 269265 ns, At safepoint: 35474616 ns, Total: 35743881 ns
[2023-10-12T08:19:00.752+0000][7][gc,marking  ] GC(19) Concurrent Clear Claimed Marks
[2023-10-12T08:19:00.753+0000][7][gc,marking  ] GC(19) Concurrent Clear Claimed Marks 1.308ms
[2023-10-12T08:19:00.755+0000][7][gc,marking  ] GC(19) Concurrent Scan Root Regions
[2023-10-12T08:19:00.767+0000][7][gc,marking  ] GC(19) Concurrent Scan Root Regions 12.137ms
[2023-10-12T08:19:00.769+0000][7][gc,marking  ] GC(19) Concurrent Mark
[2023-10-12T08:19:00.772+0000][7][gc,marking  ] GC(19) Concurrent Mark From Roots
[2023-10-12T08:19:00.773+0000][7][gc,task     ] GC(19) Using 3 workers of 3 for marking
[2023-10-12T08:19:00.831+0000][7][gc,marking  ] GC(19) Concurrent Mark From Roots 58.771ms
[2023-10-12T08:19:00.832+0000][7][gc,marking  ] GC(19) Concurrent Preclean
[2023-10-12T08:19:00.833+0000][7][gc,marking  ] GC(19) Concurrent Preclean 1.651ms
[2023-10-12T08:19:00.836+0000][7][gc,start    ] GC(19) Pause Remark
[2023-10-12T08:19:00.843+0000][7][gc          ] GC(19) Pause Remark 71M->71M(512M) 6.982ms
[2023-10-12T08:19:00.843+0000][7][gc,cpu      ] GC(19) User=0.05s Sys=0.00s Real=0.01s
[2023-10-12T08:19:00.844+0000][7][safepoint   ] Safepoint "G1Concurrent", Time since last: 84406141 ns, Reaching safepoint: 917173 ns, At safepoint: 7759822 ns, Total: 8676995 ns
[2023-10-12T08:19:00.844+0000][7][gc,marking  ] GC(19) Concurrent Mark 75.935ms
[2023-10-12T08:19:00.845+0000][7][gc,marking  ] GC(19) Concurrent Rebuild Remembered Sets
[2023-10-12T08:19:00.862+0000][7][gc,marking  ] GC(19) Concurrent Rebuild Remembered Sets 17.314ms
[2023-10-12T08:19:00.863+0000][7][gc,start    ] GC(19) Pause Cleanup
[2023-10-12T08:19:00.864+0000][7][gc          ] GC(19) Pause Cleanup 75M->75M(512M) 0.958ms
[2023-10-12T08:19:00.865+0000][7][gc,cpu      ] GC(19) User=0.01s Sys=0.00s Real=0.00s
[2023-10-12T08:19:00.865+0000][7][safepoint   ] Safepoint "G1Concurrent", Time since last: 19075741 ns, Reaching safepoint: 428870 ns, At safepoint: 1962611 ns, Total: 2391481 ns
[2023-10-12T08:19:00.866+0000][7][gc,marking  ] GC(19) Concurrent Cleanup for Next Mark
[2023-10-12T08:19:00.867+0000][7][gc,marking  ] GC(19) Concurrent Cleanup for Next Mark 1.520ms
[2023-10-12T08:19:00.868+0000][7][gc          ] GC(19) Concurrent Mark Cycle 117.208ms
[2023-10-12T08:19:01.867+0000][7][safepoint   ] Safepoint "Cleanup", Time since last: 1000701398 ns, Reaching safepoint: 507340 ns, At safepoint: 51558 ns, Total: 558898 ns
[2023-10-12T08:19:03.631+0000][7][safepoint   ] Safepoint "Cleanup", Time since last: 1764334990 ns, Reaching safepoint: 489396 ns, At safepoint: 51969 ns, Total: 541365 ns
[2023-10-12T08:19:04.649+0000][7][safepoint   ] Safepoint "Cleanup", Time since last: 1016520865 ns, Reaching safepoint: 879030 ns, At safepoint: 293962 ns, Total: 1172992 ns
[2023-10-12T08:19:06.447+0000][7][safepoint   ] Safepoint "Cleanup", Time since last: 1795147995 ns, Reaching safepoint: 2486342 ns, At safepoint: 72078 ns, Total: 2558420 ns
[2023-10-12T08:19:07.453+0000][7][safepoint   ] Safepoint "Cleanup", Time since last: 1000716607 ns, Reaching safepoint: 5598952 ns, At safepoint: 39756 ns, Total: 5638708 ns
[2023-10-12T08:19:08.454+0000][7][safepoint   ] Safepoint "Cleanup", Time since last: 1000415571 ns, Reaching safepoint: 417779 ns, At safepoint: 85373 ns, Total: 503152 ns
[2023-10-12T08:19:09.455+0000][7][safepoint   ] Safepoint "Cleanup", Time since last: 1000586708 ns, Reaching safepoint: 232785 ns, At safepoint: 8597 ns, Total: 241382 ns
[2023-10-12T08:19:11.456+0000][7][safepoint   ] Safepoint "Cleanup", Time since last: 2000626482 ns, Reaching safepoint: 456953 ns, At safepoint: 12794 ns, Total: 469747 ns
[2023-10-12T08:19:12.457+0000][7][safepoint   ] Safepoint "Cleanup", Time since last: 1000673965 ns, Reaching safepoint: 413030 ns, At safepoint: 20610 ns, Total: 433640 ns
[2023-10-12T08:19:16.459+0000][7][safepoint   ] Safepoint "Cleanup", Time since last: 4001036450 ns, Reaching safepoint: 566653 ns, At safepoint: 12624 ns, Total: 579277 ns
[2023-10-12T08:19:17.460+0000][7][safepoint   ] Safepoint "Cleanup", Time since last: 1000554678 ns, Reaching safepoint: 246320 ns, At safepoint: 16512 ns, Total: 262832 ns
[2023-10-12T08:19:19.461+0000][7][safepoint   ] Safepoint "Cleanup", Time since last: 2001111409 ns, Reaching safepoint: 500637 ns, At safepoint: 15259 ns, Total: 515896 ns
[2023-10-12T08:19:22.313+0000][7][safepoint   ] Safepoint "Cleanup", Time since last: 2850812248 ns, Reaching safepoint: 397970 ns, At safepoint: 48984 ns, Total: 446954 ns
[2023-10-12T08:19:23.314+0000][7][safepoint   ] Safepoint "Cleanup", Time since last: 1000724041 ns, Reaching safepoint: 621839 ns, At safepoint: 16852 ns, Total: 638691 ns
[2023-10-12T08:19:27.316+0000][7][safepoint   ] Safepoint "Cleanup", Time since last: 4001563708 ns, Reaching safepoint: 523480 ns, At safepoint: 7234 ns, Total: 530714 ns
[2023-10-12T08:19:28.317+0000][7][safepoint   ] Safepoint "Cleanup", Time since last: 1000841024 ns, Reaching safepoint: 486791 ns, At safepoint: 22874 ns, Total: 509665 ns
[2023-10-12T08:19:29.319+0000][7][safepoint   ] Safepoint "Cleanup", Time since last: 1001019556 ns, Reaching safepoint: 500687 ns, At safepoint: 12795 ns, Total: 513482 ns
[2023-10-12T08:19:30.320+0000][7][safepoint   ] Safepoint "Cleanup", Time since last: 1000678333 ns, Reaching safepoint: 507350 ns, At safepoint: 20680 ns, Total: 528030 ns
[2023-10-12T08:19:31.322+0000][7][safepoint   ] Safepoint "Cleanup", Time since last: 1001191434 ns, Reaching safepoint: 442075 ns, At safepoint: 10701 ns, Total: 452776 ns
[2023-10-12T08:19:32.323+0000][7][safepoint   ] Safepoint "Cleanup", Time since last: 1000624851 ns, Reaching safepoint: 540604 ns, At safepoint: 16912 ns, Total: 557516 ns
[2023-10-12T08:19:36.326+0000][7][safepoint   ] Safepoint "Cleanup", Time since last: 4002377433 ns, Reaching safepoint: 550042 ns, At safepoint: 17102 ns, Total: 567144 ns
[2023-10-12T08:19:37.328+0000][7][safepoint   ] Safepoint "Cleanup", Time since last: 1001147992 ns, Reaching safepoint: 518711 ns, At safepoint: 18315 ns, Total: 537026 ns
[2023-10-12T08:19:38.329+0000][7][safepoint   ] Safepoint "Cleanup", Time since last: 1000858168 ns, Reaching safepoint: 476360 ns, At safepoint: 13967 ns, Total: 490327 ns
[2023-10-12T08:19:41.331+0000][7][safepoint   ] Safepoint "Cleanup", Time since last: 3001568720 ns, Reaching safepoint: 551855 ns, At safepoint: 16531 ns, Total: 568386 ns
[2023-10-12T08:19:43.333+0000][7][safepoint   ] Safepoint "Cleanup", Time since last: 2001558844 ns, Reaching safepoint: 556524 ns, At safepoint: 13947 ns, Total: 570471 ns
[2023-10-12T08:19:44.335+0000][7][safepoint   ] Safepoint "Cleanup", Time since last: 1000938791 ns, Reaching safepoint: 456874 ns, At safepoint: 14337 ns, Total: 471211 ns
[2023-10-12T08:19:51.679+0000][7][gc,start    ] GC(20) Pause Young (Normal) (G1 Evacuation Pause)
[2023-10-12T08:19:51.679+0000][7][gc,task     ] GC(20) Using 10 workers of 10 for evacuation
[2023-10-12T08:19:51.679+0000][7][gc,age      ] GC(20) Desired survivor size 20971520 bytes, new threshold 4 (max threshold 15)
[2023-10-12T08:19:51.693+0000][7][gc,age      ] GC(20) Age table with threshold 4 (max threshold 15)
[2023-10-12T08:19:51.694+0000][7][gc,age      ] GC(20) - age   1:    4661928 bytes,    4661928 total
[2023-10-12T08:19:51.694+0000][7][gc,age      ] GC(20) - age   2:    3570432 bytes,    8232360 total
[2023-10-12T08:19:51.694+0000][7][gc,age      ] GC(20) - age   3:   14002168 bytes,   22234528 total
[2023-10-12T08:19:51.694+0000][7][gc,age      ] GC(20) - age   4:     450704 bytes,   22685232 total
[2023-10-12T08:19:51.695+0000][7][gc,phases   ] GC(20)   Pre Evacuate Collection Set: 0.5ms
[2023-10-12T08:19:51.695+0000][7][gc,phases   ] GC(20)   Merge Heap Roots: 0.3ms
[2023-10-12T08:19:51.695+0000][7][gc,phases   ] GC(20)   Evacuate Collection Set: 10.7ms
[2023-10-12T08:19:51.695+0000][7][gc,phases   ] GC(20)   Post Evacuate Collection Set: 2.3ms
[2023-10-12T08:19:51.695+0000][7][gc,phases   ] GC(20)   Other: 2.4ms
[2023-10-12T08:19:51.696+0000][7][gc,heap     ] GC(20) Eden regions: 70->0(70)
[2023-10-12T08:19:51.696+0000][7][gc,heap     ] GC(20) Survivor regions: 6->6(10)
[2023-10-12T08:19:51.696+0000][7][gc,heap     ] GC(20) Old regions: 10->12
[2023-10-12T08:19:51.696+0000][7][gc,heap     ] GC(20) Archive regions: 2->2
[2023-10-12T08:19:51.697+0000][7][gc,heap     ] GC(20) Humongous regions: 2->2
[2023-10-12T08:19:51.697+0000][7][gc,metaspace] GC(20) Metaspace: 108151K(109888K)->108151K(109888K) NonClass: 92991K(94016K)->92991K(94016K) Class: 15159K(15872K)->15159K(15872K)
[2023-10-12T08:19:51.697+0000][7][gc          ] GC(20) Pause Young (Normal) (G1 Evacuation Pause) 355M->80M(512M) 18.434ms
[2023-10-12T08:19:51.697+0000][7][gc,cpu      ] GC(20) User=0.10s Sys=0.00s Real=0.02s
[2023-10-12T08:19:51.698+0000][7][safepoint   ] Safepoint "G1CollectForAllocation", Time since last: 7343010794 ns, Reaching safepoint: 563808 ns, At safepoint: 19061494 ns, Total: 19625302 ns
[2023-10-12T08:19:53.699+0000][7][safepoint   ] Safepoint "Cleanup", Time since last: 2000761369 ns, Reaching safepoint: 446744 ns, At safepoint: 6723 ns, Total: 453467 ns
[2023-10-12T08:20:00.701+0000][7][safepoint   ] Safepoint "Cleanup", Time since last: 7001626059 ns, Reaching safepoint: 504654 ns, At safepoint: 20970 ns, Total: 525624 ns
[2023-10-12T08:20:08.704+0000][7][safepoint   ] Safepoint "Cleanup", Time since last: 8002367404 ns, Reaching safepoint: 705368 ns, At safepoint: 18425 ns, Total: 723793 ns
[2023-10-12T08:20:30.712+0000][7][safepoint   ] Safepoint "Cleanup", Time since last: 22007562284 ns, Reaching safepoint: 411636 ns, At safepoint: 8026 ns, Total: 419662 ns
[2023-10-12T08:20:32.714+0000][7][safepoint   ] Safepoint "Cleanup", Time since last: 2001288446 ns, Reaching safepoint: 652137 ns, At safepoint: 20209 ns, Total: 672346 ns
[2023-10-12T08:20:33.716+0000][7][safepoint   ] Safepoint "Cleanup", Time since last: 1001042460 ns, Reaching safepoint: 584427 ns, At safepoint: 17463 ns, Total: 601890 ns
[2023-10-12T08:20:34.716+0000][7][safepoint   ] Safepoint "Cleanup", Time since last: 1000698362 ns, Reaching safepoint: 230792 ns, At safepoint: 8155 ns, Total: 238947 ns
[2023-10-12T08:20:59.724+0000][7][safepoint   ] Safepoint "Cleanup", Time since last: 25007390056 ns, Reaching safepoint: 435683 ns, At safepoint: 12925 ns, Total: 448608 ns
[2023-10-12T08:21:00.725+0000][7][safepoint   ] Safepoint "Cleanup", Time since last: 1000589754 ns, Reaching safepoint: 277961 ns, At safepoint: 15380 ns, Total: 293341 ns
[2023-10-12T08:21:03.726+0000][7][safepoint   ] Safepoint "Cleanup", Time since last: 3001114151 ns, Reaching safepoint: 302598 ns, At safepoint: 14257 ns, Total: 316855 ns
[2023-10-12T08:21:04.727+0000][7][safepoint   ] Safepoint "Cleanup", Time since last: 1000637517 ns, Reaching safepoint: 218738 ns, At safepoint: 7053 ns, Total: 225791 ns
[2023-10-12T08:21:30.735+0000][7][safepoint   ] Safepoint "Cleanup", Time since last: 26006879778 ns, Reaching safepoint: 412659 ns, At safepoint: 13426 ns, Total: 426085 ns
[2023-10-12T08:21:32.736+0000][7][safepoint   ] Safepoint "Cleanup", Time since last: 2001126317 ns, Reaching safepoint: 427818 ns, At safepoint: 11832 ns, Total: 439650 ns
[2023-10-12T08:21:34.737+0000][7][safepoint   ] Safepoint "Cleanup", Time since last: 2000900516 ns, Reaching safepoint: 225050 ns, At safepoint: 7535 ns, Total: 232585 ns
[2023-10-12T08:21:42.740+0000][7][safepoint   ] Safepoint "Cleanup", Time since last: 8001861846 ns, Reaching safepoint: 567695 ns, At safepoint: 18966 ns, Total: 586661 ns
[2023-10-12T08:21:47.742+0000][7][safepoint   ] Safepoint "Cleanup", Time since last: 5001865703 ns, Reaching safepoint: 422046 ns, At safepoint: 14358 ns, Total: 436404 ns
[2023-10-12T08:21:55.745+0000][7][safepoint   ] Safepoint "Cleanup", Time since last: 8002431075 ns, Reaching safepoint: 550782 ns, At safepoint: 56138 ns, Total: 606920 ns
[2023-10-12T08:21:58.747+0000][7][safepoint   ] Safepoint "Cleanup", Time since last: 3001115293 ns, Reaching safepoint: 299853 ns, At safepoint: 6984 ns, Total: 306837 ns
[2023-10-12T08:22:01.749+0000][7][safepoint   ] Safepoint "Cleanup", Time since last: 3001530717 ns, Reaching safepoint: 634503 ns, At safepoint: 16963 ns, Total: 651466 ns
[2023-10-12T08:22:02.750+0000][7][safepoint   ] Safepoint "Cleanup", Time since last: 1000852326 ns, Reaching safepoint: 587663 ns, At safepoint: 37181 ns, Total: 624844 ns
[2023-10-12T08:22:13.753+0000][7][safepoint   ] Safepoint "Cleanup", Time since last: 11002740157 ns, Reaching safepoint: 477603 ns, At safepoint: 13335 ns, Total: 490938 ns
[2023-10-12T08:22:15.755+0000][7][safepoint   ] Safepoint "Cleanup", Time since last: 2000882572 ns, Reaching safepoint: 423730 ns, At safepoint: 12363 ns, Total: 436093 ns
[2023-10-12T08:22:22.758+0000][7][safepoint   ] Safepoint "Cleanup", Time since last: 7002487616 ns, Reaching safepoint: 551885 ns, At safepoint: 14868 ns, Total: 566753 ns
[2023-10-12T08:22:31.762+0000][7][safepoint   ] Safepoint "Cleanup", Time since last: 9003254576 ns, Reaching safepoint: 635335 ns, At safepoint: 20028 ns, Total: 655363 ns
[2023-10-12T08:22:32.763+0000][7][safepoint   ] Safepoint "Cleanup", Time since last: 1000667994 ns, Reaching safepoint: 486189 ns, At safepoint: 20980 ns, Total: 507169 ns
[2023-10-12T08:22:36.765+0000][7][safepoint   ] Safepoint "Cleanup", Time since last: 4001842621 ns, Reaching safepoint: 503563 ns, At safepoint: 13806 ns, Total: 517369 ns
[2023-10-12T08:22:52.771+0000][7][safepoint   ] Safepoint "Cleanup", Time since last: 16005268035 ns, Reaching safepoint: 545723 ns, At safepoint: 14648 ns, Total: 560371 ns
[2023-10-12T08:22:53.773+0000][7][safepoint   ] Safepoint "Cleanup", Time since last: 1001004107 ns, Reaching safepoint: 622870 ns, At safepoint: 17995 ns, Total: 640865 ns
[2023-10-12T08:22:55.774+0000][7][safepoint   ] Safepoint "Cleanup", Time since last: 2000856532 ns, Reaching safepoint: 486479 ns, At safepoint: 22594 ns, Total: 509073 ns
[2023-10-12T08:22:58.776+0000][7][safepoint   ] Safepoint "Cleanup", Time since last: 3001252926 ns, Reaching safepoint: 508923 ns, At safepoint: 13836 ns, Total: 522759 ns
[2023-10-12T08:23:07.780+0000][7][safepoint   ] Safepoint "Cleanup", Time since last: 9003467123 ns, Reaching safepoint: 680651 ns, At safepoint: 25569 ns, Total: 706220 ns
[2023-10-12T08:23:12.782+0000][7][safepoint   ] Safepoint "Cleanup", Time since last: 5001370174 ns, Reaching safepoint: 445682 ns, At safepoint: 7224 ns, Total: 452906 ns
[2023-10-12T08:23:13.783+0000][7][safepoint   ] Safepoint "Cleanup", Time since last: 1000549478 ns, Reaching safepoint: 219048 ns, At safepoint: 7034 ns, Total: 226082 ns
[2023-10-12T08:23:14.784+0000][7][safepoint   ] Safepoint "Cleanup", Time since last: 1000565959 ns, Reaching safepoint: 420854 ns, At safepoint: 18896 ns, Total: 439750 ns
[2023-10-12T08:23:20.785+0000][7][safepoint   ] Safepoint "Cleanup", Time since last: 6001521322 ns, Reaching safepoint: 215762 ns, At safepoint: 7805 ns, Total: 223567 ns
[2023-10-12T08:23:27.788+0000][7][safepoint   ] Safepoint "Cleanup", Time since last: 7001854045 ns, Reaching safepoint: 544881 ns, At safepoint: 17183 ns, Total: 562064 ns
[2023-10-12T08:23:42.790+0000][7][safepoint   ] Safepoint "Cleanup", Time since last: 15002994842 ns, Reaching safepoint: 468416 ns, At safepoint: 12514 ns, Total: 480930 ns
[2023-10-12T08:23:47.792+0000][7][safepoint   ] Safepoint "Cleanup", Time since last: 5001272578 ns, Reaching safepoint: 417869 ns, At safepoint: 12344 ns, Total: 430213 ns
[2023-10-12T08:23:58.795+0000][7][safepoint   ] Safepoint "Cleanup", Time since last: 11002183924 ns, Reaching safepoint: 529382 ns, At safepoint: 7674 ns, Total: 537056 ns
[2023-10-12T08:24:02.796+0000][7][safepoint   ] Safepoint "Cleanup", Time since last: 4000994971 ns, Reaching safepoint: 409403 ns, At safepoint: 12414 ns, Total: 421817 ns
[2023-10-12T08:24:17.801+0000][7][safepoint   ] Safepoint "Cleanup", Time since last: 15003371353 ns, Reaching safepoint: 496338 ns, At safepoint: 12674 ns, Total: 509012 ns
[2023-10-12T08:24:44.811+0000][7][safepoint   ] Safepoint "Cleanup", Time since last: 27009006972 ns, Reaching safepoint: 794839 ns, At safepoint: 14448 ns, Total: 809287 ns
[2023-10-12T08:25:00.816+0000][7][safepoint   ] Safepoint "Cleanup", Time since last: 16004643963 ns, Reaching safepoint: 516056 ns, At safepoint: 14257 ns, Total: 530313 ns
[2023-10-12T08:25:17.820+0000][7][safepoint   ] Safepoint "Cleanup", Time since last: 17004046708 ns, Reaching safepoint: 283602 ns, At safepoint: 7835 ns, Total: 291437 ns
[2023-10-12T08:25:25.823+0000][7][safepoint   ] Safepoint "Cleanup", Time since last: 8002006343 ns, Reaching safepoint: 560432 ns, At safepoint: 14287 ns, Total: 574719 ns
[2023-10-12T08:25:26.824+0000][7][safepoint   ] Safepoint "Cleanup", Time since last: 1000883025 ns, Reaching safepoint: 462364 ns, At safepoint: 12874 ns, Total: 475238 ns
[2023-10-12T08:25:28.826+0000][7][safepoint   ] Safepoint "Cleanup", Time since last: 2001558644 ns, Reaching safepoint: 602051 ns, At safepoint: 15409 ns, Total: 617460 ns
[2023-10-12T08:25:30.828+0000][7][safepoint   ] Safepoint "Cleanup", Time since last: 2001448694 ns, Reaching safepoint: 527959 ns, At safepoint: 53162 ns, Total: 581121 ns
[2023-10-12T08:25:32.830+0000][7][safepoint   ] Safepoint "Cleanup", Time since last: 2000929190 ns, Reaching safepoint: 255358 ns, At safepoint: 6332 ns, Total: 261690 ns
[2023-10-12T08:25:59.839+0000][7][safepoint   ] Safepoint "Cleanup", Time since last: 27009025677 ns, Reaching safepoint: 615246 ns, At safepoint: 15981 ns, Total: 631227 ns
[2023-10-12T08:26:08.842+0000][7][safepoint   ] Safepoint "Cleanup", Time since last: 9002676401 ns, Reaching safepoint: 266088 ns, At safepoint: 7625 ns, Total: 273713 ns
[2023-10-12T08:26:15.844+0000][7][safepoint   ] Safepoint "Cleanup", Time since last: 7001935440 ns, Reaching safepoint: 320273 ns, At safepoint: 7895 ns, Total: 328168 ns
[2023-10-12T08:26:30.849+0000][7][safepoint   ] Safepoint "Cleanup", Time since last: 15004538814 ns, Reaching safepoint: 224579 ns, At safepoint: 6393 ns, Total: 230972 ns
[2023-10-12T08:26:31.949+0000][7][gc,start    ] GC(21) Pause Young (Normal) (G1 Evacuation Pause)
[2023-10-12T08:26:31.949+0000][7][gc,task     ] GC(21) Using 10 workers of 10 for evacuation
[2023-10-12T08:26:31.950+0000][7][gc,age      ] GC(21) Desired survivor size 20971520 bytes, new threshold 3 (max threshold 15)
[2023-10-12T08:26:31.960+0000][7][gc,age      ] GC(21) Age table with threshold 3 (max threshold 15)
[2023-10-12T08:26:31.961+0000][7][gc,age      ] GC(21) - age   1:      18712 bytes,      18712 total
[2023-10-12T08:26:31.961+0000][7][gc,age      ] GC(21) - age   2:    4546824 bytes,    4565536 total
[2023-10-12T08:26:31.961+0000][7][gc,age      ] GC(21) - age   3:    3569592 bytes,    8135128 total
[2023-10-12T08:26:31.962+0000][7][gc,phases   ] GC(21)   Pre Evacuate Collection Set: 0.3ms
[2023-10-12T08:26:31.962+0000][7][gc,phases   ] GC(21)   Merge Heap Roots: 0.2ms
[2023-10-12T08:26:31.962+0000][7][gc,phases   ] GC(21)   Evacuate Collection Set: 8.3ms
[2023-10-12T08:26:31.962+0000][7][gc,phases   ] GC(21)   Post Evacuate Collection Set: 1.4ms
[2023-10-12T08:26:31.962+0000][7][gc,phases   ] GC(21)   Other: 2.7ms
[2023-10-12T08:26:31.963+0000][7][gc,heap     ] GC(21) Eden regions: 70->0(73)
[2023-10-12T08:26:31.963+0000][7][gc,heap     ] GC(21) Survivor regions: 6->3(10)
[2023-10-12T08:26:31.963+0000][7][gc,heap     ] GC(21) Old regions: 12->15
[2023-10-12T08:26:31.963+0000][7][gc,heap     ] GC(21) Archive regions: 2->2
[2023-10-12T08:26:31.963+0000][7][gc,heap     ] GC(21) Humongous regions: 2->2
[2023-10-12T08:26:31.963+0000][7][gc,metaspace] GC(21) Metaspace: 108365K(110080K)->108365K(110080K) NonClass: 93203K(94208K)->93203K(94208K) Class: 15162K(15872K)->15162K(15872K)
[2023-10-12T08:26:31.963+0000][7][gc          ] GC(21) Pause Young (Normal) (G1 Evacuation Pause) 360M->80M(512M) 14.758ms
[2023-10-12T08:26:31.964+0000][7][gc,cpu      ] GC(21) User=0.07s Sys=0.01s Real=0.02s
[2023-10-12T08:26:31.964+0000][7][safepoint   ] Safepoint "G1CollectForAllocation", Time since last: 1099261273 ns, Reaching safepoint: 197587 ns, At safepoint: 15128587 ns, Total: 15326174 ns
[2023-10-12T08:26:32.965+0000][7][safepoint   ] Safepoint "Cleanup", Time since last: 1000335639 ns, Reaching safepoint: 611188 ns, At safepoint: 13616 ns, Total: 624804 ns
[2023-10-12T08:26:48.971+0000][7][safepoint   ] Safepoint "Cleanup", Time since last: 16005431768 ns, Reaching safepoint: 381800 ns, At safepoint: 18084 ns, Total: 399884 ns
[2023-10-12T08:27:00.976+0000][7][safepoint   ] Safepoint "Cleanup", Time since last: 12004988492 ns, Reaching safepoint: 531817 ns, At safepoint: 13015 ns, Total: 544832 ns
[2023-10-12T08:27:01.977+0000][7][safepoint   ] Safepoint "Cleanup", Time since last: 1000827699 ns, Reaching safepoint: 252092 ns, At safepoint: 6773 ns, Total: 258865 ns
[2023-10-12T08:27:33.987+0000][7][safepoint   ] Safepoint "Cleanup", Time since last: 32009276653 ns, Reaching safepoint: 470750 ns, At safepoint: 12554 ns, Total: 483304 ns
[2023-10-12T08:27:42.990+0000][7][safepoint   ] Safepoint "Cleanup", Time since last: 9002511065 ns, Reaching safepoint: 250228 ns, At safepoint: 7504 ns, Total: 257732 ns
[2023-10-12T08:28:00.996+0000][7][safepoint   ] Safepoint "Cleanup", Time since last: 18005331822 ns, Reaching safepoint: 567054 ns, At safepoint: 18395 ns, Total: 585449 ns
[2023-10-12T08:28:31.005+0000][7][safepoint   ] Safepoint "Cleanup", Time since last: 30008280355 ns, Reaching safepoint: 646035 ns, At safepoint: 18065 ns, Total: 664100 ns
[2023-10-12T08:30:31.035+0000][7][safepoint   ] Safepoint "Cleanup", Time since last: 120029045037 ns, Reaching safepoint: 616989 ns, At safepoint: 14628 ns, Total: 631617 ns
[2023-10-12T08:30:32.036+0000][7][safepoint   ] Safepoint "Cleanup", Time since last: 1000987996 ns, Reaching safepoint: 227785 ns, At safepoint: 6653 ns, Total: 234438 ns
[2023-10-12T08:31:34.050+0000][7][safepoint   ] Safepoint "Cleanup", Time since last: 62014105691 ns, Reaching safepoint: 416196 ns, At safepoint: 7334 ns, Total: 423530 ns
[2023-10-12T08:31:53.056+0000][7][safepoint   ] Safepoint "Cleanup", Time since last: 19004997469 ns, Reaching safepoint: 541466 ns, At safepoint: 31059 ns, Total: 572525 ns
[2023-10-12T08:31:54.056+0000][7][safepoint   ] Safepoint "Cleanup", Time since last: 1000565278 ns, Reaching safepoint: 280496 ns, At safepoint: 5521 ns, Total: 286017 ns
[2023-10-12T08:31:55.921+0000][7][gc,heap,exit] Heap
[2023-10-12T08:31:55.921+0000][7][gc,heap,exit]  garbage-first heap   total 524288K, used 332146K [0x00000000e0000000, 0x0000000100000000)
[2023-10-12T08:31:55.922+0000][7][gc,heap,exit]   region size 4096K, 64 young (262144K), 3 survivors (12288K)
[2023-10-12T08:31:55.922+0000][7][gc,heap,exit]  Metaspace       used 109181K, committed 110912K, reserved 1146880K
[2023-10-12T08:31:55.922+0000][7][gc,heap,exit]   class space    used 15301K, committed 16000K, reserved 1048576K
